[    0.000000] Initializing cgroup subsys cpuset
[    0.000000] Initializing cgroup subsys cpu
[    0.000000] Initializing cgroup subsys cpuacct
[    0.000000] Linux version 4.4.0-186-generic (buildd@lcy01-amd64-002) (gcc version 5.4.0 20160609 (Ubuntu 5.4.0-6ubuntu1~16.04.12) ) #216-Ubuntu SMP Wed Jul 1 05:34:05 UTC 2020 (Ubuntu 4.4.0-186.216-generic 4.4.228)
[    0.000000] Command line: BOOT_IMAGE=/boot/vmlinuz-4.4.0-186-generic root=LABEL=cloudimg-rootfs ro console=tty1 console=ttyS0
[    0.000000] KERNEL supported cpus:
[    0.000000]   Intel GenuineIntel
[    0.000000]   AMD AuthenticAMD
[    0.000000]   Centaur CentaurHauls
[    0.000000] ------------[ cut here ]------------
[    0.000000] WARNING: CPU: 0 PID: 0 at /build/linux-OgLptz/linux-4.4.0/arch/x86/kernel/fpu/xstate.c:517 fpu__init_system_xstate+0x37e/0x764()
[    0.000000] XSAVE consistency problem, dumping leaves
[    0.000000] Modules linked in:
[    0.000000] CPU: 0 PID: 0 Comm: swapper Not tainted 4.4.0-186-generic #216-Ubuntu
[    0.000000]  0000000000000086 c410e2f3d5183172 ffffffff81e03d80 ffffffff8140ebbb
[    0.000000]  ffffffff81e03dc8 ffffffff81cb4178 ffffffff81e03db8 ffffffff810864b2
[    0.000000]  0000000000000008 0000000000000340 0000000000000100 ffffffff81e03e4c
[    0.000000] Call Trace:
[    0.000000]  [<ffffffff8140ebbb>] dump_stack+0x6d/0x92
[    0.000000]  [<ffffffff810864b2>] warn_slowpath_common+0x82/0xc0
[    0.000000]  [<ffffffff8108654c>] warn_slowpath_fmt+0x5c/0x80
[    0.000000]  [<ffffffff81081fa6>] ? xfeature_size+0x59/0x77
[    0.000000]  [<ffffffff81f78585>] fpu__init_system_xstate+0x37e/0x764
[    0.000000]  [<ffffffff81f68120>] ? early_idt_handler_array+0x120/0x120
[    0.000000]  [<ffffffff81f77f8e>] fpu__init_system+0x1e7/0x28e
[    0.000000]  [<ffffffff81f792ad>] early_cpu_init+0x330/0x335
[    0.000000]  [<ffffffff81f792ad>] ? early_cpu_init+0x330/0x335
[    0.000000]  [<ffffffff81f74535>] setup_arch+0xc0/0xd1f
[    0.000000]  [<ffffffff81f68120>] ? early_idt_handler_array+0x120/0x120
[    0.000000]  [<ffffffff81f68c16>] start_kernel+0xe2/0x4a7
[    0.000000]  [<ffffffff81f68120>] ? early_idt_handler_array+0x120/0x120
[    0.000000]  [<ffffffff81f682da>] x86_64_start_reservations+0x2a/0x2c
[    0.000000]  [<ffffffff81f68426>] x86_64_start_kernel+0x14a/0x16d
[    0.000000] ---[ end trace 4d5ff9f2f68c4233 ]---
[    0.000000] CPUID[0d, 00]: eax=00000007 ebx=00000440 ecx=00000440 edx=00000000
[    0.000000] CPUID[0d, 01]: eax=00000000 ebx=000003c0 ecx=00000000 edx=00000000
[    0.000000] CPUID[0d, 02]: eax=00000100 ebx=00000240 ecx=00000000 edx=00000000
[    0.000000] CPUID[0d, 03]: eax=00000000 ebx=00000000 ecx=00000000 edx=00000000
[    0.000000] CPUID[0d, 04]: eax=00000000 ebx=00000000 ecx=00000000 edx=00000000
[    0.000000] CPUID[0d, 05]: eax=00000000 ebx=00000000 ecx=00000000 edx=00000000
[    0.000000] CPUID[0d, 06]: eax=00000000 ebx=00000000 ecx=00000000 edx=00000000
[    0.000000] CPUID[0d, 07]: eax=00000000 ebx=00000000 ecx=00000000 edx=00000000
[    0.000000] CPUID[0d, 08]: eax=00000000 ebx=00000000 ecx=00000000 edx=00000000
[    0.000000] CPUID[0d, 09]: eax=00000000 ebx=00000000 ecx=00000000 edx=00000000
[    0.000000] CPUID[0d, 0a]: eax=00000000 ebx=00000000 ecx=00000000 edx=00000000
[    0.000000] CPUID[0d, 0b]: eax=00000000 ebx=00000000 ecx=00000000 edx=00000000
[    0.000000] CPUID[0d, 0c]: eax=00000000 ebx=00000000 ecx=00000000 edx=00000000
[    0.000000] CPUID[0d, 0d]: eax=00000000 ebx=00000000 ecx=00000000 edx=00000000
[    0.000000] CPUID[0d, 0e]: eax=00000000 ebx=00000000 ecx=00000000 edx=00000000
[    0.000000] CPUID[0d, 0f]: eax=00000000 ebx=00000000 ecx=00000000 edx=00000000
[    0.000000] CPUID[0d, 10]: eax=00000000 ebx=00000000 ecx=00000000 edx=00000000
[    0.000000] CPUID[0d, 11]: eax=00000000 ebx=00000000 ecx=00000000 edx=00000000
[    0.000000] x86/fpu: xstate_offset[2]:  576, xstate_sizes[2]:  256
[    0.000000] x86/fpu: Supporting XSAVE feature 0x01: 'x87 floating point registers'
[    0.000000] x86/fpu: Supporting XSAVE feature 0x02: 'SSE registers'
[    0.000000] x86/fpu: Supporting XSAVE feature 0x04: 'AVX registers'
[    0.000000] x86/fpu: Enabled xstate features 0x7, context size is 1088 bytes, using 'standard' format.
[    0.000000] e820: BIOS-provided physical RAM map:
[    0.000000] BIOS-e820: [mem 0x0000000000000000-0x000000000009fbff] usable
[    0.000000] BIOS-e820: [mem 0x000000000009fc00-0x000000000009ffff] reserved
[    0.000000] BIOS-e820: [mem 0x00000000000f0000-0x00000000000fffff] reserved
[    0.000000] BIOS-e820: [mem 0x0000000000100000-0x000000003ffeffff] usable
[    0.000000] BIOS-e820: [mem 0x000000003fff0000-0x000000003fffffff] ACPI data
[    0.000000] BIOS-e820: [mem 0x00000000fec00000-0x00000000fec00fff] reserved
[    0.000000] BIOS-e820: [mem 0x00000000fee00000-0x00000000fee00fff] reserved
[    0.000000] BIOS-e820: [mem 0x00000000fffc0000-0x00000000ffffffff] reserved
[    0.000000] NX (Execute Disable) protection: active
[    0.000000] SMBIOS 2.5 present.
[    0.000000] Hypervisor detected: KVM
[    0.000000] e820: last_pfn = 0x3fff0 max_arch_pfn = 0x400000000
[    0.000000] MTRR: Disabled
[    0.000000] x86/PAT: MTRRs disabled, skipping PAT initialization too.
[    0.000000] CPU MTRRs all blank - virtualized system.
[    0.000000] x86/PAT: Configuration [0-7]: WB  WT  UC- UC  WB  WT  UC- UC  
[    0.000000] found SMP MP-table at [mem 0x0009fff0-0x0009ffff] mapped at [ffff88000009fff0]
[    0.000000] Scanning 1 areas for low memory corruption
[    0.000000] RAMDISK: [mem 0x362e2000-0x37168fff]
[    0.000000] ACPI: Early table checksum verification disabled
[    0.000000] ACPI: RSDP 0x00000000000E0000 000024 (v02 VBOX  )
[    0.000000] ACPI: XSDT 0x000000003FFF0030 00003C (v01 VBOX   VBOXXSDT 00000001 ASL  00000061)
[    0.000000] ACPI: FACP 0x000000003FFF00F0 0000F4 (v04 VBOX   VBOXFACP 00000001 ASL  00000061)
[    0.000000] ACPI: DSDT 0x000000003FFF0470 0021FF (v02 VBOX   VBOXBIOS 00000002 INTL 20160108)
[    0.000000] ACPI: FACS 0x000000003FFF0200 000040
[    0.000000] ACPI: FACS 0x000000003FFF0200 000040
[    0.000000] ACPI: APIC 0x000000003FFF0240 00005C (v02 VBOX   VBOXAPIC 00000001 ASL  00000061)
[    0.000000] ACPI: SSDT 0x000000003FFF02A0 0001CC (v01 VBOX   VBOXCPUT 00000002 INTL 20160108)
[    0.000000] No NUMA configuration found
[    0.000000] Faking a node at [mem 0x0000000000000000-0x000000003ffeffff]
[    0.000000] NODE_DATA(0) allocated [mem 0x3ffeb000-0x3ffeffff]
[    0.000000] kvm-clock: Using msrs 4b564d01 and 4b564d00
[    0.000000] kvm-clock: cpu 0, msr 0:3ffe3001, primary cpu clock
[    0.000000] kvm-clock: using sched offset of 3983668380 cycles
[    0.000000] clocksource: kvm-clock: mask: 0xffffffffffffffff max_cycles: 0x1cd42e4dffb, max_idle_ns: 881590591483 ns
[    0.000000] Zone ranges:
[    0.000000]   DMA      [mem 0x0000000000001000-0x0000000000ffffff]
[    0.000000]   DMA32    [mem 0x0000000001000000-0x000000003ffeffff]
[    0.000000]   Normal   empty
[    0.000000]   Device   empty
[    0.000000] Movable zone start for each node
[    0.000000] Early memory node ranges
[    0.000000]   node   0: [mem 0x0000000000001000-0x000000000009efff]
[    0.000000]   node   0: [mem 0x0000000000100000-0x000000003ffeffff]
[    0.000000] Initmem setup node 0 [mem 0x0000000000001000-0x000000003ffeffff]
[    0.000000] ACPI: PM-Timer IO Port: 0x4008
[    0.000000] IOAPIC[0]: apic_id 2, version 32, address 0xfec00000, GSI 0-23
[    0.000000] ACPI: INT_SRC_OVR (bus 0 bus_irq 0 global_irq 2 dfl dfl)
[    0.000000] ACPI: INT_SRC_OVR (bus 0 bus_irq 9 global_irq 9 high level)
[    0.000000] Using ACPI (MADT) for SMP configuration information
[    0.000000] smpboot: Allowing 2 CPUs, 0 hotplug CPUs
[    0.000000] PM: Registered nosave memory: [mem 0x00000000-0x00000fff]
[    0.000000] PM: Registered nosave memory: [mem 0x0009f000-0x0009ffff]
[    0.000000] PM: Registered nosave memory: [mem 0x000a0000-0x000effff]
[    0.000000] PM: Registered nosave memory: [mem 0x000f0000-0x000fffff]
[    0.000000] e820: [mem 0x40000000-0xfebfffff] available for PCI devices
[    0.000000] Booting paravirtualized kernel on KVM
[    0.000000] clocksource: refined-jiffies: mask: 0xffffffff max_cycles: 0xffffffff, max_idle_ns: 7645519600211568 ns
[    0.000000] setup_percpu: NR_CPUS:512 nr_cpumask_bits:512 nr_cpu_ids:2 nr_node_ids:1
[    0.000000] PERCPU: Embedded 33 pages/cpu @ffff88003fc00000 s95512 r8192 d31464 u1048576
[    0.000000] Built 1 zonelists in Node order, mobility grouping on.  Total pages: 257912
[    0.000000] Policy zone: DMA32
[    0.000000] Kernel command line: BOOT_IMAGE=/boot/vmlinuz-4.4.0-186-generic root=LABEL=cloudimg-rootfs ro console=tty1 console=ttyS0
[    0.000000] PID hash table entries: 4096 (order: 3, 32768 bytes)
[    0.000000] Memory: 997668K/1048120K available (8636K kernel code, 1337K rwdata, 4040K rodata, 1492K init, 1296K bss, 50452K reserved, 0K cma-reserved)
[    0.000000] SLUB: HWalign=64, Order=0-3, MinObjects=0, CPUs=2, Nodes=1
[    0.000000] Kernel/User page tables isolation: enabled
[    0.000000] Hierarchical RCU implementation.
[    0.000000] 	Build-time adjustment of leaf fanout to 64.
[    0.000000] 	RCU restricting CPUs from NR_CPUS=512 to nr_cpu_ids=2.
[    0.000000] RCU: Adjusting geometry for rcu_fanout_leaf=64, nr_cpu_ids=2
[    0.000000] NR_IRQS:33024 nr_irqs:440 16
[    0.000000] Console: colour VGA+ 80x25
[    0.000000] console [tty1] enabled
[    0.000000] console [ttyS0] enabled
[    0.000000] tsc: Detected 2208.002 MHz processor
[    1.225750] Calibrating delay loop (skipped) preset value.. 4416.00 BogoMIPS (lpj=8832008)
[    1.234990] pid_max: default: 32768 minimum: 301
[    1.236059] ACPI: Core revision 20150930
[    1.298705] ACPI: 2 ACPI AML tables successfully acquired and loaded
[    1.307946] Security Framework initialized
[    1.309784] Yama: becoming mindful.
[    1.313122] AppArmor: AppArmor initialized
[    1.314639] Dentry cache hash table entries: 131072 (order: 8, 1048576 bytes)
[    1.320210] Inode-cache hash table entries: 65536 (order: 7, 524288 bytes)
[    1.326312] Mount-cache hash table entries: 2048 (order: 2, 16384 bytes)
[    1.332597] Mountpoint-cache hash table entries: 2048 (order: 2, 16384 bytes)
[    1.335609] Initializing cgroup subsys io
[    1.338361] Initializing cgroup subsys memory
[    1.342611] Initializing cgroup subsys devices
[    1.344128] Initializing cgroup subsys freezer
[    1.346412] Initializing cgroup subsys net_cls
[    1.350333] Initializing cgroup subsys perf_event
[    1.351875] Initializing cgroup subsys net_prio
[    1.354476] Initializing cgroup subsys hugetlb
[    1.358628] Initializing cgroup subsys pids
[    1.388283] mce: CPU supports 0 MCE banks
[    1.390692] Last level iTLB entries: 4KB 64, 2MB 8, 4MB 8
[    1.394176] Last level dTLB entries: 4KB 64, 2MB 0, 4MB 0, 1GB 4
[    1.399004] Spectre V1 : Mitigation: usercopy/swapgs barriers and __user pointer sanitization
[    1.403669] Spectre V2 : Mitigation: Full generic retpoline
[    1.406110] Spectre V2 : Spectre v2 / SpectreRSB mitigation: Filling RSB on context switch
[    1.429944] Speculative Store Bypass: Vulnerable
[    1.431105] SRBDS: Unknown: Dependent on hypervisor status
[    1.432579] MDS: Vulnerable: Clear CPU buffers attempted, no microcode
[    1.437776] Freeing SMP alternatives memory: 36K
[    1.444518] ftrace: allocating 32334 entries in 127 pages
[    1.512637] smpboot: APIC(0) Converting physical 0 to logical package 0
[    1.514457] smpboot: Max logical packages: 1
[    1.516389] x2apic enabled
[    1.517447] Switched APIC routing to physical x2apic.
[    1.521172] ..TIMER: vector=0x30 apic1=0 pin1=2 apic2=-1 pin2=-1
[    1.632112] smpboot: CPU0: Intel(R) Core(TM) i3-8130U CPU @ 2.20GHz (family: 0x6, model: 0x8e, stepping: 0xa)
[    1.637354] Performance Events: unsupported p6 CPU model 142 no PMU driver, software events only.
[    1.652900] KVM setup paravirtual spinlock
[    1.655394] x86: Booting SMP configuration:
[    1.657003] .... node  #0, CPUs:      #1
[    1.658474] kvm-clock: cpu 1, msr 0:3ffe3041, secondary cpu clock
[    1.683054] mce: CPU supports 0 MCE banks
[    1.686389] x86: Booted up 1 node, 2 CPUs
[    1.724414] smpboot: Total of 2 processors activated (8832.00 BogoMIPS)
[    1.748823] devtmpfs: initialized
[    1.770478] evm: security.selinux
[    1.824439] evm: security.SMACK64
[    1.868406] evm: security.SMACK64EXEC
[    1.945270] evm: security.SMACK64TRANSMUTE
[    1.946225] evm: security.SMACK64MMAP
[    1.950047] evm: security.ima
[    1.960348] evm: security.capability
[    1.961419] clocksource: jiffies: mask: 0xffffffff max_cycles: 0xffffffff, max_idle_ns: 7645041785100000 ns
[    1.963786] futex hash table entries: 512 (order: 3, 32768 bytes)
[    1.985308] pinctrl core: initialized pinctrl subsystem
[    2.000724] RTC time: 22:28:28, date: 07/24/20
[    2.016053] NET: Registered protocol family 16
[    2.031550] cpuidle: using governor ladder
[    2.079428] cpuidle: using governor menu
[    2.087747] PCCT header not found.
[    2.089383] ACPI: bus type PCI registered
[    2.090797] acpiphp: ACPI Hot Plug PCI Controller Driver version: 0.5
[    2.093646] PCI: Using configuration type 1 for base access
[    2.111815] ACPI: Added _OSI(Module Device)
[    2.113524] ACPI: Added _OSI(Processor Device)
[    2.114912] ACPI: Added _OSI(3.0 _SCP Extensions)
[    2.116422] ACPI: Added _OSI(Processor Aggregator Device)
[    2.121310] ACPI: Executed 1 blocks of module-level executable AML code
[    2.130143] ACPI: Interpreter enabled
[    2.132197] ACPI: (supports S0 S5)
[    2.134647] ACPI: Using IOAPIC for interrupt routing
[    2.138219] PCI: Using host bridge windows from ACPI; if necessary, use "pci=nocrs" and report a bug
[    2.168238] ACPI: PCI Root Bridge [PCI0] (domain 0000 [bus 00-ff])
[    2.173765] acpi PNP0A03:00: _OSC: OS supports [ASPM ClockPM Segments MSI]
[    2.187966] acpi PNP0A03:00: _OSC: not requesting OS control; OS requires [ExtendedConfig ASPM ClockPM MSI]
[    2.247059] acpi PNP0A03:00: fail to add MMCONFIG information, can't access extended PCI configuration space under this bridge.
[    2.270298] PCI host bridge to bus 0000:00
[    2.278582] pci_bus 0000:00: root bus resource [io  0x0000-0x0cf7 window]
[    2.304623] pci_bus 0000:00: root bus resource [io  0x0d00-0xffff window]
[    2.334029] pci_bus 0000:00: root bus resource [mem 0x000a0000-0x000bffff window]
[    2.400934] pci_bus 0000:00: root bus resource [mem 0x40000000-0xffdfffff window]
[    2.488622] pci_bus 0000:00: root bus resource [bus 00-ff]
[    2.563157] pci 0000:00:01.1: legacy IDE quirk: reg 0x10: [io  0x01f0-0x01f7]
[    2.602306] pci 0000:00:01.1: legacy IDE quirk: reg 0x14: [io  0x03f6]
[    2.676158] pci 0000:00:01.1: legacy IDE quirk: reg 0x18: [io  0x0170-0x0177]
[    2.682478] pci 0000:00:01.1: legacy IDE quirk: reg 0x1c: [io  0x0376]
[    2.723467] pci 0000:00:07.0: quirk: [io  0x4000-0x403f] claimed by PIIX4 ACPI
[    2.814105] pci 0000:00:07.0: quirk: [io  0x4100-0x410f] claimed by PIIX4 SMB
[    2.918517] ACPI: PCI Interrupt Link [LNKA] (IRQs 5 9 10 *11)
[    2.986180] ACPI: PCI Interrupt Link [LNKB] (IRQs 5 9 10 *11)
[    3.077722] ACPI: PCI Interrupt Link [LNKC] (IRQs 5 9 *10 11)
[    3.096009] ACPI: PCI Interrupt Link [LNKD] (IRQs 5 *9 10 11)
[    3.217419] ACPI: Enabled 2 GPEs in block 00 to 07
[    3.283171] vgaarb: setting as boot device: PCI:0000:00:02.0
[    3.288540] vgaarb: device added: PCI:0000:00:02.0,decodes=io+mem,owns=io+mem,locks=none
[    3.336468] vgaarb: loaded
[    3.405599] vgaarb: bridge control possible 0000:00:02.0
[    3.451916] SCSI subsystem initialized
[    3.516867] ACPI: bus type USB registered
[    3.596595] usbcore: registered new interface driver usbfs
[    3.684637] usbcore: registered new interface driver hub
[    3.788616] usbcore: registered new device driver usb
[    3.875297] PCI: Using ACPI for IRQ routing
[    3.953936] NetLabel: Initializing
[    4.018455] NetLabel:  domain hash size = 128
[    4.092060] NetLabel:  protocols = UNLABELED CIPSOv4
[    4.198326] NetLabel:  unlabeled traffic allowed by default
[    4.336242] amd_nb: Cannot enumerate AMD northbridges
[    4.382510] clocksource: Switched to clocksource kvm-clock
[    4.395587] AppArmor: AppArmor Filesystem Enabled
[    4.397084] pnp: PnP ACPI init
[    4.399053] pnp: PnP ACPI: found 3 devices
[    4.410192] clocksource: acpi_pm: mask: 0xffffff max_cycles: 0xffffff, max_idle_ns: 2085701024 ns
[    4.413844] NET: Registered protocol family 2
[    4.418616] TCP established hash table entries: 8192 (order: 4, 65536 bytes)
[    4.421130] TCP bind hash table entries: 8192 (order: 5, 131072 bytes)
[    4.423335] TCP: Hash tables configured (established 8192 bind 8192)
[    4.425392] UDP hash table entries: 512 (order: 2, 16384 bytes)
[    4.426937] UDP-Lite hash table entries: 512 (order: 2, 16384 bytes)
[    4.428998] NET: Registered protocol family 1
[    4.430417] pci 0000:00:00.0: Limiting direct PCI/PCI transfers
[    4.432118] pci 0000:00:01.0: Activating ISA DMA hang workarounds
[    4.433808] Unpacking initramfs...
[    4.786705] Freeing initrd memory: 14876K
[    4.790364] clocksource: tsc: mask: 0xffffffffffffffff max_cycles: 0x1fd3ba1610f, max_idle_ns: 440795284337 ns
[    4.797558] platform rtc_cmos: registered platform RTC device (no PNP device found)
[    4.803904] Scanning for low memory corruption every 60 seconds
[    4.816977] audit: initializing netlink subsys (disabled)
[    4.818789] audit: type=2000 audit(1595629713.737:1): initialized
[    4.825105] Initialise system trusted keyring
[    4.826821] HugeTLB registered 2 MB page size, pre-allocated 0 pages
[    4.833167] zbud: loaded
[    4.837212] VFS: Disk quotas dquot_6.6.0
[    4.838838] VFS: Dquot-cache hash table entries: 512 (order 0, 4096 bytes)
[    4.845573] squashfs: version 4.0 (2009/01/31) Phillip Lougher
[    4.847635] fuse init (API version 7.23)
[    4.852526] Key type big_key registered
[    4.853671] Allocating IMA MOK and blacklist keyrings.
[    4.867755] Key type asymmetric registered
[    4.873908] Asymmetric key parser 'x509' registered
[    4.876063] Block layer SCSI generic (bsg) driver version 0.4 loaded (major 249)
[    4.882437] io scheduler noop registered
[    4.883767] io scheduler deadline registered (default)
[    4.885232] io scheduler cfq registered
[    4.886401] pci_hotplug: PCI Hot Plug PCI Core version: 0.5
[    4.889053] pciehp: PCI Express Hot Plug Controller Driver version: 0.4
[    4.894401] ACPI: AC Adapter [AC] (on-line)
[    4.895971] input: Power Button as /devices/LNXSYSTM:00/LNXPWRBN:00/input/input0
[    4.898784] ACPI: Power Button [PWRF]
[    4.901106] input: Sleep Button as /devices/LNXSYSTM:00/LNXSLPBN:00/input/input1
[    4.909419] ACPI: Sleep Button [SLPF]
[    4.917374] GHES: HEST is not enabled!
[    4.918018] ACPI: Battery Slot [BAT0] (battery present)
[    4.923494] Serial: 8250/16550 driver, 32 ports, IRQ sharing enabled
[    4.952282] 00:02: ttyS0 at I/O 0x3f8 (irq = 4, base_baud = 115200) is a 16550A
[    4.955715] Linux agpgart interface v0.103
[    4.973500] loop: module loaded
[    4.981248] scsi host0: ata_piix
[    4.985380] scsi host1: ata_piix
[    5.009517] ata1: PATA max UDMA/33 cmd 0x1f0 ctl 0x3f6 bmdma 0xd000 irq 14
[    5.024537] ata2: PATA max UDMA/33 cmd 0x170 ctl 0x376 bmdma 0xd008 irq 15
[    5.035685] libphy: Fixed MDIO Bus: probed
[    5.042484] tun: Universal TUN/TAP device driver, 1.6
[    5.044115] tun: (C) 1999-2004 Max Krasnyansky <maxk@qualcomm.com>
[    5.057912] PPP generic driver version 2.4.2
[    5.081291] ehci_hcd: USB 2.0 'Enhanced' Host Controller (EHCI) Driver
[    5.108417] ehci-pci: EHCI PCI platform driver
[    5.118801] ehci-platform: EHCI generic platform driver
[    5.119995] ohci_hcd: USB 1.1 'Open' Host Controller (OHCI) Driver
[    5.132433] ohci-pci: OHCI PCI platform driver
[    5.135701] ohci-platform: OHCI generic platform driver
[    5.157407] uhci_hcd: USB Universal Host Controller Interface driver
[    5.162691] i8042: PNP: PS/2 Controller [PNP0303:PS2K,PNP0f03:PS2M] at 0x60,0x64 irq 1,12
[    5.168741] serio: i8042 KBD port at 0x60,0x64 irq 1
[    5.181999] serio: i8042 AUX port at 0x60,0x64 irq 12
[    5.184617] mousedev: PS/2 mouse device common for all mice
[    5.186110] input: AT Translated Set 2 keyboard as /devices/platform/i8042/serio0/input/input2
[    5.232190] rtc_cmos rtc_cmos: rtc core: registered rtc_cmos as rtc0
[    5.275285] rtc_cmos rtc_cmos: alarms up to one day, 114 bytes nvram
[    5.276191] i2c /dev entries driver
[    5.289695] device-mapper: uevent: version 1.0.3
[    5.290609] device-mapper: ioctl: 4.34.0-ioctl (2015-10-28) initialised: dm-devel@redhat.com
[    5.292126] ledtrig-cpu: registered to indicate activity on CPUs
[    5.293528] NET: Registered protocol family 10
[    5.294545] NET: Registered protocol family 17
[    5.295394] Key type dns_resolver registered
[    5.296407] registered taskstats version 1
[    5.329614] Loading compiled-in X.509 certificates
[    5.342807] Loaded X.509 cert 'Build time autogenerated kernel key: cef5e81496c0efa51b848ab539e845ddf31c08be'
[    5.355306] zswap: loaded using pool lzo/zbud
[    5.364247] Key type trusted registered
[    5.382788] Key type encrypted registered
[    5.413004] AppArmor: AppArmor sha1 policy hashing enabled
[    5.414013] ima: No TPM chip found, activating TPM-bypass!
[    5.417356] ima: Allocated hash algorithm: sha1
[    5.418253] evm: HMAC attrs: 0x1
[    5.464115]   Magic number: 12:72:503
[    5.473292] rtc_cmos rtc_cmos: setting system clock to 2020-07-24 22:28:32 UTC (1595629712)
[    5.496567] BIOS EDD facility v0.16 2004-Jun-25, 0 devices found
[    5.497629] EDD information not available.
[    5.503365] Freeing unused kernel memory: 1492K
[    5.513309] Write protecting the kernel read-only data: 14336k
[    5.524495] Freeing unused kernel memory: 1592K
[    5.532526] Freeing unused kernel memory: 56K
Loading, please wait...
starting version[    5.548102] random: systemd-udevd: uninitialized urandom read (16 bytes read, 5 bits of entropy available)
 229
[    5.548637] random: udevadm: uninitialized urandom read (16 bytes read, 5 bits of entropy available)
[    5.548661] random: udevadm: uninitialized urandom read (16 bytes read, 5 bits of entropy available)
[    5.556307] random: udevadm: uninitialized urandom read (16 bytes read, 5 bits of entropy available)
[    5.556357] random: udevadm: uninitialized urandom read (16 bytes read, 5 bits of entropy available)
[    5.556488] random: udevadm: uninitialized urandom read (16 bytes read, 5 bits of entropy available)
[    5.556542] random: udevadm: uninitialized urandom read (16 bytes read, 5 bits of entropy available)
[    5.556593] random: udevadm: uninitialized urandom read (16 bytes read, 5 bits of entropy available)
[    5.556644] random: udevadm: uninitialized urandom read (16 bytes read, 5 bits of entropy available)
[    5.556693] random: udevadm: uninitialized urandom read (16 bytes read, 5 bits of entropy available)
[    5.898899] e1000: Intel(R) PRO/1000 Network Driver - version 7.3.21-k8-NAPI
[    5.935682] e1000: Copyright (c) 1999-2006 Intel Corporation.
[    5.941406] Fusion MPT base driver 3.04.20
[    5.992679] Copyright (c) 1999-2008 LSI Corporation
[    6.005081] Fusion MPT SPI Host driver 3.04.20
[    6.201725] input: ImExPS/2 Generic Explorer Mouse as /devices/platform/i8042/serio1/input/input4
[    6.278448] AVX version of gcm_enc/dec engaged.
[    6.314668] AES CTR mode by8 optimization enabled
[    6.501777] e1000 0000:00:03.0 eth0: (PCI:33MHz:32-bit) 02:d4:60:56:24:74
[    6.521899] e1000 0000:00:03.0 eth0: Intel(R) PRO/1000 Network Connection
[    7.085155] e1000 0000:00:08.0 eth1: (PCI:33MHz:32-bit) 08:00:27:7d:ed:a4
[    7.087088] e1000 0000:00:08.0 eth1: Intel(R) PRO/1000 Network Connection
[    7.091273] mptbase: ioc0: Initiating bringup
[    7.152624] ioc0: LSI53C1030 A0: Capabilities={Initiator}
[    7.336597] scsi host2: ioc0: LSI53C1030 A0, FwRev=00000000h, Ports=1, MaxQ=256, IRQ=20
[    7.481392] scsi 2:0:0:0: Direct-Access     VBOX     HARDDISK         1.0  PQ: 0 ANSI: 5
[    7.493225] scsi target2:0:0: Beginning Domain Validation
[    7.508684] scsi target2:0:0: Domain Validation skipping write tests
[    7.510885] scsi target2:0:0: Ending Domain Validation
[    7.527983] scsi target2:0:0: asynchronous
[    7.569293] scsi 2:0:1:0: Direct-Access     VBOX     HARDDISK         1.0  PQ: 0 ANSI: 5
[    7.589092] scsi target2:0:1: Beginning Domain Validation
[    7.648824] scsi target2:0:1: Domain Validation skipping write tests
[    7.697249] scsi target2:0:1: Ending Domain Validation
[    7.740060] scsi target2:0:1: asynchronous
[    7.846476] sd 2:0:0:0: Attached scsi generic sg0 type 0
[    7.884511] sd 2:0:1:0: [sdb] 20480 512-byte logical blocks: (10.5 MB/10.0 MiB)
[    7.895641] sd 2:0:1:0: Attached scsi generic sg1 type 0
[    7.901845] sd 2:0:0:0: [sda] 20971520 512-byte logical blocks: (10.7 GB/10.0 GiB)
[    7.959886] sd 2:0:1:0: [sdb] Write Protect is off
[    8.000747] sd 2:0:1:0: [sdb] Incomplete mode parameter data
[    8.036049] sd 2:0:1:0: [sdb] Assuming drive cache: write through
[    8.064615] sd 2:0:0:0: [sda] Write Protect is off
[    8.070812] sd 2:0:1:0: [sdb] Attached SCSI disk
[    8.148869] sd 2:0:0:0: [sda] Incomplete mode parameter data
[    8.179925] e1000 0000:00:09.0 eth2: (PCI:33MHz:32-bit) 08:00:27:51:b4:91
[    8.179927] e1000 0000:00:09.0 eth2: Intel(R) PRO/1000 Network Connection
[    8.271336] sd 2:0:0:0: [sda] Assuming drive cache: write through
[    8.311393]  sda: sda1
[    8.345790] sd 2:0:0:0: [sda] Attached SCSI disk
[    8.607290] e1000 0000:00:0a.0 eth3: (PCI:33MHz:32-bit) 08:00:27:0d:0e:4f
[    8.608638] e1000 0000:00:0a.0 eth3: Intel(R) PRO/1000 Network Connection
[    8.684258] e1000 0000:00:03.0 enp0s3: renamed from eth0
[    8.707547] e1000 0000:00:09.0 enp0s9: renamed from eth2
[    8.722370] e1000 0000:00:08.0 enp0s8: renamed from eth1
[    8.739467] e1000 0000:00:0a.0 enp0s10: renamed from eth3
Begin: Loading essential drivers ... [   10.377758] md: linear personality registered for level -1
[   10.439426] md: multipath personality registered for level -4
[   10.465347] md: raid0 personality registered for level 0
[   10.493397] md: raid1 personality registered for level 1
[   10.678331] raid6: sse2x1   gen()  4146 MB/s
[   10.747163] raid6: sse2x1   xor()  3042 MB/s
[   10.867142] raid6: sse2x2   gen()  3242 MB/s
[   11.003143] raid6: sse2x2   xor()  2747 MB/s
[   11.163140] raid6: sse2x4   gen()  5300 MB/s
[   11.275150] raid6: sse2x4   xor()  3566 MB/s
[   11.334817] raid6: using algorithm sse2x4 gen() 5300 MB/s
[   11.347556] raid6: .... xor() 3566 MB/s, rmw enabled
[   11.348788] raid6: using ssse3x2 recovery algorithm
[   11.383977] xor: automatically using best checksumming function:
[   11.427264]    avx       : 17475.000 MB/sec
[   11.515291] async_tx: api initialized (async)
[   11.572718] md: raid6 personality registered for level 6
[   11.595461] md: raid5 personality registered for level 5
[   11.611880] md: raid4 personality registered for level 4
[   11.672526] md: raid10 personality registered for level 10
done.
Begin: Running /scripts/init-premount ... done.
Begin: Mounting root file system ... Begin: Running /scripts/local-top ... done.
Begin: [   11.798107] Btrfs loaded
Running /scripts/local-premount ... Scanning for Btrfs filesystems
done.
Warning: fsck not present, so skipping root file[   12.011922] EXT4-fs (sda1): mounted filesystem with ordered data mode. Opts: (null)
 system
done.
Begin: Running /scripts/local-bottom ... done.
Begin: Running /scripts/init-bottom ... done.
[   12.353428] systemd[1]: systemd 229 running in system mode. (+PAM +AUDIT +SELINUX +IMA +APPARMOR +SMACK +SYSVINIT +UTMP +LIBCRYPTSETUP +GCRYPT +GNUTLS +ACL +XZ -LZ4 +SECCOMP +BLKID +ELFUTILS +KMOD -IDN)
[   12.430092] systemd[1]: Detected virtualization oracle.
[   12.448591] systemd[1]: Detected architecture x86-64.

Welcome to [1mUbuntu 16.04.6 LTS[0m!

[   12.495744] systemd[1]: Set hostname to <router33>.
[   12.686447] random: nonblocking pool is initialized
[   12.905344] systemd[1]: Listening on /dev/initctl Compatibility Named Pipe.
[[0;32m  OK  [0m] Listening on /dev/initctl Compatibility Named Pipe.
[   12.931931] systemd[1]: Listening on udev Control Socket.
[[0;32m  OK  [0m] Listening on udev Control Socket.
[   12.959199] systemd[1]: Listening on Journal Socket.
[[0;32m  OK  [0m] Listening on Journal Socket.
[   12.969963] systemd[1]: Listening on LVM2 metadata daemon socket.
[[0;32m  OK  [0m] Listening on LVM2 metadata daemon socket.
[   12.977201] systemd[1]: Reached target System Time Synchronized.
[[0;32m  OK  [0m] Reached target System Time Synchronized.
[   12.983903] systemd[1]: Listening on Journal Socket (/dev/log).
[[0;32m  OK  [0m] Listening on Journal Socket (/dev/log).
[   13.021405] systemd[1]: Listening on udev Kernel Socket.
[[0;32m  OK  [0m] Listening on udev Kernel Socket.
[   13.029294] systemd[1]: Reached target Swap.
[[0;32m  OK  [0m] Reached target Swap.
[   13.032162] systemd[1]: Listening on Syslog Socket.
[[0;32m  OK  [0m] Listening on Syslog Socket.
[   13.071863] systemd[1]: Created slice System Slice.
[[0;32m  OK  [0m] Created slice System Slice.
[   13.099491] systemd[1]: Created slice system-serial\x2dgetty.slice.
[[0;32m  OK  [0m] Created slice system-serial\x2dgetty.slice.
[   13.163360] systemd[1]: Starting Remount Root and Kernel File Systems...
[   13.171944] EXT4-fs (sda1): re-mounted. Opts: (null)
         Starting Remount Root and Kernel File Systems...
[   13.303284] systemd[1]: Mounting Huge Pages File System...
         Mounting Huge Pages File System...
[   13.387350] systemd[1]: Starting Set console keymap...
         Starting Set console keymap...
[   13.503350] systemd[1]: Starting Create list of required static device nodes for the current kernel...
         Starting Create list of required st... nodes for the current kernel...
[   13.645941] systemd[1]: Mounting Debug File System...
         Mounting Debug File System...
[   13.731379] systemd[1]: Starting Uncomplicated firewall...
         Starting Uncomplicated firewall...
[   13.795637] systemd[1]: Set up automount Arbitrary Executable File Formats File System Automount Point.
[[0;32m  OK  [0m] Set up automount Arbitrary Executab...ats File System Automount Point.
[   13.904270] systemd[1]: Listening on LVM2 poll daemon socket.
[[0;32m  OK  [0m] Listening on LVM2 poll daemon socket.
[   14.003489] systemd[1]: Listening on Journal Audit Socket.
[[0;32m  OK  [0m] Listening on Journal Audit Socket.
[   14.119359] systemd[1]: Starting Journal Service...
         Starting Journal Service...
[   14.203345] systemd[1]: Started Trigger resolvconf update for networkd DNS.
[[0;32m  OK  [0m] Started Trigger resolvconf update for networkd DNS.
[   14.303359] systemd[1]: Reached target User and Group Name Lookups.
[[0;32m  OK  [0m] Reached target User and Group Name Lookups.
[   14.435365] systemd[1]: Starting Load Kernel Modules...
         Starting Load Kernel Mo[   14.502190] Loading iSCSI transport class v2.0-870.
dules...
[   14.521663] systemd[1]: Starting Nameserver information manager...
         Starting Nameserver inf[   14.562803] iscsi: registered transport (tcp)
ormation manager...
[   14.602630] systemd[1]: Started Forward Password Requests to Wall Directory Watch.
[[0;32m  OK  [0m] Started Forward Password Requests to Wall Directory Watch.
[   14.691335] systemd[1]: Reached target Encrypted Volumes.
[[0;32m  OK  [0m] Reached target Encrypted Volumes.
[   14.772834] systemd[1]: Listening on Device-mapper event daemon FIFOs.
[[0;32m  OK  [0m] Listening on[   14.875281] iscsi: registered transport (iser)
 Device-mapper event daemon FIFOs.
[   14.969506] systemd[1]: Starting Monitoring of LVM2 mirrors, snapshots etc. using dmeventd or progress polling...
         Starting Monitoring of LVM2 mirrors... dmeventd or progress polling...
[   15.115298] systemd[1]: Mounting POSIX Message Queue File System...
         Mounting POSIX Message Queue File System...
[   15.171672] systemd[1]: Created slice User and Session Slice.
[[0;32m  OK  [0m] Created slice User and Session Slice.
[   15.247292] systemd[1]: Reached target Slices.
[[0;32m  OK  [0m] Reached target Slices.
[   15.336380] systemd[1]: Mounted Debug File System.
[[0;32m  OK  [0m] Mounted Debug File System.
[   15.455464] systemd[1]: Mounted POSIX Message Queue File System.
[[0;32m  OK  [0m] Mounted POSIX Message Queue File System.
[   15.635602] systemd[1]: Mounted Huge Pages File System.
[[0;32m  OK  [0m] Mounted Huge Pages File System.
[   15.665007] systemd[1]: Started Journal Service.
[[0;32m  OK  [0m] Started Journal Service.
[[0;32m  OK  [0m] Started Remount Root and Kernel File Systems.
[[0;32m  OK  [0m] Started Set console keymap.
[[0;32m  OK  [0m] Started Create list of required sta...ce nodes for the current kernel.
[[0;32m  OK  [0m] Started Uncomplicated firewall.
[[0;32m  OK  [0m] Started Load Kernel Modules.
[[0;32m  OK  [0m] Started LVM2 metadata daemon.
         Mounting FUSE Control File System...
         Starting Apply Kernel Variables...
         Starting Create Static Device Nodes in /dev...
         Starting Load/Save Random Seed...
         Starting udev Coldplug all Devices...
         Starting Flush Journal to Persistent Storage...
[[0;32m  OK  [0m] Mounted FUSE Control File System.
[[0;32m  OK  [0m] Started Nameserver information manager.
[[0;32m  OK  [0m] Started Apply Kernel Variables.
[[0;32m  OK  [0m] Started Create Static Device Nodes in /dev.
[[0;32m  OK  [0m] Started Monitoring of LVM2 mirrors,...ng dmeventd or progress polling.
[[0;32m  OK  [0m] Started Load/Save Random Seed.
[[0;32m  OK  [0m] Reached target Local File Systems (Pre).
[[0;32m  OK  [0m] Reached target Local File Systems.
         Starting Set console font and keymap...
         Starting Initial cloud-init job (pre-networking)...
         Starting Tell Plymouth To Write Out Runtime Data...
         Starting LSB: AppArmor initialization...
         Starting udev Kernel Device Manager...
[[0;32m  OK  [0m] Started udev Coldplug all Devices.
[[0;32m  OK  [0m] Started Tell Plymouth To Write Out Runtime Data.
[[0;32m  OK  [0m] Started udev Kernel Device Manager.
[[0;32m  OK  [0m] Started Dispatch Password Requests to Console Directory Watch.
[[0;32m  OK  [0m] Started Flush Journal to Persistent Storage.
[[0;32m  OK  [0m] Found device /dev/ttyS0.
[[0;32m  OK  [0m] Listening on Load/Save RF Kill Switch Status /dev/rfkill Watch.
         Starting Create Volatile Files and Directories...
[[0;32m  OK  [0m] Started Set console font and keymap.
[[0;32m  OK  [0m] Started LSB: AppArmor initialization.
[[0;32m  OK  [0m] Started Create Volatile Files and Directories.
[[0;32m  OK  [0m] Found device 82540EM Gigabit Ethern...r (PRO/1000 MT Desktop Adapter).
[[0;32m  OK  [0m] Found device 82540EM Gigabit Ethern...r (PRO/1000 MT Desktop Adapter).
[[0;32m  OK  [0m] Found device 82540EM Gigabit Ethern...r (PRO/1000 MT Desktop Adapter).
[[0;32m  OK  [0m] Found device 82540EM Gigabit Ethern...r (PRO/1000 MT Desktop Adapter).
         Starting Update UTMP about System Boot/Shutdown...
         Starting Load AppArmor profiles managed internally by snapd...
[[0;32m  OK  [0m] Created slice system-getty.slice.
[[0;32m  OK  [0m] Started Load AppArmor profiles managed internally by snapd.
[[0;32m  OK  [0m] Started Update UTMP about System Boot/Shutdown.
[   16.318820] cloud-init[469]: Cloud-init v. 20.2-45-g5f7825e2-0ubuntu1~16.04.1 running 'init-local' at Fri, 24 Jul 2020 22:28:46 +0000. Up 15.42 seconds.
[[0;32m  OK  [0m] Started Initial cloud-init job (pre-networking).
[[0;32m  OK  [0m] Reached target Network (Pre).
[[0;32m  OK  [0m] Started ifup for enp0s3.
[[0;32m  OK  [0m] Started ifup for enp0s9.
         Starting Raise network interfaces...
[[0;32m  OK  [0m] Started ifup for enp0s8.
[[0;32m  OK  [0m] Started ifup for enp0s10.
[[0;32m  OK  [0m] Started Raise network interfaces.
         Starting Initial cloud-init job (metadata service crawler)...
[[0;32m  OK  [0m] Reached target Network.
[   18.277485] cloud-init[1306]: Cloud-init v. 20.2-45-g5f7825e2-0ubuntu1~16.04.1 running 'init' at Fri, 24 Jul 2020 22:28:48 +0000. Up 17.71 seconds.
[   18.428510] cloud-init[1306]: ci-info: +++++++++++++++++++++++++++++++++++++++Net device info+++++++++++++++++++++++++++++++++++++++
[   18.548462] cloud-init[1306]: ci-info: +---------+------+-----------------------------+---------------+--------+-------------------+
[   18.548722] cloud-init[1306]: ci-info: |  Device |  Up  |           Address           |      Mask     | Scope  |     Hw-Address    |
[[0;32m  OK  [0m] Started Initial cloud-init job (metadata service crawler).
[   18.548868] cloud-init[1306]: ci-info: +---------+------+-----------------------------+---------------+--------+-------------------+
[   18.832535] cloud-init[1306]: ci-info: | enp0s10 | True |        192.168.102.1        | 255.255.255.0 | global | 08:00:27:0d:0e:4f |
[   18.832819] cloud-init[1306]: ci-info: | enp0s10 | True |  fe80::a00:27ff:fe0d:e4f/64 |       .       |  link  | 08:00:27:0d:0e:4f |
[[0;32m  OK  [0m] Reached target System Initialization.
[   18.833011] cloud-init[1306]: ci-info: |  enp0s3 | True |          10.0.2.15          | 255.255.255.0 | global | 02:d4:60:56:24:74 |
[   18.952589] cloud-init[1306]: ci-info: |  enp0s3 | True |  fe80::d4:60ff:fe56:2474/64 |       .       |  link  | 02:d4:60:56:24:74 |
[[0;32m  OK  [0m] Listening on ACPID Listen Socket.
[[0;32m  OK  [0m] Listening on D-Bus System Message Bus Socket.
         Starting Socket activation for snappy daemon.
[   18.952684] cloud-init[1306]: ci-info: |  enp0s8 | True |        192.168.3.254        | 255.255.255.0 | global | 08:00:27:7d:ed:a4 |
[   19.226933] cloud-init[1306]: ci-info: |  enp0s8 | True | fe80::a00:27ff:fe7d:eda4/64 |       .       |  link  | 08:00:27:7d:ed:a4 |
         Starting LXD - unix socket.
[[0;32m  OK  [0m] Listening on UUID daemon activation socket.
[   19.227313] cloud-init[1306]: ci-info: |  enp0s9 | True |        192.168.101.1        | 255.255.255.0 | global | 08:00:27:51:b4:91 |
[   19.384352] cloud-init[1306]: ci-info: |  enp0s9 | True | fe80::a00:27ff:fe51:b491/64 |       .       |  link  | 08:00:27:51:b4:91 |
[   19.384671] cloud-init[1306]: ci-info: |    lo   | True |          127.0.0.1          |   255.0.0.0   |  host  |         .         |
[[0;32m  OK  [0m] Started Message of the Day.
[[   19.384839] cloud-init[1306]: ci-info: |    lo   | True |           ::1/128           |       .       |  host  |         .         |
[   19.530499] cloud-init[1306]: ci-info: +---------+------+-----------------------------+---------------+--------+-------------------+
[0;32m  OK  [0m] Started Daily Cleanup of Temporary Directories.
[   19.530607] cloud-init[1306]: ci-info: ++++++++++++++++++++++++++++Route IPv4 info+++++++++++++++++++++++++++++
[   19.788421] cloud-init[1306]: ci-info: +-------+---------------+----------+---------------+-----------+-------+
[[0;32m  OK  [0m] Started ACPI Events Check.
[   19.788737] cloud-init[1306]: ci-info: | Route |  Destination  | Gateway  |    Genmask    | Interface | Flags |
[   19.928328] cloud-init[1306]: ci-info: +-------+---------------+----------+---------------+-----------+-------+
[   19.928675] cloud-init[1306]: ci-info: |   0   |    0.0.0.0    | 10.0.2.2 |    0.0.0.0    |   enp0s3  |   UG  |
[[0;32m  OK  [0m] Reached target Paths.
[[   19.928808] cloud-init[1306]: ci-info: |   1   |    10.0.2.0   | 0.0.0.0  | 255.255.255.0 |   enp0s3  |   U   |
[   20.086897] cloud-init[1306]: ci-info: |   2   |  192.168.3.0  | 0.0.0.0  | 255.255.255.0 |   enp0s8  |   U   |
[0;32m  OK  [0m] Started Daily apt download activities.
[   20.086972] cloud-init[1306]: ci-info: |   3   | 192.168.101.0 | 0.0.0.0  | 255.255.255.0 |   enp0s9  |   U   |
[   20.292598] cloud-init[1306]: ci-info: |   4   | 192.168.102.0 | 0.0.0.0  | 255.255.255.0 |  enp0s10  |   U   |
[[0;32m  OK  [0m] Started Daily apt upgrade and clean activities.
[   20.292677] cloud-init[1306]: ci-info: +-------+---------------+----------+---------------+-----------+-------+
[[0;32m  OK  [0m] Reached target Timers.
[   20.332826] cloud-init[1306]: ci-info: +++++++++++++++++++Route IPv6 info+++++++++++++++++++
[   20.441631] cloud-init[1306]: ci-info: +-------+-------------+---------+-----------+-------+
[[0;32m  OK  [0m] Reached target Cloud-config availability.
[[0;32m  OK  [0m] Reached target Network is Online.
[   20.441690] cloud-init[1306]: ci-info: | Route | Destination | Gateway | Interface | Flags |
[   20.631637] cloud-init[1306]: ci-info: +-------+-------------+---------+-----------+-------+
[   20.631872] cloud-init[1306]: ci-info: |   0   |  fe80::/64  |    ::   |   enp0s3  |   U   |
         Starting iSCSI initiator daemon (iscsid)...
[   20.631979] cloud-init[1306]: ci-info: |   1   |  fe80::/64  |    ::   |   enp0s9  |   U   |
[   20.809194] cloud-init[1306]: ci-info: |   2   |  fe80::/64  |    ::   |  enp0s10  |   U   |
[   20.817594] cloud-init[1306]: ci-info: |   3   |  fe80::/64  |    ::   |   enp0s8  |   U   |
[   20.828999] cloud-init[1306]: ci-info: |   6   |   ff00::/8  |    ::   |   enp0s3  |   U   |
[   20.888368] cloud-init[1306]: ci-info: |   7   |   ff00::/8  |    ::   |   enp0s9  |   U   |
[   21.043867] cloud-init[1306]: ci-info: |   8   |   ff00::/8  |    ::   |  enp0s10  |   U   |
[[0;32m  OK  [0m] Listening on Socket activation for snappy daemon.
[[0;32m  OK  [0m] Listening on LXD - unix socket.
[   21.086337] cloud-init[1306]: ci-info: |   9   |   ff00::/8  |    ::   |   enp0s8  |   U   |
[   21.276292] cloud-init[1306]: ci-info: +-------+-------------+---------+-----------+-------+
[[0;32m  OK  [0m] Reached target Sockets.
[[0;32m  OK  [0m] Reached target Basic System.
[[0;32m  OK  [0m] Started ACPI event daemon.
         Starting LSB: Record successful boot for GRUB...
         Starting /etc/rc.local Compatibility...
         Starting Virtualbox guest utils...
         Starting Login Service...
         Starting LSB: MD monitoring daemon...
[[0;32m  OK  [0m] Started D-Bus System Message Bus.
[[0;32m  OK  [0m] Started FUSE filesystem for LXC.
[[0;32m  OK  [0m] Started Regular background program processing daemon.
         Starting System Logging Service...
[[0;32m  OK  [0m] Started Deferred execution scheduler.
         Starting LXD - container startup/shutdown...
         Starting Snap Daemon...
         Starting Accounts Service...
         Starting OpenBSD Secure Shell server...
[[0;32m  OK  [0m] Started System Logging Service.
[[0;32m  OK  [0m] Started iSCSI initiator daemon (iscsid).
[[0;32m  OK  [0m] Started /etc/rc.local Compatibility.
[[0;32m  OK  [0m] Started LXD - container startup/shutdown.
[[0;32m  OK  [0m] Started OpenBSD Secure Shell server.
[[0;32m  OK  [0m] Started Login Service.
[[0;32m  OK  [0m] Started LSB: Record successful boot for GRUB.
[[0;32m  OK  [0m] Started Virtualbox guest utils.
[[0;32m  OK  [0m] Started LSB: MD monitoring daemon.
[[0;32m  OK  [0m] Started Snap Daemon.
         Starting Wait until snapd is fully seeded...
[[0;32m  OK  [0m] Started Unattended Upgrades Shutdown.
         Starting Authenticate and Authorize Users to Run Privileged Tasks...
         Starting Login to default iSCSI targets...
[[0;32m  OK  [0m] Started Wait until snapd is fully seeded.
[[0;32m  OK  [0m] Started Authenticate and Authorize Users to Run Privileged Tasks.
[[0;32m  OK  [0m] Started Accounts Service.
         Starting Apply the settings specified in cloud-config...
[[0;32m  OK  [0m] Started Login to default iSCSI targets.
[[0;32m  OK  [0m] Reached target Remote File Systems (Pre).
[[0;32m  OK  [0m] Reached target Remote File Systems.
         Starting Permit User Sessions...
         Starting LSB: daemon to balance interrupts for SMP systems...
         Starting LSB: start and stop the Quagga routing suite...
         Starting LSB: Set the CPU Frequency Scaling governor to "ondemand"...
         Starting LSB: automatic crash report generation...
[[0;32m  OK  [0m] Started Permit User Sessions.
         Starting Terminate Plymouth Boot Screen...
         Starting Hold until boot process finishes up...
[[0;32m  OK  [0m] Started LSB: automatic crash report generation.
[[0;32m  OK  [0m] Started Terminate Plymouth Boot Screen.
[[0;32m  OK  [0m] Started Hold until boot process finishes up.
         Starting Set console scheme...
[[0;32m  OK  [0m] Started Getty on tty1.
[[0;32m  OK  [0m] Started Serial Getty on ttyS0.
[[0;32m  OK  [0m] Reached target Login Prompts.
[[0;32m  OK  [0m] Started LSB: Set the CPU Frequency Scaling governor to "ondemand".
[[0;32m  OK  [0m] Started Set console scheme.
[[0;32m  OK  [0m] Started LSB: daemon to balance interrupts for SMP systems.
[[0;32m  OK  [0m] Started LSB: start and stop the Quagga routing suite.
[[0;32m  OK  [0m] Reached target Multi-User System.
[[0;32m  OK  [0m] Reached target Graphical Interface.
[   23.097541] cloud-init[1501]: Cloud-init v. 20.2-45-g5f7825e2-0ubuntu1~16.04.1 running 'modules:config' at Fri, 24 Jul 2020 22:28:53 +0000. Up 22.99 seconds.
         Starting Update UTMP about System Runlevel Changes...
[[0;32m  OK  [0m] Started Update UTMP about System Runlevel Changes.
[[0;32m  OK  [0m] Started Apply the settings specified in cloud-config.
         Starting Execute cloud user/final scripts...
[   23.628498] cloud-init[1602]: Cloud-init v. 20.2-45-g5f7825e2-0ubuntu1~16.04.1 running 'modules:final' at Fri, 24 Jul 2020 22:28:54 +0000. Up 23.53 seconds.
[   23.661138] cloud-init[1602]: Cloud-init v. 20.2-45-g5f7825e2-0ubuntu1~16.04.1 finished at Fri, 24 Jul 2020 22:28:54 +0000. Datasource DataSourceNoCloud [seed=/dev/sdb][dsmode=net].  Up 23.62 seconds
[[0;32m  OK  [0m] Started Execute cloud user/final scripts.
[[0;32m  OK  [0m] Reached target Cloud-init target.

Ubuntu 16.04.6 LTS router33 ttyS0

router33 login: 