[    0.000000] Initializing cgroup subsys cpuset
[    0.000000] Initializing cgroup subsys cpu
[    0.000000] Initializing cgroup subsys cpuacct
[    0.000000] Linux version 4.4.0-186-generic (buildd@lcy01-amd64-002) (gcc version 5.4.0 20160609 (Ubuntu 5.4.0-6ubuntu1~16.04.12) ) #216-Ubuntu SMP Wed Jul 1 05:34:05 UTC 2020 (Ubuntu 4.4.0-186.216-generic 4.4.228)
[    0.000000] Command line: BOOT_IMAGE=/boot/vmlinuz-4.4.0-186-generic root=LABEL=cloudimg-rootfs ro console=tty1 console=ttyS0
[    0.000000] KERNEL supported cpus:
[    0.000000]   Intel GenuineIntel
[    0.000000]   AMD AuthenticAMD
[    0.000000]   Centaur CentaurHauls
[    0.000000] ------------[ cut here ]------------
[    0.000000] WARNING: CPU: 0 PID: 0 at /build/linux-OgLptz/linux-4.4.0/arch/x86/kernel/fpu/xstate.c:517 fpu__init_system_xstate+0x37e/0x764()
[    0.000000] XSAVE consistency problem, dumping leaves
[    0.000000] Modules linked in:
[    0.000000] CPU: 0 PID: 0 Comm: swapper Not tainted 4.4.0-186-generic #216-Ubuntu
[    0.000000]  0000000000000086 c8f47b6fd9fbc9ee ffffffff81e03d80 ffffffff8140ebbb
[    0.000000]  ffffffff81e03dc8 ffffffff81cb4178 ffffffff81e03db8 ffffffff810864b2
[    0.000000]  0000000000000008 0000000000000340 0000000000000100 ffffffff81e03e4c
[    0.000000] Call Trace:
[    0.000000]  [<ffffffff8140ebbb>] dump_stack+0x6d/0x92
[    0.000000]  [<ffffffff810864b2>] warn_slowpath_common+0x82/0xc0
[    0.000000]  [<ffffffff8108654c>] warn_slowpath_fmt+0x5c/0x80
[    0.000000]  [<ffffffff81081fa6>] ? xfeature_size+0x59/0x77
[    0.000000]  [<ffffffff81f78585>] fpu__init_system_xstate+0x37e/0x764
[    0.000000]  [<ffffffff81f68120>] ? early_idt_handler_array+0x120/0x120
[    0.000000]  [<ffffffff81f77f8e>] fpu__init_system+0x1e7/0x28e
[    0.000000]  [<ffffffff81f792ad>] early_cpu_init+0x330/0x335
[    0.000000]  [<ffffffff81f792ad>] ? early_cpu_init+0x330/0x335
[    0.000000]  [<ffffffff81f74535>] setup_arch+0xc0/0xd1f
[    0.000000]  [<ffffffff81f68120>] ? early_idt_handler_array+0x120/0x120
[    0.000000]  [<ffffffff81f68c16>] start_kernel+0xe2/0x4a7
[    0.000000]  [<ffffffff81f68120>] ? early_idt_handler_array+0x120/0x120
[    0.000000]  [<ffffffff81f682da>] x86_64_start_reservations+0x2a/0x2c
[    0.000000]  [<ffffffff81f68426>] x86_64_start_kernel+0x14a/0x16d
[    0.000000] ---[ end trace 4d5ff9f2f68c4233 ]---
[    0.000000] CPUID[0d, 00]: eax=00000007 ebx=00000440 ecx=00000440 edx=00000000
[    0.000000] CPUID[0d, 01]: eax=00000000 ebx=000003c0 ecx=00000000 edx=00000000
[    0.000000] CPUID[0d, 02]: eax=00000100 ebx=00000240 ecx=00000000 edx=00000000
[    0.000000] CPUID[0d, 03]: eax=00000000 ebx=00000000 ecx=00000000 edx=00000000
[    0.000000] CPUID[0d, 04]: eax=00000000 ebx=00000000 ecx=00000000 edx=00000000
[    0.000000] CPUID[0d, 05]: eax=00000000 ebx=00000000 ecx=00000000 edx=00000000
[    0.000000] CPUID[0d, 06]: eax=00000000 ebx=00000000 ecx=00000000 edx=00000000
[    0.000000] CPUID[0d, 07]: eax=00000000 ebx=00000000 ecx=00000000 edx=00000000
[    0.000000] CPUID[0d, 08]: eax=00000000 ebx=00000000 ecx=00000000 edx=00000000
[    0.000000] CPUID[0d, 09]: eax=00000000 ebx=00000000 ecx=00000000 edx=00000000
[    0.000000] CPUID[0d, 0a]: eax=00000000 ebx=00000000 ecx=00000000 edx=00000000
[    0.000000] CPUID[0d, 0b]: eax=00000000 ebx=00000000 ecx=00000000 edx=00000000
[    0.000000] CPUID[0d, 0c]: eax=00000000 ebx=00000000 ecx=00000000 edx=00000000
[    0.000000] CPUID[0d, 0d]: eax=00000000 ebx=00000000 ecx=00000000 edx=00000000
[    0.000000] CPUID[0d, 0e]: eax=00000000 ebx=00000000 ecx=00000000 edx=00000000
[    0.000000] CPUID[0d, 0f]: eax=00000000 ebx=00000000 ecx=00000000 edx=00000000
[    0.000000] CPUID[0d, 10]: eax=00000000 ebx=00000000 ecx=00000000 edx=00000000
[    0.000000] CPUID[0d, 11]: eax=00000000 ebx=00000000 ecx=00000000 edx=00000000
[    0.000000] x86/fpu: xstate_offset[2]:  576, xstate_sizes[2]:  256
[    0.000000] x86/fpu: Supporting XSAVE feature 0x01: 'x87 floating point registers'
[    0.000000] x86/fpu: Supporting XSAVE feature 0x02: 'SSE registers'
[    0.000000] x86/fpu: Supporting XSAVE feature 0x04: 'AVX registers'
[    0.000000] x86/fpu: Enabled xstate features 0x7, context size is 1088 bytes, using 'standard' format.
[    0.000000] e820: BIOS-provided physical RAM map:
[    0.000000] BIOS-e820: [mem 0x0000000000000000-0x000000000009fbff] usable
[    0.000000] BIOS-e820: [mem 0x000000000009fc00-0x000000000009ffff] reserved
[    0.000000] BIOS-e820: [mem 0x00000000000f0000-0x00000000000fffff] reserved
[    0.000000] BIOS-e820: [mem 0x0000000000100000-0x000000003ffeffff] usable
[    0.000000] BIOS-e820: [mem 0x000000003fff0000-0x000000003fffffff] ACPI data
[    0.000000] BIOS-e820: [mem 0x00000000fec00000-0x00000000fec00fff] reserved
[    0.000000] BIOS-e820: [mem 0x00000000fee00000-0x00000000fee00fff] reserved
[    0.000000] BIOS-e820: [mem 0x00000000fffc0000-0x00000000ffffffff] reserved
[    0.000000] NX (Execute Disable) protection: active
[    0.000000] SMBIOS 2.5 present.
[    0.000000] Hypervisor detected: KVM
[    0.000000] e820: last_pfn = 0x3fff0 max_arch_pfn = 0x400000000
[    0.000000] MTRR: Disabled
[    0.000000] x86/PAT: MTRRs disabled, skipping PAT initialization too.
[    0.000000] CPU MTRRs all blank - virtualized system.
[    0.000000] x86/PAT: Configuration [0-7]: WB  WT  UC- UC  WB  WT  UC- UC  
[    0.000000] found SMP MP-table at [mem 0x0009fff0-0x0009ffff] mapped at [ffff88000009fff0]
[    0.000000] Scanning 1 areas for low memory corruption
[    0.000000] RAMDISK: [mem 0x362e2000-0x37168fff]
[    0.000000] ACPI: Early table checksum verification disabled
[    0.000000] ACPI: RSDP 0x00000000000E0000 000024 (v02 VBOX  )
[    0.000000] ACPI: XSDT 0x000000003FFF0030 00003C (v01 VBOX   VBOXXSDT 00000001 ASL  00000061)
[    0.000000] ACPI: FACP 0x000000003FFF00F0 0000F4 (v04 VBOX   VBOXFACP 00000001 ASL  00000061)
[    0.000000] ACPI: DSDT 0x000000003FFF0470 0021FF (v02 VBOX   VBOXBIOS 00000002 INTL 20160108)
[    0.000000] ACPI: FACS 0x000000003FFF0200 000040
[    0.000000] ACPI: FACS 0x000000003FFF0200 000040
[    0.000000] ACPI: APIC 0x000000003FFF0240 00005C (v02 VBOX   VBOXAPIC 00000001 ASL  00000061)
[    0.000000] ACPI: SSDT 0x000000003FFF02A0 0001CC (v01 VBOX   VBOXCPUT 00000002 INTL 20160108)
[    0.000000] No NUMA configuration found
[    0.000000] Faking a node at [mem 0x0000000000000000-0x000000003ffeffff]
[    0.000000] NODE_DATA(0) allocated [mem 0x3ffeb000-0x3ffeffff]
[    0.000000] kvm-clock: Using msrs 4b564d01 and 4b564d00
[    0.000000] kvm-clock: cpu 0, msr 0:3ffe3001, primary cpu clock
[    0.000000] kvm-clock: using sched offset of 4027254980 cycles
[    0.000000] clocksource: kvm-clock: mask: 0xffffffffffffffff max_cycles: 0x1cd42e4dffb, max_idle_ns: 881590591483 ns
[    0.000000] Zone ranges:
[    0.000000]   DMA      [mem 0x0000000000001000-0x0000000000ffffff]
[    0.000000]   DMA32    [mem 0x0000000001000000-0x000000003ffeffff]
[    0.000000]   Normal   empty
[    0.000000]   Device   empty
[    0.000000] Movable zone start for each node
[    0.000000] Early memory node ranges
[    0.000000]   node   0: [mem 0x0000000000001000-0x000000000009efff]
[    0.000000]   node   0: [mem 0x0000000000100000-0x000000003ffeffff]
[    0.000000] Initmem setup node 0 [mem 0x0000000000001000-0x000000003ffeffff]
[    0.000000] ACPI: PM-Timer IO Port: 0x4008
[    0.000000] IOAPIC[0]: apic_id 2, version 32, address 0xfec00000, GSI 0-23
[    0.000000] ACPI: INT_SRC_OVR (bus 0 bus_irq 0 global_irq 2 dfl dfl)
[    0.000000] ACPI: INT_SRC_OVR (bus 0 bus_irq 9 global_irq 9 high level)
[    0.000000] Using ACPI (MADT) for SMP configuration information
[    0.000000] smpboot: Allowing 2 CPUs, 0 hotplug CPUs
[    0.000000] PM: Registered nosave memory: [mem 0x00000000-0x00000fff]
[    0.000000] PM: Registered nosave memory: [mem 0x0009f000-0x0009ffff]
[    0.000000] PM: Registered nosave memory: [mem 0x000a0000-0x000effff]
[    0.000000] PM: Registered nosave memory: [mem 0x000f0000-0x000fffff]
[    0.000000] e820: [mem 0x40000000-0xfebfffff] available for PCI devices
[    0.000000] Booting paravirtualized kernel on KVM
[    0.000000] clocksource: refined-jiffies: mask: 0xffffffff max_cycles: 0xffffffff, max_idle_ns: 7645519600211568 ns
[    0.000000] setup_percpu: NR_CPUS:512 nr_cpumask_bits:512 nr_cpu_ids:2 nr_node_ids:1
[    0.000000] PERCPU: Embedded 33 pages/cpu @ffff88003fc00000 s95512 r8192 d31464 u1048576
[    0.000000] Built 1 zonelists in Node order, mobility grouping on.  Total pages: 257912
[    0.000000] Policy zone: DMA32
[    0.000000] Kernel command line: BOOT_IMAGE=/boot/vmlinuz-4.4.0-186-generic root=LABEL=cloudimg-rootfs ro console=tty1 console=ttyS0
[    0.000000] PID hash table entries: 4096 (order: 3, 32768 bytes)
[    0.000000] Memory: 997668K/1048120K available (8636K kernel code, 1337K rwdata, 4040K rodata, 1492K init, 1296K bss, 50452K reserved, 0K cma-reserved)
[    0.000000] SLUB: HWalign=64, Order=0-3, MinObjects=0, CPUs=2, Nodes=1
[    0.000000] Kernel/User page tables isolation: enabled
[    0.000000] Hierarchical RCU implementation.
[    0.000000] 	Build-time adjustment of leaf fanout to 64.
[    0.000000] 	RCU restricting CPUs from NR_CPUS=512 to nr_cpu_ids=2.
[    0.000000] RCU: Adjusting geometry for rcu_fanout_leaf=64, nr_cpu_ids=2
[    0.000000] NR_IRQS:33024 nr_irqs:440 16
[    0.000000] Console: colour VGA+ 80x25
[    0.000000] console [tty1] enabled
[    0.000000] console [ttyS0] enabled
[    0.000000] tsc: Detected 2207.998 MHz processor
[    2.727792] Calibrating delay loop (skipped) preset value.. 4415.99 BogoMIPS (lpj=8831992)
[    2.730587] pid_max: default: 32768 minimum: 301
[    2.732247] ACPI: Core revision 20150930
[    2.734505] ACPI: 2 ACPI AML tables successfully acquired and loaded
[    2.764024] Security Framework initialized
[    2.767480] Yama: becoming mindful.
[    2.768754] AppArmor: AppArmor initialized
[    2.849157] Dentry cache hash table entries: 131072 (order: 8, 1048576 bytes)
[    2.924712] Inode-cache hash table entries: 65536 (order: 7, 524288 bytes)
[    2.927789] Mount-cache hash table entries: 2048 (order: 2, 16384 bytes)
[    2.931140] Mountpoint-cache hash table entries: 2048 (order: 2, 16384 bytes)
[    2.934013] Initializing cgroup subsys io
[    2.935413] Initializing cgroup subsys memory
[    2.936876] Initializing cgroup subsys devices
[    2.938586] Initializing cgroup subsys freezer
[    2.940088] Initializing cgroup subsys net_cls
[    2.941643] Initializing cgroup subsys perf_event
[    2.943239] Initializing cgroup subsys net_prio
[    2.944803] Initializing cgroup subsys hugetlb
[    2.946325] Initializing cgroup subsys pids
[    2.961600] mce: CPU supports 0 MCE banks
[    2.963087] Last level iTLB entries: 4KB 64, 2MB 8, 4MB 8
[    2.973888] Last level dTLB entries: 4KB 64, 2MB 0, 4MB 0, 1GB 4
[    2.976285] Spectre V1 : Mitigation: usercopy/swapgs barriers and __user pointer sanitization
[    2.979577] Spectre V2 : Mitigation: Full generic retpoline
[    2.981485] Spectre V2 : Spectre v2 / SpectreRSB mitigation: Filling RSB on context switch
[    2.996000] Speculative Store Bypass: Vulnerable
[    2.997565] SRBDS: Unknown: Dependent on hypervisor status
[    2.999790] MDS: Vulnerable: Clear CPU buffers attempted, no microcode
[    3.004294] Freeing SMP alternatives memory: 36K
[    3.011329] ftrace: allocating 32334 entries in 127 pages
[    3.067185] smpboot: APIC(0) Converting physical 0 to logical package 0
[    3.081436] smpboot: Max logical packages: 1
[    3.082937] x2apic enabled
[    3.084048] Switched APIC routing to physical x2apic.
[    3.086652] ..TIMER: vector=0x30 apic1=0 pin1=2 apic2=-1 pin2=-1
[    3.199581] smpboot: CPU0: Intel(R) Core(TM) i3-8130U CPU @ 2.20GHz (family: 0x6, model: 0x8e, stepping: 0xa)
[    3.211851] Performance Events: unsupported p6 CPU model 142 no PMU driver, software events only.
[    3.225583] KVM setup paravirtual spinlock
[    3.228534] x86: Booting SMP configuration:
[    3.230305] .... node  #0, CPUs:      #1
[    3.231791] kvm-clock: cpu 1, msr 0:3ffe3041, secondary cpu clock
[    3.282321] mce: CPU supports 0 MCE banks
[    3.355675] x86: Booted up 1 node, 2 CPUs
[    3.452990] smpboot: Total of 2 processors activated (8831.99 BogoMIPS)
[    3.617865] devtmpfs: initialized
[    3.699230] evm: security.selinux
[    3.774025] evm: security.SMACK64
[    3.821547] evm: security.SMACK64EXEC
[    3.823048] evm: security.SMACK64TRANSMUTE
[    3.824605] evm: security.SMACK64MMAP
[    3.826007] evm: security.ima
[    3.827163] evm: security.capability
[    3.835294] clocksource: jiffies: mask: 0xffffffff max_cycles: 0xffffffff, max_idle_ns: 7645041785100000 ns
[    3.838911] futex hash table entries: 512 (order: 3, 32768 bytes)
[    3.846286] pinctrl core: initialized pinctrl subsystem
[    3.848341] RTC time:  1:50:14, date: 07/28/20
[    3.850414] NET: Registered protocol family 16
[    3.861368] cpuidle: using governor ladder
[    3.881446] cpuidle: using governor menu
[    3.889859] PCCT header not found.
[    3.891328] ACPI: bus type PCI registered
[    3.911664] acpiphp: ACPI Hot Plug PCI Controller Driver version: 0.5
[    3.942163] PCI: Using configuration type 1 for base access
[    3.965809] ACPI: Added _OSI(Module Device)
[    3.967382] ACPI: Added _OSI(Processor Device)
[    3.969677] ACPI: Added _OSI(3.0 _SCP Extensions)
[    3.971622] ACPI: Added _OSI(Processor Aggregator Device)
[    3.985858] ACPI: Executed 1 blocks of module-level executable AML code
[    3.991055] ACPI: Interpreter enabled
[    3.992647] ACPI: (supports S0 S5)
[    3.994119] ACPI: Using IOAPIC for interrupt routing
[    4.008831] PCI: Using host bridge windows from ACPI; if necessary, use "pci=nocrs" and report a bug
[    4.047177] ACPI: PCI Root Bridge [PCI0] (domain 0000 [bus 00-ff])
[    4.049567] acpi PNP0A03:00: _OSC: OS supports [ASPM ClockPM Segments MSI]
[    4.051855] acpi PNP0A03:00: _OSC: not requesting OS control; OS requires [ExtendedConfig ASPM ClockPM MSI]
[    4.055358] acpi PNP0A03:00: fail to add MMCONFIG information, can't access extended PCI configuration space under this bridge.
[    4.059855] PCI host bridge to bus 0000:00
[    4.061464] pci_bus 0000:00: root bus resource [io  0x0000-0x0cf7 window]
[    4.063685] pci_bus 0000:00: root bus resource [io  0x0d00-0xffff window]
[    4.066169] pci_bus 0000:00: root bus resource [mem 0x000a0000-0x000bffff window]
[    4.069123] pci_bus 0000:00: root bus resource [mem 0x40000000-0xffdfffff window]
[    4.071853] pci_bus 0000:00: root bus resource [bus 00-ff]
[    4.075830] pci 0000:00:01.1: legacy IDE quirk: reg 0x10: [io  0x01f0-0x01f7]
[    4.078465] pci 0000:00:01.1: legacy IDE quirk: reg 0x14: [io  0x03f6]
[    4.080815] pci 0000:00:01.1: legacy IDE quirk: reg 0x18: [io  0x0170-0x0177]
[    4.083398] pci 0000:00:01.1: legacy IDE quirk: reg 0x1c: [io  0x0376]
[    4.103198] pci 0000:00:07.0: quirk: [io  0x4000-0x403f] claimed by PIIX4 ACPI
[    4.127296] pci 0000:00:07.0: quirk: [io  0x4100-0x410f] claimed by PIIX4 SMB
[    4.179660] ACPI: PCI Interrupt Link [LNKA] (IRQs 5 9 10 *11)
[    4.187730] ACPI: PCI Interrupt Link [LNKB] (IRQs 5 9 10 *11)
[    4.194190] ACPI: PCI Interrupt Link [LNKC] (IRQs 5 9 *10 11)
[    4.201832] ACPI: PCI Interrupt Link [LNKD] (IRQs 5 *9 10 11)
[    4.207927] ACPI: Enabled 2 GPEs in block 00 to 07
[    4.225616] vgaarb: setting as boot device: PCI:0000:00:02.0
[    4.229153] vgaarb: device added: PCI:0000:00:02.0,decodes=io+mem,owns=io+mem,locks=none
[    4.238559] vgaarb: loaded
[    4.241410] vgaarb: bridge control possible 0000:00:02.0
[    4.248094] SCSI subsystem initialized
[    4.257824] ACPI: bus type USB registered
[    4.261221] usbcore: registered new interface driver usbfs
[    4.263054] usbcore: registered new interface driver hub
[    4.272539] usbcore: registered new device driver usb
[    4.282559] PCI: Using ACPI for IRQ routing
[    4.285800] NetLabel: Initializing
[    4.290228] NetLabel:  domain hash size = 128
[    4.293003] NetLabel:  protocols = UNLABELED CIPSOv4
[    4.295259] NetLabel:  unlabeled traffic allowed by default
[    4.298275] amd_nb: Cannot enumerate AMD northbridges
[    4.311190] clocksource: Switched to clocksource kvm-clock
[    4.360513] AppArmor: AppArmor Filesystem Enabled
[    4.363343] pnp: PnP ACPI init
[    4.366602] pnp: PnP ACPI: found 3 devices
[    4.378746] clocksource: acpi_pm: mask: 0xffffff max_cycles: 0xffffff, max_idle_ns: 2085701024 ns
[    4.382001] NET: Registered protocol family 2
[    4.385371] TCP established hash table entries: 8192 (order: 4, 65536 bytes)
[    4.393557] TCP bind hash table entries: 8192 (order: 5, 131072 bytes)
[    4.395666] TCP: Hash tables configured (established 8192 bind 8192)
[    4.397918] UDP hash table entries: 512 (order: 2, 16384 bytes)
[    4.399804] UDP-Lite hash table entries: 512 (order: 2, 16384 bytes)
[    4.402334] NET: Registered protocol family 1
[    4.403709] pci 0000:00:00.0: Limiting direct PCI/PCI transfers
[    4.405697] pci 0000:00:01.0: Activating ISA DMA hang workarounds
[    4.408038] Unpacking initramfs...
[    4.742833] Freeing initrd memory: 14876K
[    4.749652] clocksource: tsc: mask: 0xffffffffffffffff max_cycles: 0x1fd3b6211b4, max_idle_ns: 440795230313 ns
[    4.754827] platform rtc_cmos: registered platform RTC device (no PNP device found)
[    4.757610] Scanning for low memory corruption every 60 seconds
[    4.770130] audit: initializing netlink subsys (disabled)
[    4.772177] audit: type=2000 audit(1595901018.012:1): initialized
[    4.774509] Initialise system trusted keyring
[    4.778052] HugeTLB registered 2 MB page size, pre-allocated 0 pages
[    4.781674] zbud: loaded
[    4.784644] VFS: Disk quotas dquot_6.6.0
[    4.786163] VFS: Dquot-cache hash table entries: 512 (order 0, 4096 bytes)
[    4.788768] squashfs: version 4.0 (2009/01/31) Phillip Lougher
[    4.792760] fuse init (API version 7.23)
[    4.794522] Key type big_key registered
[    4.795927] Allocating IMA MOK and blacklist keyrings.
[    4.805539] Key type asymmetric registered
[    4.807084] Asymmetric key parser 'x509' registered
[    4.808933] Block layer SCSI generic (bsg) driver version 0.4 loaded (major 249)
[    4.811693] io scheduler noop registered
[    4.813197] io scheduler deadline registered (default)
[    4.815024] io scheduler cfq registered
[    4.816571] pci_hotplug: PCI Hot Plug PCI Core version: 0.5
[    4.818913] pciehp: PCI Express Hot Plug Controller Driver version: 0.4
[    4.821951] ACPI: AC Adapter [AC] (on-line)
[    4.823851] input: Power Button as /devices/LNXSYSTM:00/LNXPWRBN:00/input/input0
[    4.826725] ACPI: Power Button [PWRF]
[    4.828350] input: Sleep Button as /devices/LNXSYSTM:00/LNXSLPBN:00/input/input1
[    4.830970] ACPI: Sleep Button [SLPF]
[    4.838657] ACPI: Battery Slot [BAT0] (battery present)
[    4.840687] GHES: HEST is not enabled!
[    4.842207] Serial: 8250/16550 driver, 32 ports, IRQ sharing enabled
[    4.868458] 00:02: ttyS0 at I/O 0x3f8 (irq = 4, base_baud = 115200) is a 16550A
[    4.872539] Linux agpgart interface v0.103
[    4.884168] loop: module loaded
[    4.887826] scsi host0: ata_piix
[    4.889575] scsi host1: ata_piix
[    4.890847] ata1: PATA max UDMA/33 cmd 0x1f0 ctl 0x3f6 bmdma 0xd000 irq 14
[    4.894106] ata2: PATA max UDMA/33 cmd 0x170 ctl 0x376 bmdma 0xd008 irq 15
[    4.915280] libphy: Fixed MDIO Bus: probed
[    4.916938] tun: Universal TUN/TAP device driver, 1.6
[    4.918989] tun: (C) 1999-2004 Max Krasnyansky <maxk@qualcomm.com>
[    4.921676] PPP generic driver version 2.4.2
[    4.923452] ehci_hcd: USB 2.0 'Enhanced' Host Controller (EHCI) Driver
[    4.936563] ehci-pci: EHCI PCI platform driver
[    4.938495] ehci-platform: EHCI generic platform driver
[    4.942160] ohci_hcd: USB 1.1 'Open' Host Controller (OHCI) Driver
[    4.947956] ohci-pci: OHCI PCI platform driver
[    4.949704] ohci-platform: OHCI generic platform driver
[    4.951535] uhci_hcd: USB Universal Host Controller Interface driver
[    4.953730] i8042: PNP: PS/2 Controller [PNP0303:PS2K,PNP0f03:PS2M] at 0x60,0x64 irq 1,12
[    4.963531] serio: i8042 KBD port at 0x60,0x64 irq 1
[    4.965404] serio: i8042 AUX port at 0x60,0x64 irq 12
[    4.967229] mousedev: PS/2 mouse device common for all mice
[    4.981475] input: AT Translated Set 2 keyboard as /devices/platform/i8042/serio0/input/input2
[    5.001961] rtc_cmos rtc_cmos: rtc core: registered rtc_cmos as rtc0
[    5.004063] rtc_cmos rtc_cmos: alarms up to one day, 114 bytes nvram
[    5.006245] i2c /dev entries driver
[    5.007653] device-mapper: uevent: version 1.0.3
[    5.009498] device-mapper: ioctl: 4.34.0-ioctl (2015-10-28) initialised: dm-devel@redhat.com
[    5.012519] ledtrig-cpu: registered to indicate activity on CPUs
[    5.015215] NET: Registered protocol family 10
[    5.018848] NET: Registered protocol family 17
[    5.020978] Key type dns_resolver registered
[    5.023318] registered taskstats version 1
[    5.036282] Loading compiled-in X.509 certificates
[    5.038595] Loaded X.509 cert 'Build time autogenerated kernel key: cef5e81496c0efa51b848ab539e845ddf31c08be'
[    5.042061] zswap: loaded using pool lzo/zbud
[    5.065565] Key type trusted registered
[    5.143626] Key type encrypted registered
[    5.145305] AppArmor: AppArmor sha1 policy hashing enabled
[    5.147250] ima: No TPM chip found, activating TPM-bypass!
[    5.149593] ima: Allocated hash algorithm: sha1
[    5.151744] evm: HMAC attrs: 0x1
[    5.158498]   Magic number: 12:2:813
[    5.160164] rtc_cmos rtc_cmos: setting system clock to 2020-07-28 01:50:16 UTC (1595901016)
[    5.168730] BIOS EDD facility v0.16 2004-Jun-25, 0 devices found
[    5.171398] EDD information not available.
[    5.175485] Freeing unused kernel memory: 1492K
[    5.187965] Write protecting the kernel read-only data: 14336k
[    5.190507] Freeing unused kernel memory: 1592K
[    5.196941] Freeing unused kernel memory: 56K
Loading, please wait...
starting version[    5.293629] random: systemd-udevd: uninitialized urandom read (16 bytes read, 3 bits of entropy available)
 229
[    5.294266] random: udevadm: uninitialized urandom read (16 bytes read, 3 bits of entropy available)
[    5.294294] random: udevadm: uninitialized urandom read (16 bytes read, 3 bits of entropy available)
[    5.304253] random: udevadm: uninitialized urandom read (16 bytes read, 3 bits of entropy available)
[    5.304311] random: udevadm: uninitialized urandom read (16 bytes read, 3 bits of entropy available)
[    5.304514] random: udevadm: uninitialized urandom read (16 bytes read, 3 bits of entropy available)
[    5.304580] random: udevadm: uninitialized urandom read (16 bytes read, 3 bits of entropy available)
[    5.304643] random: udevadm: uninitialized urandom read (16 bytes read, 3 bits of entropy available)
[    5.304717] random: udevadm: uninitialized urandom read (16 bytes read, 3 bits of entropy available)
[    5.304780] random: udevadm: uninitialized urandom read (16 bytes read, 3 bits of entropy available)
[    5.400945] e1000: Intel(R) PRO/1000 Network Driver - version 7.3.21-k8-NAPI
[    5.403614] e1000: Copyright (c) 1999-2006 Intel Corporation.
[    5.406983] Fusion MPT base driver 3.04.20
[    5.414432] Copyright (c) 1999-2008 LSI Corporation
[    5.465467] Fusion MPT SPI Host driver 3.04.20
[    5.496952] AVX version of gcm_enc/dec engaged.
[    5.499431] AES CTR mode by8 optimization enabled
[    5.688388] input: ImExPS/2 Generic Explorer Mouse as /devices/platform/i8042/serio1/input/input4
[    5.810646] e1000 0000:00:03.0 eth0: (PCI:33MHz:32-bit) 02:d4:60:56:24:74
[    5.830895] e1000 0000:00:03.0 eth0: Intel(R) PRO/1000 Network Connection
[    5.861019] mptbase: ioc0: Initiating bringup
[    5.979434] ioc0: LSI53C1030 A0: Capabilities={Initiator}
[    6.148048] scsi host2: ioc0: LSI53C1030 A0, FwRev=00000000h, Ports=1, MaxQ=256, IRQ=20
[    6.285657] scsi 2:0:0:0: Direct-Access     VBOX     HARDDISK         1.0  PQ: 0 ANSI: 5
[    6.428677] scsi target2:0:0: Beginning Domain Validation
[    6.443487] scsi target2:0:0: Domain Validation skipping write tests
[    6.452676] scsi target2:0:0: Ending Domain Validation
[    6.508722] scsi target2:0:0: asynchronous
[    6.519291] scsi 2:0:1:0: Direct-Access     VBOX     HARDDISK         1.0  PQ: 0 ANSI: 5
[    6.522405] scsi target2:0:1: Beginning Domain Validation
[    6.525617] scsi target2:0:1: Domain Validation skipping write tests
[    6.530887] scsi target2:0:1: Ending Domain Validation
[    6.534309] scsi target2:0:1: asynchronous
[    6.552358] sd 2:0:0:0: Attached scsi generic sg0 type 0
[    6.562413] sd 2:0:0:0: [sda] 20971520 512-byte logical blocks: (10.7 GB/10.0 GiB)
[    6.565514] sd 2:0:0:0: [sda] Write Protect is off
[    6.567322] sd 2:0:0:0: [sda] Incomplete mode parameter data
[    6.569268] sd 2:0:0:0: [sda] Assuming drive cache: write through
[    6.707776] sd 2:0:1:0: [sdb] 20480 512-byte logical blocks: (10.5 MB/10.0 MiB)
[    6.977664] sd 2:0:1:0: Attached scsi generic sg1 type 0
[    7.045965] sd 2:0:1:0: [sdb] Write Protect is off
[    7.116034] e1000 0000:00:08.0 eth1: (PCI:33MHz:32-bit) 08:00:27:18:6d:7e
[    7.116039] e1000 0000:00:08.0 eth1: Intel(R) PRO/1000 Network Connection
[    7.566372] sd 2:0:1:0: [sdb] Incomplete mode parameter data
[    7.569036] sd 2:0:1:0: [sdb] Assuming drive cache: write through
[    7.571901] e1000 0000:00:08.0 enp0s8: renamed from eth1
[    7.584152]  sda: sda1
[    7.584582] sd 2:0:1:0: [sdb] Attached SCSI disk
[    7.682124] e1000 0000:00:03.0 enp0s3: renamed from eth0
[    7.740557] sd 2:0:0:0: [sda] Attached SCSI disk
Begin: Loading e[    9.441438] md: linear personality registered for level -1
ssential drivers ... [    9.490862] md: multipath personality registered for level -4
[    9.550206] md: raid0 personality registered for level 0
[    9.678087] md: raid1 personality registered for level 1
[    9.763274] raid6: sse2x1   gen()  6811 MB/s
[    9.831331] raid6: sse2x1   xor()  4059 MB/s
[    9.923301] raid6: sse2x2   gen()  7993 MB/s
[    9.999266] raid6: sse2x2   xor()  4885 MB/s
[   10.079748] raid6: sse2x4   gen()  9069 MB/s
[   10.159268] raid6: sse2x4   xor()  5180 MB/s
[   10.179990] raid6: using algorithm sse2x4 gen() 9069 MB/s
[   10.199282] raid6: .... xor() 5180 MB/s, rmw enabled
[   10.216179] raid6: using ssse3x2 recovery algorithm
[   10.257970] xor: automatically using best checksumming function:
[   10.311384]    avx       : 16877.000 MB/sec
[   10.321812] async_tx: api initialized (async)
[   10.347876] md: raid6 personality registered for level 6
[   10.434200] md: raid5 personality registered for level 5
[   10.525099] md: raid4 personality registered for level 4
[   10.599924] md: raid10 personality registered for level 10
done.
Begin: Running /scripts/init-premount ... done.
Begin: Mounti[   10.703144] Btrfs loaded
ng root file system ... Begin: Running /scripts/local-top ... done.
Begin: Running /scripts/local-premount ... Scanning for Btrfs filesystems
done.
Warning: fsck not present, so skipping root file system
[   10.817158] EXT4-fs (sda1): mounted filesystem with ordered data mode. Opts: (null)
done.
Begin: Running /scripts/local-bottom ... done.
Begin: Running /scripts/init-bottom ... done.
[   11.035462] systemd[1]: systemd 229 running in system mode. (+PAM +AUDIT +SELINUX +IMA +APPARMOR +SMACK +SYSVINIT +UTMP +LIBCRYPTSETUP +GCRYPT +GNUTLS +ACL +XZ -LZ4 +SECCOMP +BLKID +ELFUTILS +KMOD -IDN)
[   11.244475] systemd[1]: Detected virtualization oracle.
[   11.289463] systemd[1]: Detected architecture x86-64.

Welcome to [1mUbuntu 16.04.6 LTS[0m!

[   11.464762] systemd[1]: Set hostname to <vague-web-server>.
[   11.801666] random: nonblocking pool is initialized
[   11.956084] systemd[1]: Listening on Journal Socket.
[[0;32m  OK  [0m] Listening on Journal Socket.
[   12.001442] systemd[1]: Listening on udev Kernel Socket.
[[0;32m  OK  [0m] Listening on udev Kernel Socket.
[   12.063543] systemd[1]: Set up automount Arbitrary Executable File Formats File System Automount Point.
[[0;32m  OK  [0m] Set up automount Arbitrary Executab...ats File System Automount Point.
[   12.078566] systemd[1]: Reached target User and Group Name Lookups.
[[0;32m  OK  [0m] Reached target User and Group Name Lookups.
[   12.094029] systemd[1]: Reached target Swap.
[[0;32m  OK  [0m] Reached target Swap.
[   12.100410] systemd[1]: Created slice User and Session Slice.
[[0;32m  OK  [0m] Created slice User and Session Slice.
[   12.113063] systemd[1]: Listening on LVM2 poll daemon socket.
[[0;32m  OK  [0m] Listening on LVM2 poll daemon socket.
[   12.129156] systemd[1]: Listening on udev Control Socket.
[[0;32m  OK  [0m] Listening on udev Control Socket.
[   12.142876] systemd[1]: Listening on Syslog Socket.
[[0;32m  OK  [0m] Listening on Syslog Socket.
[   12.155169] systemd[1]: Listening on Journal Socket (/dev/log).
[[0;32m  OK  [0m] Listening on Journal Socket (/dev/log).
[   12.169777] systemd[1]: Started Forward Password Requests to Wall Directory Watch.
[[0;32m  OK  [0m] Started Forward Password Requests to Wall Directory Watch.
[   12.187756] systemd[1]: Reached target Encrypted Volumes.
[[0;32m  OK  [0m] Reached target Encrypted Volumes.
[   12.201334] systemd[1]: Listening on Device-mapper event daemon FIFOs.
[[0;32m  OK  [0m] Listening on Device-mapper event daemon FIFOs.
[   12.220138] systemd[1]: Created slice System Slice.
[[0;32m  OK  [0m] Created slice System Slice.
[   12.231098] systemd[1]: Created slice system-serial\x2dgetty.slice.
[[0;32m  OK  [0m] Created slice system-serial\x2dgetty.slice.
[   12.267642] systemd[1]: Starting Load Kernel Modules...
         Starting Load Kernel Modules...
[   12.281834] systemd[1]: Mounting POSIX Message Queue File System...
         Mounting POSIX Message Queue File System...
[   12.296704] systemd[1]: Reached target Slices.
[[0;32m  OK  [0m] Reached target Slices.
[   12.341071] systemd[1]: Starting Remount Root and Kernel File Systems...
[   12.349768] Loading iSCSI transport class v2.0-870.
         Starting Remount Root and Kernel File Systems...[   12.358628] EXT4-fs (sda1): re-mounted. Opts: (null)

[   12.385118] systemd[1]: Starting Nameserver information manager...
         Starting Nameserver information manager...
[   12.415240] systemd[1]: Starting Uncomplicated firewall...
         Starting Uncomplicated firewall...
[   12.434671] systemd[1]: Mounting Huge Pages File System...
         Mounting Huge Pages File System...
[   12.452401] systemd[1]: Listening on LVM2 metadata daemon socket.
[   12.454080] iscsi: registered transport (tcp)
[[0;32m  OK  [0m] Listening on LVM2 metadata daemon socket.
[   12.462887] systemd[1]: Listening on Journal Audit Socket.
[[0;32m  OK  [0m] Listening on Journal Audit Socket.
[   12.471772] systemd[1]: Starting Journal Service...
         Starting Journal Service...
[   12.483321] systemd[1]: Listening on /dev/initctl Compatibility Named Pipe.
[[0;32m  OK  [0m] Listening on /dev/initctl Compatibility Named Pipe.
[   12.495351] systemd[1]: Starting Create list of required static device nodes for the current kernel...
         Starting Create list of required st... nodes for the current kernel...
[   12.512922] systemd[1]: Reached target System Time Synchronized.
[[0;32m  OK  [0m] Reached target System Time Synchronized.
[   12.530357] systemd[1]: Started Trigger resolvconf update for networkd DNS.
[[0;32m  OK  [0m] Started Trigger resolvconf update for networkd DNS.
[   12.552822] systemd[1]: Mounting Debug File System...
         Mounting Debug File System...
[   12.566309] systemd[1]: Starting Set console keymap...
         Starting Set console keymap...
[   12.620417] systemd[1]: Starting Monitoring of LVM2 mirrors, snapshots etc. using dmeventd or progress polling...
         Starting Monitoring of LVM2 mirrors... dmeventd or progress polling...
[   12.664737] systemd[1]: Mounted Debug File System.
[[0;32m  OK  [0m] Mounted Debug File System.
[   12.712419] systemd[1]: Mounted POSIX Message Queue File System.
[[0;32m  OK  [0m] Mounted POSIX Message Queue File System.
[   12.782746] iscsi: registered transport (iser)
[   12.782947] systemd[1]: Mounted Huge Pages File System.
[[0;32m  OK  [0m] Mounted Huge Pages File System.
[   13.143570] systemd[1]: Started Journal Service.
[[0;32m  OK  [0m] Started Journal Service.
[[0;32m  OK  [0m] Started Load Kernel Modules.
[[0;32m  OK  [0m] Started Remount Root and Kernel File Systems.
[[0;32m  OK  [0m] Started Uncomplicated firewall.
[[0;32m  OK  [0m] Started Create list of required sta...ce nodes for the current kernel.
[[0;32m  OK  [0m] Started Set console keymap.
[[0;32m  OK  [0m] Started Nameserver information manager.
[[0;32m  OK  [0m] Started LVM2 metadata daemon.
         Starting Create Static Device Nodes in /dev...
         Starting Load/Save Random Seed...
         Starting udev Coldplug all Devices...
         Starting Apply Kernel Variables...
         Mounting FUSE Control File System...
         Starting Flush Journal to Persistent Storage...
[[0;32m  OK  [0m] Mounted FUSE Control File System.
[[0;32m  OK  [0m] Started Monitoring of LVM2 mirrors,...ng dmeventd or progress polling.
[[0;32m  OK  [0m] Started Create Static Device Nodes in /dev.
[[0;32m  OK  [0m] Started Load/Save Random Seed.
[[0;32m  OK  [0m] Started Apply Kernel Variables.
[[0;32m  OK  [0m] Started udev Coldplug all Devices.
         Starting udev Kernel Device Manager...
[[0;32m  OK  [0m] Reached target Local File Systems (Pre).
[[0;32m  OK  [0m] Reached target Local File Systems.
         Starting LSB: AppArmor initialization...
         Starting Initial cloud-init job (pre-networking)...
         Starting Tell Plymouth To Write Out Runtime Data...
         Starting Set console font and keymap...
[[0;32m  OK  [0m] Started udev Kernel Device Manager.
[[0;32m  OK  [0m] Started Tell Plymouth To Write Out Runtime Data.
[[0;32m  OK  [0m] Started Flush Journal to Persistent Storage.
[[0;32m  OK  [0m] Found device /dev/ttyS0.
[[0;32m  OK  [0m] Started LSB: AppArmor initialization.
[[0;32m  OK  [0m] Listening on Load/Save RF Kill Switch Status /dev/rfkill Watch.
         Starting Load AppArmor profiles managed internally by snapd...
         Starting Create Volatile Files and Directories...
[[0;32m  OK  [0m] Started Dispatch Password Requests to Console Directory Watch.
[   14.711400] cloud-init[485]: Cloud-init v. 20.2-45-g5f7825e2-0ubuntu1~16.04.1 running 'init-local' at Tue, 28 Jul 2020 01:50:28 +0000. Up 13.87 seconds.
[[0;32m  OK  [0m] Started Set console font and keymap.
[[0;32m  OK  [0m] Started Load AppArmor profiles managed internally by snapd.
[[0;32m  OK  [0m] Started Create Volatile Files and Directories.
[[0;32m  OK  [0m] Started Initial cloud-init job (pre-networking).
[[0;32m  OK  [0m] Reached target Network (Pre).
[[0;32m  OK  [0m] Started ifup for enp0s8.
[[0;32m  OK  [0m] Started ifup for enp0s3.
         Starting Raise network interfaces...
         Starting Update UTMP about System Boot/Shutdown...
[[0;32m  OK  [0m] Created slice system-getty.slice.
[[0;32m  OK  [0m] Started Update UTMP about System Boot/Shutdown.
[[0;32m  OK  [0m] Started Raise network interfaces.
[[0;32m  OK  [0m] Reached target Network.
         Starting Initial cloud-init job (metadata service crawler)...
[   16.381942] cloud-init[1076]: Cloud-init v. 20.2-45-g5f7825e2-0ubuntu1~16.04.1 running 'init' at Tue, 28 Jul 2020 01:50:30 +0000. Up 16.05 seconds.
[   16.402856] cloud-init[1076]: ci-info: ++++++++++++++++++++++++++++++++++++++Net device info+++++++++++++++++++++++++++++++++++++++
[   16.480383] cloud-init[1076]: ci-info: +--------+------+-----------------------------+---------------+--------+-------------------+
[   16.480587] cloud-init[1076]: ci-info: | Device |  Up  |           Address           |      Mask     | Scope  |     Hw-Address    |
[[0;32m  OK  [0m] Started Initial cloud-init job (metadata service crawler).
[   16.480669] cloud-init[1076]: ci-info: +--------+------+-----------------------------+---------------+--------+-------------------+
[   16.662268] cloud-init[1076]: ci-info: | enp0s3 | True |          10.0.2.15          | 255.255.255.0 | global | 02:d4:60:56:24:74 |
[   16.662365] cloud-init[1076]: ci-info: | enp0s3 | True |  fe80::d4:60ff:fe56:2474/64 |       .       |  link  | 02:d4:60:56:24:74 |
[[0;32m  OK  [0m] Reached target System Initialization.
[   16.662501] cloud-init[1076]: ci-info: | enp0s8 | True |         192.168.3.2         | 255.255.255.0 | global | 08:00:27:18:6d:7e |
[   16.796339] cloud-init[1076]: ci-info: | enp0s8 | True | fe80::a00:27ff:fe18:6d7e/64 |       .       |  link  | 08:00:27:18:6d:7e |
[   16.863912] cloud-init[1076]: ci-info: |   lo   | True |          127.0.0.1          |   255.0.0.0   |  host  |         .         |
[   16.864211] cloud-init[1076]: ci-info: |   lo   | True |           ::1/128           |       .       |  host  |         .         |
[[0;32m  OK  [0m] Started Daily apt download activities.
[   16.864380] cloud-init[1076]: ci-info: +--------+------+-----------------------------+---------------+--------+-------------------+
         Starting Socket activation for snappy daemon.
[   17.041071] cloud-init[1076]: ci-info: ++++++++++++++++++++++++++++++Route IPv4 info++++++++++++++++++++++++++++++
[   17.170512] cloud-init[1076]: ci-info: +-------+-------------+---------------+---------------+-----------+-------+
[   17.170753] cloud-init[1076]: ci-info: | Route | Destination |    Gateway    |    Genmask    | Interface | Flags |
         Starting LXD - unix socket.
[[   17.170889] cloud-init[1076]: ci-info: +-------+-------------+---------------+---------------+-----------+-------+
[   17.316155] cloud-init[1076]: ci-info: |   0   |   0.0.0.0   |    10.0.2.2   |    0.0.0.0    |   enp0s3  |   UG  |
[0;32m  OK  [0m] Started Daily Cleanup of Temporary Directories.
[   17.316253] cloud-init[1076]: ci-info: |   1   |   10.0.2.0  |    0.0.0.0    | 255.255.255.0 |   enp0s3  |   U   |
[   17.524297] cloud-init[1076]: ci-info: |   2   | 192.168.0.0 | 192.168.3.254 |  255.255.0.0  |   enp0s8  |   UG  |
[   17.524503] cloud-init[1076]: ci-info: |   3   | 192.168.3.0 |    0.0.0.0    | 255.255.255.0 |   enp0s8  |   U   |
[[0;32m  OK  [0m] Started ACPI Events Check.
[   17.524613] cloud-init[1076]: ci-info: +-------+-------------+---------------+---------------+-----------+-------+
[[0;32m  OK  [0m] Reached target Paths.
[[   17.688804] cloud-init[1076]: ci-info: +++++++++++++++++++Route IPv6 info+++++++++++++++++++
[0;32m  OK  [0m] Listening on UUID daemon activation socket.
[   17.800866] cloud-init[1076]: ci-info: +-------+-------------+---------+-----------+-------+
[   18.012126] cloud-init[1076]: ci-info: | Route | Destination | Gateway | Interface | Flags |
[   18.012404] cloud-init[1076]: ci-info: +-------+-------------+---------+-----------+-------+
[[0;32m  OK  [0m] Listening on ACPID Listen Socket.
[   18.012548] cloud-init[1076]: ci-info: |   0   |  fe80::/64  |    ::   |   enp0s8  |   U   |
[   18.260636] cloud-init[1076]: ci-info: |   1   |  fe80::/64  |    ::   |   enp0s3  |   U   |
[   18.400917] cloud-init[1076]: ci-info: |   4   |   ff00::/8  |    ::   |   enp0s8  |   U   |
[   18.456489] cloud-init[1076]: ci-info: |   5   |   ff00::/8  |    ::   |   enp0s3  |   U   |
[   18.456772] cloud-init[1076]: ci-info: +-------+-------------+---------+-----------+-------+
[[0;32m  OK  [0m] Started Message of the Day.
[[0;32m  OK  [0m] Listening on D-Bus System Message Bus Socket.
[[0;32m  OK  [0m] Started Daily apt upgrade and clean activities.
[[0;32m  OK  [0m] Reached target Timers.
[[0;32m  OK  [0m] Reached target Cloud-config availability.
[[0;32m  OK  [0m] Reached target Network is Online.
         Starting iSCSI initiator daemon (iscsid)...
[[0;32m  OK  [0m] Listening on Socket activation for snappy daemon.
[[0;32m  OK  [0m] Listening on LXD - unix socket.
[[0;32m  OK  [0m] Reached target Sockets.
[[0;32m  OK  [0m] Reached target Basic System.
         Starting LSB: MD monitoring daemon...
[[0;32m  OK  [0m] Started Regular background program processing daemon.
[[0;32m  OK  [0m] Started D-Bus System Message Bus.
         Starting LSB: Record successful boot for GRUB...
[[0;32m  OK  [0m] Started Deferred execution scheduler.
         Starting LXD - container startup/shutdown...
         Starting OpenBSD Secure Shell server...
         Starting Virtualbox guest utils...
[[0;32m  OK  [0m] Started ACPI event daemon.
         Starting System Logging Service...
         Starting /etc/rc.local Compatibility...
[[0;32m  OK  [0m] Started FUSE filesystem for LXC.
         Starting Login Service...
         Starting Accounts Service...
         Starting Snap Daemon...
[[0;32m  OK  [0m] Started iSCSI initiator daemon (iscsid).
[[0;32m  OK  [0m] Started /etc/rc.local Compatibility.
         Starting Login to default iSCSI targets...
[[0;32m  OK  [0m] Started System Logging Service.
[[0;32m  OK  [0m] Started Login Service.
[[0;32m  OK  [0m] Started LSB: MD monitoring daemon.
[[0;32m  OK  [0m] Started Unattended Upgrades Shutdown.
[[0;32m  OK  [0m] Started LSB: Record successful boot for GRUB.
[[0;32m  OK  [0m] Started Login to default iSCSI targets.
[[0;32m  OK  [0m] Started OpenBSD Secure Shell server.
[[0;32m  OK  [0m] Started LXD - container startup/shutdown.
[[0;32m  OK  [0m] Started Virtualbox guest utils.
         Starting Authenticate and Authorize Users to Run Privileged Tasks...
[[0;32m  OK  [0m] Reached target Remote File Systems (Pre).
[[0;32m  OK  [0m] Reached target Remote File Systems.
         Starting LSB: daemon to balance interrupts for SMP systems...
         Starting LSB: automatic crash report generation...
         Starting Permit User Sessions...
         Starting LSB: Set the CPU Frequency Scaling governor to "ondemand"...
[[0;32m  OK  [0m] Started Snap Daemon.
[[0;32m  OK  [0m] Started Permit User Sessions.
[[0;32m  OK  [0m] Started Authenticate and Authorize Users to Run Privileged Tasks.
[[0;32m  OK  [0m] Started Accounts Service.
         Starting Terminate Plymouth Boot Screen...
         Starting Hold until boot process finishes up...
         Starting Wait until snapd is fully seeded...
[[0;32m  OK  [0m] Started Hold until boot process finishes up.
[[0;32m  OK  [0m] Started LSB: daemon to balance interrupts for SMP systems.
[[0;32m  OK  [0m] Started Terminate Plymouth Boot Screen.
[[0;32m  OK  [0m] Started Wait until snapd is fully seeded.
         Starting Apply the settings specified in cloud-config...
         Starting Set console scheme...
[[0;32m  OK  [0m] Started Getty on tty1.
[[0;32m  OK  [0m] Started Serial Getty on ttyS0.
[[0;32m  OK  [0m] Reached target Login Prompts.
[[0;32m  OK  [0m] Started LSB: automatic crash report generation.
[[0;32m  OK  [0m] Started LSB: Set the CPU Frequency Scaling governor to "ondemand".
[[0;32m  OK  [0m] Started Set console scheme.
[[0;32m  OK  [0m] Reached target Multi-User System.
[[0;32m  OK  [0m] Reached target Graphical Interface.
         Starting Update UTMP about System Runlevel Changes...
[[0;32m  OK  [0m] Started Update UTMP about System Runlevel Changes.
[   21.541467] cloud-init[1316]: Cloud-init v. 20.2-45-g5f7825e2-0ubuntu1~16.04.1 running 'modules:config' at Tue, 28 Jul 2020 01:50:36 +0000. Up 21.37 seconds.
[[0;32m  OK  [0m] Started Apply the settings specified in cloud-config.
         Starting Execute cloud user/final scripts...
[   22.038868] cloud-init[1350]: Cloud-init v. 20.2-45-g5f7825e2-0ubuntu1~16.04.1 running 'modules:final' at Tue, 28 Jul 2020 01:50:36 +0000. Up 21.94 seconds.
[   22.182707] cloud-init[1350]: Cloud-init v. 20.2-45-g5f7825e2-0ubuntu1~16.04.1 finished at Tue, 28 Jul 2020 01:50:36 +0000. Datasource DataSourceNoCloud [seed=/dev/sdb][dsmode=net].  Up 22.03 seconds
[[0;32m  OK  [0m] Started Execute cloud user/final scripts.
[[0;32m  OK  [0m] Reached target Cloud-init target.

Ubuntu 16.04.6 LTS vague-web-server ttyS0

vague-web-server login: 