[    0.000000] Initializing cgroup subsys cpuset
[    0.000000] Initializing cgroup subsys cpu
[    0.000000] Initializing cgroup subsys cpuacct
[    0.000000] Linux version 4.4.0-186-generic (buildd@lcy01-amd64-002) (gcc version 5.4.0 20160609 (Ubuntu 5.4.0-6ubuntu1~16.04.12) ) #216-Ubuntu SMP Wed Jul 1 05:34:05 UTC 2020 (Ubuntu 4.4.0-186.216-generic 4.4.228)
[    0.000000] Command line: BOOT_IMAGE=/boot/vmlinuz-4.4.0-186-generic root=LABEL=cloudimg-rootfs ro console=tty1 console=ttyS0
[    0.000000] KERNEL supported cpus:
[    0.000000]   Intel GenuineIntel
[    0.000000]   AMD AuthenticAMD
[    0.000000]   Centaur CentaurHauls
[    0.000000] ------------[ cut here ]------------
[    0.000000] WARNING: CPU: 0 PID: 0 at /build/linux-OgLptz/linux-4.4.0/arch/x86/kernel/fpu/xstate.c:517 fpu__init_system_xstate+0x37e/0x764()
[    0.000000] XSAVE consistency problem, dumping leaves
[    0.000000] Modules linked in:
[    0.000000] CPU: 0 PID: 0 Comm: swapper Not tainted 4.4.0-186-generic #216-Ubuntu
[    0.000000]  0000000000000086 a2789966b37fe7e5 ffffffff81e03d80 ffffffff8140ebbb
[    0.000000]  ffffffff81e03dc8 ffffffff81cb4178 ffffffff81e03db8 ffffffff810864b2
[    0.000000]  0000000000000008 0000000000000340 0000000000000100 ffffffff81e03e4c
[    0.000000] Call Trace:
[    0.000000]  [<ffffffff8140ebbb>] dump_stack+0x6d/0x92
[    0.000000]  [<ffffffff810864b2>] warn_slowpath_common+0x82/0xc0
[    0.000000]  [<ffffffff8108654c>] warn_slowpath_fmt+0x5c/0x80
[    0.000000]  [<ffffffff81081fa6>] ? xfeature_size+0x59/0x77
[    0.000000]  [<ffffffff81f78585>] fpu__init_system_xstate+0x37e/0x764
[    0.000000]  [<ffffffff81f68120>] ? early_idt_handler_array+0x120/0x120
[    0.000000]  [<ffffffff81f77f8e>] fpu__init_system+0x1e7/0x28e
[    0.000000]  [<ffffffff81f792ad>] early_cpu_init+0x330/0x335
[    0.000000]  [<ffffffff81f792ad>] ? early_cpu_init+0x330/0x335
[    0.000000]  [<ffffffff81f74535>] setup_arch+0xc0/0xd1f
[    0.000000]  [<ffffffff81f68120>] ? early_idt_handler_array+0x120/0x120
[    0.000000]  [<ffffffff81f68c16>] start_kernel+0xe2/0x4a7
[    0.000000]  [<ffffffff81f68120>] ? early_idt_handler_array+0x120/0x120
[    0.000000]  [<ffffffff81f682da>] x86_64_start_reservations+0x2a/0x2c
[    0.000000]  [<ffffffff81f68426>] x86_64_start_kernel+0x14a/0x16d
[    0.000000] ---[ end trace 4d5ff9f2f68c4233 ]---
[    0.000000] CPUID[0d, 00]: eax=00000007 ebx=00000440 ecx=00000440 edx=00000000
[    0.000000] CPUID[0d, 01]: eax=00000000 ebx=000003c0 ecx=00000000 edx=00000000
[    0.000000] CPUID[0d, 02]: eax=00000100 ebx=00000240 ecx=00000000 edx=00000000
[    0.000000] CPUID[0d, 03]: eax=00000000 ebx=00000000 ecx=00000000 edx=00000000
[    0.000000] CPUID[0d, 04]: eax=00000000 ebx=00000000 ecx=00000000 edx=00000000
[    0.000000] CPUID[0d, 05]: eax=00000000 ebx=00000000 ecx=00000000 edx=00000000
[    0.000000] CPUID[0d, 06]: eax=00000000 ebx=00000000 ecx=00000000 edx=00000000
[    0.000000] CPUID[0d, 07]: eax=00000000 ebx=00000000 ecx=00000000 edx=00000000
[    0.000000] CPUID[0d, 08]: eax=00000000 ebx=00000000 ecx=00000000 edx=00000000
[    0.000000] CPUID[0d, 09]: eax=00000000 ebx=00000000 ecx=00000000 edx=00000000
[    0.000000] CPUID[0d, 0a]: eax=00000000 ebx=00000000 ecx=00000000 edx=00000000
[    0.000000] CPUID[0d, 0b]: eax=00000000 ebx=00000000 ecx=00000000 edx=00000000
[    0.000000] CPUID[0d, 0c]: eax=00000000 ebx=00000000 ecx=00000000 edx=00000000
[    0.000000] CPUID[0d, 0d]: eax=00000000 ebx=00000000 ecx=00000000 edx=00000000
[    0.000000] CPUID[0d, 0e]: eax=00000000 ebx=00000000 ecx=00000000 edx=00000000
[    0.000000] CPUID[0d, 0f]: eax=00000000 ebx=00000000 ecx=00000000 edx=00000000
[    0.000000] CPUID[0d, 10]: eax=00000000 ebx=00000000 ecx=00000000 edx=00000000
[    0.000000] CPUID[0d, 11]: eax=00000000 ebx=00000000 ecx=00000000 edx=00000000
[    0.000000] x86/fpu: xstate_offset[2]:  576, xstate_sizes[2]:  256
[    0.000000] x86/fpu: Supporting XSAVE feature 0x01: 'x87 floating point registers'
[    0.000000] x86/fpu: Supporting XSAVE feature 0x02: 'SSE registers'
[    0.000000] x86/fpu: Supporting XSAVE feature 0x04: 'AVX registers'
[    0.000000] x86/fpu: Enabled xstate features 0x7, context size is 1088 bytes, using 'standard' format.
[    0.000000] e820: BIOS-provided physical RAM map:
[    0.000000] BIOS-e820: [mem 0x0000000000000000-0x000000000009fbff] usable
[    0.000000] BIOS-e820: [mem 0x000000000009fc00-0x000000000009ffff] reserved
[    0.000000] BIOS-e820: [mem 0x00000000000f0000-0x00000000000fffff] reserved
[    0.000000] BIOS-e820: [mem 0x0000000000100000-0x000000003ffeffff] usable
[    0.000000] BIOS-e820: [mem 0x000000003fff0000-0x000000003fffffff] ACPI data
[    0.000000] BIOS-e820: [mem 0x00000000fec00000-0x00000000fec00fff] reserved
[    0.000000] BIOS-e820: [mem 0x00000000fee00000-0x00000000fee00fff] reserved
[    0.000000] BIOS-e820: [mem 0x00000000fffc0000-0x00000000ffffffff] reserved
[    0.000000] NX (Execute Disable) protection: active
[    0.000000] SMBIOS 2.5 present.
[    0.000000] Hypervisor detected: KVM
[    0.000000] e820: last_pfn = 0x3fff0 max_arch_pfn = 0x400000000
[    0.000000] MTRR: Disabled
[    0.000000] x86/PAT: MTRRs disabled, skipping PAT initialization too.
[    0.000000] CPU MTRRs all blank - virtualized system.
[    0.000000] x86/PAT: Configuration [0-7]: WB  WT  UC- UC  WB  WT  UC- UC  
[    0.000000] found SMP MP-table at [mem 0x0009fff0-0x0009ffff] mapped at [ffff88000009fff0]
[    0.000000] Scanning 1 areas for low memory corruption
[    0.000000] RAMDISK: [mem 0x362e2000-0x37168fff]
[    0.000000] ACPI: Early table checksum verification disabled
[    0.000000] ACPI: RSDP 0x00000000000E0000 000024 (v02 VBOX  )
[    0.000000] ACPI: XSDT 0x000000003FFF0030 00003C (v01 VBOX   VBOXXSDT 00000001 ASL  00000061)
[    0.000000] ACPI: FACP 0x000000003FFF00F0 0000F4 (v04 VBOX   VBOXFACP 00000001 ASL  00000061)
[    0.000000] ACPI: DSDT 0x000000003FFF0470 0021FF (v02 VBOX   VBOXBIOS 00000002 INTL 20160108)
[    0.000000] ACPI: FACS 0x000000003FFF0200 000040
[    0.000000] ACPI: FACS 0x000000003FFF0200 000040
[    0.000000] ACPI: APIC 0x000000003FFF0240 00005C (v02 VBOX   VBOXAPIC 00000001 ASL  00000061)
[    0.000000] ACPI: SSDT 0x000000003FFF02A0 0001CC (v01 VBOX   VBOXCPUT 00000002 INTL 20160108)
[    0.000000] No NUMA configuration found
[    0.000000] Faking a node at [mem 0x0000000000000000-0x000000003ffeffff]
[    0.000000] NODE_DATA(0) allocated [mem 0x3ffeb000-0x3ffeffff]
[    0.000000] kvm-clock: Using msrs 4b564d01 and 4b564d00
[    0.000000] kvm-clock: cpu 0, msr 0:3ffe3001, primary cpu clock
[    0.000000] kvm-clock: using sched offset of 3652590958 cycles
[    0.000000] clocksource: kvm-clock: mask: 0xffffffffffffffff max_cycles: 0x1cd42e4dffb, max_idle_ns: 881590591483 ns
[    0.000000] Zone ranges:
[    0.000000]   DMA      [mem 0x0000000000001000-0x0000000000ffffff]
[    0.000000]   DMA32    [mem 0x0000000001000000-0x000000003ffeffff]
[    0.000000]   Normal   empty
[    0.000000]   Device   empty
[    0.000000] Movable zone start for each node
[    0.000000] Early memory node ranges
[    0.000000]   node   0: [mem 0x0000000000001000-0x000000000009efff]
[    0.000000]   node   0: [mem 0x0000000000100000-0x000000003ffeffff]
[    0.000000] Initmem setup node 0 [mem 0x0000000000001000-0x000000003ffeffff]
[    0.000000] ACPI: PM-Timer IO Port: 0x4008
[    0.000000] IOAPIC[0]: apic_id 2, version 32, address 0xfec00000, GSI 0-23
[    0.000000] ACPI: INT_SRC_OVR (bus 0 bus_irq 0 global_irq 2 dfl dfl)
[    0.000000] ACPI: INT_SRC_OVR (bus 0 bus_irq 9 global_irq 9 high level)
[    0.000000] Using ACPI (MADT) for SMP configuration information
[    0.000000] smpboot: Allowing 2 CPUs, 0 hotplug CPUs
[    0.000000] PM: Registered nosave memory: [mem 0x00000000-0x00000fff]
[    0.000000] PM: Registered nosave memory: [mem 0x0009f000-0x0009ffff]
[    0.000000] PM: Registered nosave memory: [mem 0x000a0000-0x000effff]
[    0.000000] PM: Registered nosave memory: [mem 0x000f0000-0x000fffff]
[    0.000000] e820: [mem 0x40000000-0xfebfffff] available for PCI devices
[    0.000000] Booting paravirtualized kernel on KVM
[    0.000000] clocksource: refined-jiffies: mask: 0xffffffff max_cycles: 0xffffffff, max_idle_ns: 7645519600211568 ns
[    0.000000] setup_percpu: NR_CPUS:512 nr_cpumask_bits:512 nr_cpu_ids:2 nr_node_ids:1
[    0.000000] PERCPU: Embedded 33 pages/cpu @ffff88003fc00000 s95512 r8192 d31464 u1048576
[    0.000000] Built 1 zonelists in Node order, mobility grouping on.  Total pages: 257912
[    0.000000] Policy zone: DMA32
[    0.000000] Kernel command line: BOOT_IMAGE=/boot/vmlinuz-4.4.0-186-generic root=LABEL=cloudimg-rootfs ro console=tty1 console=ttyS0
[    0.000000] PID hash table entries: 4096 (order: 3, 32768 bytes)
[    0.000000] Memory: 997668K/1048120K available (8636K kernel code, 1337K rwdata, 4040K rodata, 1492K init, 1296K bss, 50452K reserved, 0K cma-reserved)
[    0.000000] SLUB: HWalign=64, Order=0-3, MinObjects=0, CPUs=2, Nodes=1
[    0.000000] Kernel/User page tables isolation: enabled
[    0.000000] Hierarchical RCU implementation.
[    0.000000] 	Build-time adjustment of leaf fanout to 64.
[    0.000000] 	RCU restricting CPUs from NR_CPUS=512 to nr_cpu_ids=2.
[    0.000000] RCU: Adjusting geometry for rcu_fanout_leaf=64, nr_cpu_ids=2
[    0.000000] NR_IRQS:33024 nr_irqs:440 16
[    0.000000] Console: colour VGA+ 80x25
[    0.000000] console [tty1] enabled
[    0.000000] console [ttyS0] enabled
[    0.000000] tsc: Detected 2207.998 MHz processor
[    2.873296] Calibrating delay loop (skipped) preset value.. 4415.99 BogoMIPS (lpj=8831992)
[    2.880209] pid_max: default: 32768 minimum: 301
[    2.885307] ACPI: Core revision 20150930
[    2.891639] ACPI: 2 ACPI AML tables successfully acquired and loaded
[    2.897444] Security Framework initialized
[    2.903030] Yama: becoming mindful.
[    2.906059] AppArmor: AppArmor initialized
[    2.909151] Dentry cache hash table entries: 131072 (order: 8, 1048576 bytes)
[    2.920198] Inode-cache hash table entries: 65536 (order: 7, 524288 bytes)
[    2.928149] Mount-cache hash table entries: 2048 (order: 2, 16384 bytes)
[    2.933424] Mountpoint-cache hash table entries: 2048 (order: 2, 16384 bytes)
[    2.936407] Initializing cgroup subsys io
[    2.938348] Initializing cgroup subsys memory
[    2.940205] Initializing cgroup subsys devices
[    2.942050] Initializing cgroup subsys freezer
[    2.943767] Initializing cgroup subsys net_cls
[    2.956230] Initializing cgroup subsys perf_event
[    2.959647] Initializing cgroup subsys net_prio
[    2.962545] Initializing cgroup subsys hugetlb
[    2.966381] Initializing cgroup subsys pids
[    2.989054] mce: CPU supports 0 MCE banks
[    2.991034] Last level iTLB entries: 4KB 64, 2MB 8, 4MB 8
[    2.993188] Last level dTLB entries: 4KB 64, 2MB 0, 4MB 0, 1GB 4
[    2.995767] Spectre V1 : Mitigation: usercopy/swapgs barriers and __user pointer sanitization
[    2.999692] Spectre V2 : Mitigation: Full generic retpoline
[    3.001905] Spectre V2 : Spectre v2 / SpectreRSB mitigation: Filling RSB on context switch
[    3.020008] Speculative Store Bypass: Vulnerable
[    3.022097] SRBDS: Unknown: Dependent on hypervisor status
[    3.024344] MDS: Vulnerable: Clear CPU buffers attempted, no microcode
[    3.030051] Freeing SMP alternatives memory: 36K
[    3.038593] ftrace: allocating 32334 entries in 127 pages
[    3.115129] smpboot: APIC(0) Converting physical 0 to logical package 0
[    3.119586] smpboot: Max logical packages: 1
[    3.122204] x2apic enabled
[    3.123857] Switched APIC routing to physical x2apic.
[    3.127990] ..TIMER: vector=0x30 apic1=0 pin1=2 apic2=-1 pin2=-1
[    3.238416] smpboot: CPU0: Intel(R) Core(TM) i3-8130U CPU @ 2.20GHz (family: 0x6, model: 0x8e, stepping: 0xa)
[    3.245418] Performance Events: unsupported p6 CPU model 142 no PMU driver, software events only.
[    3.267214] KVM setup paravirtual spinlock
[    3.270440] x86: Booting SMP configuration:
[    3.272362] .... node  #0, CPUs:      #1
[    3.293268] kvm-clock: cpu 1, msr 0:3ffe3041, secondary cpu clock
[    3.335071] mce: CPU supports 0 MCE banks
[    3.344628] x86: Booted up 1 node, 2 CPUs
[    3.351420] smpboot: Total of 2 processors activated (8831.99 BogoMIPS)
[    3.359269] devtmpfs: initialized
[    3.364565] evm: security.selinux
[    3.366371] evm: security.SMACK64
[    3.367982] evm: security.SMACK64EXEC
[    3.369666] evm: security.SMACK64TRANSMUTE
[    3.371539] evm: security.SMACK64MMAP
[    3.375880] evm: security.ima
[    3.377833] evm: security.capability
[    3.387410] clocksource: jiffies: mask: 0xffffffff max_cycles: 0xffffffff, max_idle_ns: 7645041785100000 ns
[    3.394420] futex hash table entries: 512 (order: 3, 32768 bytes)
[    3.403151] pinctrl core: initialized pinctrl subsystem
[    3.409039] RTC time:  1:50:11, date: 07/28/20
[    3.411321] NET: Registered protocol family 16
[    3.422603] cpuidle: using governor ladder
[    3.436775] cpuidle: using governor menu
[    3.438507] PCCT header not found.
[    3.442483] ACPI: bus type PCI registered
[    3.444460] acpiphp: ACPI Hot Plug PCI Controller Driver version: 0.5
[    3.455775] PCI: Using configuration type 1 for base access
[    3.475209] ACPI: Added _OSI(Module Device)
[    3.477705] ACPI: Added _OSI(Processor Device)
[    3.479625] ACPI: Added _OSI(3.0 _SCP Extensions)
[    3.482434] ACPI: Added _OSI(Processor Aggregator Device)
[    3.485421] ACPI: Executed 1 blocks of module-level executable AML code
[    3.495987] ACPI: Interpreter enabled
[    3.499184] ACPI: (supports S0 S5)
[    3.501674] ACPI: Using IOAPIC for interrupt routing
[    3.506360] PCI: Using host bridge windows from ACPI; if necessary, use "pci=nocrs" and report a bug
[    3.524074] ACPI: PCI Root Bridge [PCI0] (domain 0000 [bus 00-ff])
[    3.529390] acpi PNP0A03:00: _OSC: OS supports [ASPM ClockPM Segments MSI]
[    3.534293] acpi PNP0A03:00: _OSC: not requesting OS control; OS requires [ExtendedConfig ASPM ClockPM MSI]
[    3.540936] acpi PNP0A03:00: fail to add MMCONFIG information, can't access extended PCI configuration space under this bridge.
[    3.569544] PCI host bridge to bus 0000:00
[    3.666152] pci_bus 0000:00: root bus resource [io  0x0000-0x0cf7 window]
[    3.729155] pci_bus 0000:00: root bus resource [io  0x0d00-0xffff window]
[    3.762607] pci_bus 0000:00: root bus resource [mem 0x000a0000-0x000bffff window]
[    3.767964] pci_bus 0000:00: root bus resource [mem 0x40000000-0xffdfffff window]
[    3.773489] pci_bus 0000:00: root bus resource [bus 00-ff]
[    3.782753] pci 0000:00:01.1: legacy IDE quirk: reg 0x10: [io  0x01f0-0x01f7]
[    3.788015] pci 0000:00:01.1: legacy IDE quirk: reg 0x14: [io  0x03f6]
[    3.797130] pci 0000:00:01.1: legacy IDE quirk: reg 0x18: [io  0x0170-0x0177]
[    3.810047] pci 0000:00:01.1: legacy IDE quirk: reg 0x1c: [io  0x0376]
[    3.838591] pci 0000:00:07.0: quirk: [io  0x4000-0x403f] claimed by PIIX4 ACPI
[    3.841896] pci 0000:00:07.0: quirk: [io  0x4100-0x410f] claimed by PIIX4 SMB
[    3.887570] ACPI: PCI Interrupt Link [LNKA] (IRQs 5 9 10 *11)
[    3.892560] ACPI: PCI Interrupt Link [LNKB] (IRQs 5 9 10 *11)
[    3.897130] ACPI: PCI Interrupt Link [LNKC] (IRQs 5 9 *10 11)
[    3.900489] ACPI: PCI Interrupt Link [LNKD] (IRQs 5 *9 10 11)
[    3.903288] ACPI: Enabled 2 GPEs in block 00 to 07
[    3.907462] vgaarb: setting as boot device: PCI:0000:00:02.0
[    3.910844] vgaarb: device added: PCI:0000:00:02.0,decodes=io+mem,owns=io+mem,locks=none
[    3.918511] vgaarb: loaded
[    3.920130] vgaarb: bridge control possible 0000:00:02.0
[    3.922627] SCSI subsystem initialized
[    3.931734] ACPI: bus type USB registered
[    3.935436] usbcore: registered new interface driver usbfs
[    3.937421] usbcore: registered new interface driver hub
[    3.945226] usbcore: registered new device driver usb
[    3.956788] PCI: Using ACPI for IRQ routing
[    3.958727] NetLabel: Initializing
[    3.963338] NetLabel:  domain hash size = 128
[    3.965818] NetLabel:  protocols = UNLABELED CIPSOv4
[    3.968786] NetLabel:  unlabeled traffic allowed by default
[    3.972020] amd_nb: Cannot enumerate AMD northbridges
[    3.995102] clocksource: Switched to clocksource kvm-clock
[    4.007637] AppArmor: AppArmor Filesystem Enabled
[    4.059624] pnp: PnP ACPI init
[    4.096416] pnp: PnP ACPI: found 3 devices
[    4.120462] clocksource: acpi_pm: mask: 0xffffff max_cycles: 0xffffff, max_idle_ns: 2085701024 ns
[    4.279178] NET: Registered protocol family 2
[    4.285409] TCP established hash table entries: 8192 (order: 4, 65536 bytes)
[    4.294579] TCP bind hash table entries: 8192 (order: 5, 131072 bytes)
[    4.297620] TCP: Hash tables configured (established 8192 bind 8192)
[    4.302080] UDP hash table entries: 512 (order: 2, 16384 bytes)
[    4.306682] UDP-Lite hash table entries: 512 (order: 2, 16384 bytes)
[    4.310776] NET: Registered protocol family 1
[    4.314393] pci 0000:00:00.0: Limiting direct PCI/PCI transfers
[    4.318763] pci 0000:00:01.0: Activating ISA DMA hang workarounds
[    4.323084] Unpacking initramfs...
[    4.836882] Freeing initrd memory: 14876K
[    4.838545] clocksource: tsc: mask: 0xffffffffffffffff max_cycles: 0x1fd3b6211b4, max_idle_ns: 440795230313 ns
[    4.846932] platform rtc_cmos: registered platform RTC device (no PNP device found)
[    4.851778] Scanning for low memory corruption every 60 seconds
[    4.879743] audit: initializing netlink subsys (disabled)
[    4.881530] audit: type=2000 audit(1595901014.038:1): initialized
[    4.883685] Initialise system trusted keyring
[    4.907170] HugeTLB registered 2 MB page size, pre-allocated 0 pages
[    4.910804] zbud: loaded
[    4.916897] VFS: Disk quotas dquot_6.6.0
[    4.922082] VFS: Dquot-cache hash table entries: 512 (order 0, 4096 bytes)
[    4.931602] squashfs: version 4.0 (2009/01/31) Phillip Lougher
[    4.938439] fuse init (API version 7.23)
[    4.940184] Key type big_key registered
[    4.941515] Allocating IMA MOK and blacklist keyrings.
[    4.944337] Key type asymmetric registered
[    4.950681] Asymmetric key parser 'x509' registered
[    4.952365] Block layer SCSI generic (bsg) driver version 0.4 loaded (major 249)
[    4.958042] io scheduler noop registered
[    4.959442] io scheduler deadline registered (default)
[    4.965677] io scheduler cfq registered
[    4.967971] pci_hotplug: PCI Hot Plug PCI Core version: 0.5
[    4.972052] pciehp: PCI Express Hot Plug Controller Driver version: 0.4
[    4.977587] ACPI: AC Adapter [AC] (on-line)
[    4.985254] input: Power Button as /devices/LNXSYSTM:00/LNXPWRBN:00/input/input0
[    4.991545] ACPI: Power Button [PWRF]
[    4.993326] input: Sleep Button as /devices/LNXSYSTM:00/LNXSLPBN:00/input/input1
[    4.996844] ACPI: Sleep Button [SLPF]
[    5.007300] ACPI: Battery Slot [BAT0] (battery present)
[    5.009053] GHES: HEST is not enabled!
[    5.011090] Serial: 8250/16550 driver, 32 ports, IRQ sharing enabled
[    5.053039] 00:02: ttyS0 at I/O 0x3f8 (irq = 4, base_baud = 115200) is a 16550A
[    5.060658] Linux agpgart interface v0.103
[    5.076762] loop: module loaded
[    5.080143] scsi host0: ata_piix
[    5.082778] scsi host1: ata_piix
[    5.087203] ata1: PATA max UDMA/33 cmd 0x1f0 ctl 0x3f6 bmdma 0xd000 irq 14
[    5.089338] ata2: PATA max UDMA/33 cmd 0x170 ctl 0x376 bmdma 0xd008 irq 15
[    5.097271] libphy: Fixed MDIO Bus: probed
[    5.098649] tun: Universal TUN/TAP device driver, 1.6
[    5.100352] tun: (C) 1999-2004 Max Krasnyansky <maxk@qualcomm.com>
[    5.106183] PPP generic driver version 2.4.2
[    5.107766] ehci_hcd: USB 2.0 'Enhanced' Host Controller (EHCI) Driver
[    5.110889] ehci-pci: EHCI PCI platform driver
[    5.133004] ehci-platform: EHCI generic platform driver
[    5.135378] ohci_hcd: USB 1.1 'Open' Host Controller (OHCI) Driver
[    5.137859] ohci-pci: OHCI PCI platform driver
[    5.139641] ohci-platform: OHCI generic platform driver
[    5.141789] uhci_hcd: USB Universal Host Controller Interface driver
[    5.144213] i8042: PNP: PS/2 Controller [PNP0303:PS2K,PNP0f03:PS2M] at 0x60,0x64 irq 1,12
[    5.148029] serio: i8042 KBD port at 0x60,0x64 irq 1
[    5.150092] serio: i8042 AUX port at 0x60,0x64 irq 12
[    5.152209] mousedev: PS/2 mouse device common for all mice
[    5.154724] input: AT Translated Set 2 keyboard as /devices/platform/i8042/serio0/input/input2
[    5.158676] rtc_cmos rtc_cmos: rtc core: registered rtc_cmos as rtc0
[    5.158736] rtc_cmos rtc_cmos: alarms up to one day, 114 bytes nvram
[    5.158743] i2c /dev entries driver
[    5.158795] device-mapper: uevent: version 1.0.3
[    5.158844] device-mapper: ioctl: 4.34.0-ioctl (2015-10-28) initialised: dm-devel@redhat.com
[    5.158860] ledtrig-cpu: registered to indicate activity on CPUs
[    5.159125] NET: Registered protocol family 10
[    5.159340] NET: Registered protocol family 17
[    5.159352] Key type dns_resolver registered
[    5.159580] registered taskstats version 1
[    5.159595] Loading compiled-in X.509 certificates
[    5.160204] Loaded X.509 cert 'Build time autogenerated kernel key: cef5e81496c0efa51b848ab539e845ddf31c08be'
[    5.160218] zswap: loaded using pool lzo/zbud
[    5.161880] Key type trusted registered
[    5.165055] Key type encrypted registered
[    5.165061] AppArmor: AppArmor sha1 policy hashing enabled
[    5.165064] ima: No TPM chip found, activating TPM-bypass!
[    5.165073] ima: Allocated hash algorithm: sha1
[    5.165085] evm: HMAC attrs: 0x1
[    5.165477]   Magic number: 12:2:813
[    5.169718] rtc_cmos rtc_cmos: setting system clock to 2020-07-28 01:50:12 UTC (1595901012)
[    5.169827] BIOS EDD facility v0.16 2004-Jun-25, 0 devices found
[    5.169828] EDD information not available.
[    5.264002] Freeing unused kernel memory: 1492K
[    5.275091] Write protecting the kernel read-only data: 14336k
[    5.283667] Freeing unused kernel memory: 1592K
[    5.286917] Freeing unused kernel memory: 56K
Loading, please wait...
starting version 229
[    5.353103] random: systemd-udevd: uninitialized urandom read (16 bytes read, 5 bits of entropy available)
[    5.369259] random: systemd-udevd: uninitialized urandom read (16 bytes read, 5 bits of entropy available)
[    5.369421] random: udevadm: uninitialized urandom read (16 bytes read, 5 bits of entropy available)
[    5.369456] random: udevadm: uninitialized urandom read (16 bytes read, 5 bits of entropy available)
[    5.391554] random: systemd-udevd: uninitialized urandom read (16 bytes read, 5 bits of entropy available)
[    5.395841] random: systemd-udevd: uninitialized urandom read (16 bytes read, 5 bits of entropy available)
[    5.404177] random: systemd-udevd: uninitialized urandom read (16 bytes read, 5 bits of entropy available)
[    5.405527] random: udevadm: uninitialized urandom read (16 bytes read, 5 bits of entropy available)
[    5.405593] random: udevadm: uninitialized urandom read (16 bytes read, 5 bits of entropy available)
[    5.405789] random: udevadm: uninitialized urandom read (16 bytes read, 5 bits of entropy available)
[    5.576950] Fusion MPT base driver 3.04.20
[    5.580202] Copyright (c) 1999-2008 LSI Corporation
[    5.583910] e1000: Intel(R) PRO/1000 Network Driver - version 7.3.21-k8-NAPI
[    5.587800] e1000: Copyright (c) 1999-2006 Intel Corporation.
[    5.626847] Fusion MPT SPI Host driver 3.04.20
[    5.713449] AVX version of gcm_enc/dec engaged.
[    5.714827] AES CTR mode by8 optimization enabled
[    5.806271] input: ImExPS/2 Generic Explorer Mouse as /devices/platform/i8042/serio1/input/input4
[    6.193552] e1000 0000:00:03.0 eth0: (PCI:33MHz:32-bit) 02:d4:60:56:24:74
[    6.195916] e1000 0000:00:03.0 eth0: Intel(R) PRO/1000 Network Connection
[    6.203915] mptbase: ioc0: Initiating bringup
[    6.267242] ioc0: LSI53C1030 A0: Capabilities={Initiator}
[    6.436623] scsi host2: ioc0: LSI53C1030 A0, FwRev=00000000h, Ports=1, MaxQ=256, IRQ=20
[    6.600430] scsi 2:0:0:0: Direct-Access     VBOX     HARDDISK         1.0  PQ: 0 ANSI: 5
[    6.609711] scsi target2:0:0: Beginning Domain Validation
[    6.612819] scsi target2:0:0: Domain Validation skipping write tests
[    6.615322] scsi target2:0:0: Ending Domain Validation
[    6.617479] scsi target2:0:0: asynchronous
[    6.624319] scsi 2:0:1:0: Direct-Access     VBOX     HARDDISK         1.0  PQ: 0 ANSI: 5
[    6.627482] scsi target2:0:1: Beginning Domain Validation
[    6.645589] scsi target2:0:1: Domain Validation skipping write tests
[    6.651481] scsi target2:0:1: Ending Domain Validation
[    6.657601] scsi target2:0:1: asynchronous
[    6.724337] sd 2:0:0:0: Attached scsi generic sg0 type 0
[    6.727241] sd 2:0:1:0: Attached scsi generic sg1 type 0
[    6.731558] sd 2:0:0:0: [sda] 20971520 512-byte logical blocks: (10.7 GB/10.0 GiB)
[    6.736738] sd 2:0:1:0: [sdb] 20480 512-byte logical blocks: (10.5 MB/10.0 MiB)
[    6.742020] sd 2:0:1:0: [sdb] Write Protect is off
[    6.745716] sd 2:0:0:0: [sda] Write Protect is off
[    6.750991] sd 2:0:1:0: [sdb] Incomplete mode parameter data
[    6.757146] sd 2:0:1:0: [sdb] Assuming drive cache: write through
[    6.759530] sd 2:0:0:0: [sda] Incomplete mode parameter data
[    6.761452] sd 2:0:0:0: [sda] Assuming drive cache: write through
[    6.791417]  sda: sda1
[    6.794765] sd 2:0:1:0: [sdb] Attached SCSI disk
[    6.799060] sd 2:0:0:0: [sda] Attached SCSI disk
[    7.343975] e1000 0000:00:08.0 eth1: (PCI:33MHz:32-bit) 08:00:27:7e:aa:39
[    7.348199] e1000 0000:00:08.0 eth1: Intel(R) PRO/1000 Network Connection
[    7.991219] e1000 0000:00:09.0 eth2: (PCI:33MHz:32-bit) 08:00:27:e8:ad:fa
[    8.158998] e1000 0000:00:09.0 eth2: Intel(R) PRO/1000 Network Connection
[    8.871717] e1000 0000:00:0a.0 eth3: (PCI:33MHz:32-bit) 08:00:27:69:90:45
[    8.933914] e1000 0000:00:0a.0 eth3: Intel(R) PRO/1000 Network Connection
[    8.950218] e1000 0000:00:09.0 enp0s9: renamed from eth2
[    8.963296] e1000 0000:00:0a.0 enp0s10: renamed from eth3
[    8.983264] e1000 0000:00:08.0 enp0s8: renamed from eth1
[    8.996191] e1000 0000:00:03.0 enp0s3: renamed from eth0
Begin: Loading essential drivers[   10.337695] md: linear personality registered for level -1
 ... [   10.355521] md: multipath personality registered for level -4
[   10.364892] md: raid0 personality registered for level 0
[   10.414901] md: raid1 personality registered for level 1
[   10.500871] raid6: sse2x1   gen()  2986 MB/s
[   10.599731] raid6: sse2x1   xor()  2825 MB/s
[   10.707082] raid6: sse2x2   gen()  4134 MB/s
[   10.863261] raid6: sse2x2   xor()  3087 MB/s
[   10.955664] raid6: sse2x4   gen() 10861 MB/s
[   11.031307] raid6: sse2x4   xor()  6576 MB/s
[   11.059557] raid6: using algorithm sse2x4 gen() 10861 MB/s
[   11.065278] raid6: .... xor() 6576 MB/s, rmw enabled
[   11.076226] raid6: using ssse3x2 recovery algorithm
[   11.103667] xor: automatically using best checksumming function:
[   11.163095]    avx       : 16223.000 MB/sec
[   11.181813] async_tx: api initialized (async)
[   11.246539] md: raid6 personality registered for level 6
[   11.252630] md: raid5 personality registered for level 5
[   11.261749] md: raid4 personality registered for level 4
[   11.293493] md: raid10 personality registered for level 10
done.
Begin: Running /scripts/init-premount ... done.
Begin: Mounting root file system ... Begin: Running /scripts/local-top .[   11.431387] Btrfs loaded
.. done.
Begin: Running /scripts/local-premount ... Scanning for Btrfs filesystems
done.
Warning: fsck no[   11.543798] EXT4-fs (sda1): mounted filesystem with ordered data mode. Opts: (null)
t present, so skipping root file system
done.
Begin: Running /scripts/local-bottom ... done.
Begin: Running /scripts/init-bottom ... done.
[   11.827168] systemd[1]: systemd 229 running in system mode. (+PAM +AUDIT +SELINUX +IMA +APPARMOR +SMACK +SYSVINIT +UTMP +LIBCRYPTSETUP +GCRYPT +GNUTLS +ACL +XZ -LZ4 +SECCOMP +BLKID +ELFUTILS +KMOD -IDN)
[   12.226351] systemd[1]: Detected virtualization oracle.
[   12.252949] systemd[1]: Detected architecture x86-64.

Welcome to [1mUbuntu 16.04.6 LTS[0m!

[   12.287481] systemd[1]: Set hostname to <router11>.
[   12.494063] systemd[1]: Created slice System Slice.
[[0;32m  OK  [0m] Created slice System Slice.
[   12.551247] systemd[1]: Reached target Encrypted Volumes.
[[0;32m  OK  [0m] Reached target Encrypted Volumes.
[   12.607268] systemd[1]: Started Forward Password Requests to Wall Directory Watch.
[[0;32m  OK  [0m] Started Forward Password Requests to Wall Directory Watch.
[   12.629467] systemd[1]: Listening on Journal Socket.
[[0;32m  OK  [0m] Listening on Journal Socket.
[   12.647838] systemd[1]: Starting Create list of required static device nodes for the current kernel...
[   12.648636] random: nonblocking pool is initialized
         Starting Create list of required st... nodes for the current kernel...
[   12.670727] systemd[1]: Starting Set console keymap...
         Starting Set console keymap...
[   12.709109] systemd[1]: Listening on LVM2 metadata daemon socket.
[[0;32m  OK  [0m] Listening on LVM2 metadata daemon socket.
[   12.715388] systemd[1]: Listening on udev Kernel Socket.
[[0;32m  OK  [0m] Listening on udev Kernel Socket.
[   12.750342] systemd[1]: Set up automount Arbitrary Executable File Formats File System Automount Point.
[[0;32m  OK  [0m] Set up automount Arbitrary Executab...ats File System Automount Point.
[   12.839165] systemd[1]: Mounting Debug File System...
         Mounting Debug File System...
[   12.948667] systemd[1]: Listening on Device-mapper event daemon FIFOs.
[[0;32m  OK  [0m] Listening on Device-mapper event daemon FIFOs.
[   13.075271] systemd[1]: Reached target System Time Synchronized.
[[0;32m  OK  [0m] Reached target System Time Synchronized.
[   13.155321] systemd[1]: Listening on Journal Audit Socket.
[[0;32m  OK  [0m] Listening on Journal Audit Socket.
[   13.227285] systemd[1]: Listening on LVM2 poll daemon socket.
[[0;32m  OK  [0m] Listening on LVM2 poll daemon socket.
[   13.359336] systemd[1]: Listening on udev Control Socket.
[[0;32m  OK  [0m] Listening on udev Control Socket.
[   13.503324] systemd[1]: Listening on Journal Socket (/dev/log).
[[0;32m  OK  [0m] Listening on Journal Socket (/dev/log).
[   13.571293] systemd[1]: Listening on Syslog Socket.
[[0;32m  OK  [0m] Listening on Syslog Socket.
[   13.603396] systemd[1]: Starting Journal Service...
         Starting Journal Service...
[   13.612138] systemd[1]: Starting Load Kernel Modules...
         Starting Load Kernel Modules...
[   13.632350] systemd[1]: Listening on /dev/initctl Compatibility Named Pipe.
[[0;32m  OK  [0m] Listening on /dev/initctl Compatibility Named Pipe.
[   13.655486] systemd[1]: Created slice User and Session Slice.
[   13.656345] hrtimer: interrupt took 10411054 ns
[[0;32m  OK  [0m] Created slice User and Session Slice.
[   13.691911] systemd[1]: Reached target Slices.
[[0;32m  OK  [0m] Reached target Slices.
[   13.726501] Loading iSCSI transport class v2.0-870.
[   13.731905] systemd[1]: Starting Uncomplicated firewall...
         Starting Uncomplicated firewall...
[   13.764903] systemd[1]: Starting Nameserver information manager...
         Startin[   13.869582] iscsi: registered transport (tcp)
g Nameserver information manager...
[   13.935110] systemd[1]: Mounting POSIX Message Queue File System...
         Mounting POSIX Message Queue File System...
[   13.949974] systemd[1]: Started Trigger resolvconf update for networkd DNS.
[[0;32m  OK  [0m] Started Trigger resolvconf update for networkd DNS.
[   13.973939] systemd[1]: Starting Monitoring of LVM2 mirrors, snapshots etc. using dmeventd or progress polling...
         Starting Monitoring of LVM2 mirrors... dmeventd or progress polling...
[   13.995980] systemd[1]: Reached target User and Group Name Lookups.
[[0;32m  OK  [0m] Reached target User and Group Name Lookups.
[   14.053010] iscsi: registered transport (iser)
[   14.071151] systemd[1]: Mounting Huge Pages File System...
         Mounting Huge Pages File System...
[   14.112491] systemd[1]: Starting Remount Root and Kernel File Systems...
         Starting Remount Root and Kernel File Systems...
[   14.131558] systemd[1]: Created slice system-serial\x2dgetty.slice.
[[0;32m  OK  [[   14.277619] EXT4-fs (sda1): re-mounted. Opts: (null)
0m] Created slice system-serial\x2dgetty.slice.
[   14.377831] systemd[1]: Reached target Swap.
[[0;32m  OK  [0m] Reached target Swap.
[   14.430638] systemd[1]: Mounted Debug File System.
[[0;32m  OK  [0m] Mounted Debug File System.
[   14.438895] systemd[1]: Mounted POSIX Message Queue File System.
[[0;32m  OK  [0m] Mounted POSIX Message Queue File System.
[   14.468684] systemd[1]: Mounted Huge Pages File System.
[[0;32m  OK  [0m] Mounted Huge Pages File System.
[   14.481109] systemd[1]: Started Journal Service.
[[0;32m  OK  [0m] Started Journal Service.
[[0;32m  OK  [0m] Started Create list of required sta...ce nodes for the current kernel.
[[0;32m  OK  [0m] Started Set console keymap.
[[0;32m  OK  [0m] Started Load Kernel Modules.
[[0;32m  OK  [0m] Started Uncomplicated firewall.
[[0;32m  OK  [0m] Started Remount Root and Kernel File Systems.
[[0;32m  OK  [0m] Started Nameserver information manager.
[[0;32m  OK  [0m] Started LVM2 metadata daemon.
         Starting udev Coldplug all Devices...
         Starting Load/Save Random Seed...
         Mounting FUSE Control File System...
         Starting Apply Kernel Variables...
         Starting Create Static Device Nodes in /dev...
         Starting Flush Journal to Persistent Storage...
[[0;32m  OK  [0m] Mounted FUSE Control File System.
[[0;32m  OK  [0m] Started Load/Save Random Seed.
[[0;32m  OK  [0m] Started Apply Kernel Variables.
[[0;32m  OK  [0m] Started Create Static Device Nodes in /dev.
[[0;32m  OK  [0m] Started Monitoring of LVM2 mirrors,...ng dmeventd or progress polling.
[[0;32m  OK  [0m] Started udev Coldplug all Devices.
[[0;32m  OK  [0m] Reached target Local File Systems (Pre).
[[0;32m  OK  [0m] Reached target Local File Systems.
         Starting Set console font and keymap...
         Starting LSB: AppArmor initialization...
         Starting Initial cloud-init job (pre-networking)...
         Starting Tell Plymouth To Write Out Runtime Data...
         Starting udev Kernel Device Manager...
[[0;32m  OK  [0m] Started Tell Plymouth To Write Out Runtime Data.
[[0;32m  OK  [0m] Started udev Kernel Device Manager.
[[0;32m  OK  [0m] Started Dispatch Password Requests to Console Directory Watch.
[[0;32m  OK  [0m] Started Flush Journal to Persistent Storage.
[[0;32m  OK  [0m] Started Set console font and keymap.
[[0;32m  OK  [0m] Created slice system-getty.slice.
         Starting Create Volatile Files and Directories...
[[0;32m  OK  [0m] Started Create Volatile Files and Directories.
[[0;32m  OK  [0m] Found device /dev/ttyS0.
         Starting Update UTMP about System Boot/Shutdown...
[[0;32m  OK  [0m] Listening on Load/Save RF Kill Switch Status /dev/rfkill Watch.
[[0;32m  OK  [0m] Started LSB: AppArmor initialization.
[[0;32m  OK  [0m] Started Update UTMP about System Boot/Shutdown.
         Starting Load AppArmor profiles managed internally by snapd...
[[0;32m  OK  [0m] Started Load AppArmor profiles managed internally by snapd.
[[0;32m  OK  [0m] Found device 82540EM Gigabit Ethern...r (PRO/1000 MT Desktop Adapter).
[[0;32m  OK  [0m] Found device 82540EM Gigabit Ethern...r (PRO/1000 MT Desktop Adapter).
[[0;32m  OK  [0m] Found device 82540EM Gigabit Ethern...r (PRO/1000 MT Desktop Adapter).
[[0;32m  OK  [0m] Found device 82540EM Gigabit Ethern...r (PRO/1000 MT Desktop Adapter).
[   15.292428] cloud-init[500]: Cloud-init v. 20.2-45-g5f7825e2-0ubuntu1~16.04.1 running 'init-local' at Tue, 28 Jul 2020 01:50:25 +0000. Up 14.45 seconds.
[[0;32m  OK  [0m] Started Initial cloud-init job (pre-networking).
[[0;32m  OK  [0m] Reached target Network (Pre).
[[0;32m  OK  [0m] Started ifup for enp0s9.
         Starting Raise network interfaces...
[[0;32m  OK  [0m] Started ifup for enp0s8.
[[0;32m  OK  [0m] Started ifup for enp0s10.
[[0;32m  OK  [0m] Started ifup for enp0s3.
[[0;32m  OK  [0m] Started Raise network interfaces.
         Starting Initial cloud-init job (metadata service crawler)...
[[0;32m  OK  [0m] Reached target Network.
[   18.268575] cloud-init[1326]: Cloud-init v. 20.2-45-g5f7825e2-0ubuntu1~16.04.1 running 'init' at Tue, 28 Jul 2020 01:50:27 +0000. Up 17.26 seconds.
[   18.378632] cloud-init[1326]: ci-info: +++++++++++++++++++++++++++++++++++++++Net device info+++++++++++++++++++++++++++++++++++++++
[   18.467391] cloud-init[1326]: ci-info: +---------+------+-----------------------------+---------------+--------+-------------------+
[   18.572390] cloud-init[1326]: ci-info: |  Device |  Up  |           Address           |      Mask     | Scope  |     Hw-Address    |
[   18.572643] cloud-init[1326]: ci-info: +---------+------+-----------------------------+---------------+--------+-------------------+
[[0;32m  OK  [0m] Started Initial cloud-init job (metadata service crawler).
[[0;32m  OK  [0m] Reached target Network is Online.
[   18.572761] cloud-init[1326]: ci-info: | enp0s10 | True |        192.168.101.2        | 255.255.255.0 | global | 08:00:27:69:90:45 |
[   18.884271] cloud-init[1326]: ci-info: | enp0s10 | True | fe80::a00:27ff:fe69:9045/64 |       .       |  link  | 08:00:27:69:90:45 |
[   18.884513] cloud-init[1326]: ci-info: |  enp0s3 | True |          10.0.2.15          | 255.255.255.0 | global | 02:d4:60:56:24:74 |
         Starting iSCSI initiator daemon (iscsid)...
[[0;32m  OK  [0m] Reached target Cloud-config availability.
[[0;32m  OK  [0m] Reached target System Initialization.
[[   18.884622] cloud-init[1326]: ci-info: |  enp0s3 | True |  fe80::d4:60ff:fe56:2474/64 |       .       |  link  | 02:d4:60:56:24:74 |
[   19.168828] cloud-init[1326]: ci-info: |  enp0s8 | True |        192.168.1.254        | 255.255.255.0 | global | 08:00:27:7e:aa:39 |
[0;32m  OK  [0m] Listening on ACPID Listen Socket.
[   19.168927] cloud-init[1326]: ci-info: |  enp0s8 | True | fe80::a00:27ff:fe7e:aa39/64 |       .       |  link  | 08:00:27:7e:aa:39 |
[   19.545248] cloud-init[1326]: ci-info: |  enp0s9 | True |        192.168.100.1        | 255.255.255.0 | global | 08:00:27:e8:ad:fa |
[   19.608300] cloud-init[1326]: ci-info: |  enp0s9 | True | fe80::a00:27ff:fee8:adfa/64 |       .       |  link  | 08:00:27:e8:ad:fa |
[   19.668284] cloud-init[1326]: ci-info: |    lo   | True |          127.0.0.1          |   255.0.0.0   |  host  |         .         |
[   19.732325] cloud-init[1326]: ci-info: |    lo   | True |           ::1/128           |       .       |  host  |         .         |
[   19.732591] cloud-init[1326]: ci-info: +---------+------+-----------------------------+---------------+--------+-------------------+
[[0;32m  OK  [0m] Started ACPI Events Check.
[[0;32m  OK  [0m] Reached target Paths.
[   19.732728] cloud-init[1326]: ci-info: ++++++++++++++++++++++++++++Route IPv4 info+++++++++++++++++++++++++++++
[   19.980267] cloud-init[1326]: ci-info: +-------+---------------+----------+---------------+-----------+-------+
[   20.072329] cloud-init[1326]: ci-info: | Route |  Destination  | Gateway  |    Genmask    | Interface | Flags |
[   20.112390] cloud-init[1326]: ci-info: +-------+---------------+----------+---------------+-----------+-------+
         [   20.196617] Starting LXD - unix socket.cloud-init
[1326]: ci-info: |   0   |    0.0.0.0    | 10.0.2.2 |    0.0.0.0    |   enp0s3  |   UG  |
[   20.286566] cloud-init[1326]: ci-info: |   1   |    10.0.2.0   | 0.0.0.0  | 255.255.255.0 |   enp0s3  |   U   |
[   20.360312] cloud-init[1326]: ci-info: |   2   |  192.168.1.0  | 0.0.0.0  | 255.255.255.0 |   enp0s8  |   U   |
[   20.360643] cloud-init[1326]: ci-info: |   3   | 192.168.100.0 | 0.0.0.0  | 255.255.255.0 |   enp0s9  |   U   |
[[0;32m  OK  [0m] Listening on UUID daemon activation socket.
[[   20.360793] cloud-init[1326]: ci-info: |   4   | 192.168.101.0 | 0.0.0.0  | 255.255.255.0 |  enp0s10  |   U   |
[   20.563539] cloud-init[1326]: ci-info: +-------+---------------+----------+---------------+-----------+-------+
[   20.563671] cloud-init[1326]: ci-info: +++++++++++++++++++Route IPv6 info+++++++++++++++++++
[   20.563859] cloud-init[1326]: ci-info: +-------+-------------+---------+-----------+-------+
[0;32m  OK  [0m] Listening on D-Bus System Message Bus Socket.
[[   20.564032] cloud-init[1326]: ci-info: | Route | Destination | Gateway | Interface | Flags |
[   20.620478] cloud-init[1326]: ci-info: +-------+-------------+---------+-----------+-------+
[0;32m  OK  [0m] Started Daily Cleanup of Temporary Directories.
         Starting Socket activation for snappy daemon.
[   20.620570] cloud-init[1326]: ci-info: |   0   |  fe80::/64  |    ::   |   enp0s9  |   U   |
[   20.741771] cloud-init[1326]: ci-info: |   1   |  fe80::/64  |    ::   |   enp0s8  |   U   |
[   20.742041] cloud-init[1326]: ci-info: |   2   |  fe80::/64  |    ::   |  enp0s10  |   U   |
[[0;32m  OK  [0m] Started Message of the Day.
[[   20.742191] cloud-init[1326]: ci-info: |   3   |  fe80::/64  |    ::   |   enp0s3  |   U   |
[   20.817291] cloud-init[1326]: ci-info: |   8   |   ff00::/8  |    ::   |   enp0s9  |   U   |
[0;32m  OK  [0m] Started Daily apt download activities.
[[   20.817397] cloud-init[1326]: ci-info: |   9   |   ff00::/8  |    ::   |   enp0s8  |   U   |
[   20.859609] cloud-init[1326]: ci-info: |   10  |   ff00::/8  |    ::   |  enp0s10  |   U   |
[0;32m  OK  [0m] Started Daily apt upgrade and clean activities.
[[0;32m  OK  [0m] Reached target Timers.
[   20.859693] cloud-init[1326]: ci-info: |   11  |   ff00::/8  |    ::   |   enp0s3  |   U   |
[   20.969881] cloud-init[1326]: ci-info: +-------+-------------+---------+-----------+-------+
[[0;32m  OK  [0m] Listening on LXD - unix socket.
[[0;32m  OK  [0m] Listening on Socket activation for snappy daemon.
[[0;32m  OK  [0m] Started iSCSI initiator daemon (iscsid).
         Starting Login to default iSCSI targets...
[[0;32m  OK  [0m] Reached target Sockets.
[[0;32m  OK  [0m] Reached target Basic System.
[[0;32m  OK  [0m] Started Deferred execution scheduler.
         Starting Virtualbox guest utils...
[[0;32m  OK  [0m] Started ACPI event daemon.
         Starting Accounts Service...
         Starting LSB: Record successful boot for GRUB...
         Starting LSB: MD monitoring daemon...
         Starting OpenBSD Secure Shell server...
         Starting Snap Daemon...
[[0;32m  OK  [0m] Started D-Bus System Message Bus.
         Starting Login Service...
         Starting /etc/rc.local Compatibility...
[[0;32m  OK  [0m] Started Regular background program processing daemon.
         Starting System Logging Service...
[[0;32m  OK  [0m] Started FUSE filesystem for LXC.
         Starting LXD - container startup/shutdown...
[[0;32m  OK  [0m] Started System Logging Service.
[[0;32m  OK  [0m] Started Snap Daemon.
[[0;32m  OK  [0m] Started /etc/rc.local Compatibility.
[[0;32m  OK  [0m] Started OpenBSD Secure Shell server.
[[0;32m  OK  [0m] Started LXD - container startup/shutdown.
[[0;32m  OK  [0m] Started Login Service.
[[0;32m  OK  [0m] Started LSB: Record successful boot for GRUB.
[[0;32m  OK  [0m] Started LSB: MD monitoring daemon.
[[0;32m  OK  [0m] Started Virtualbox guest utils.
[[0;32m  OK  [0m] Started Unattended Upgrades Shutdown.
         Starting Authenticate and Authorize Users to Run Privileged Tasks...
         Starting Wait until snapd is fully seeded...
[[0;32m  OK  [0m] Started Login to default iSCSI targets.
[[0;32m  OK  [0m] Started Wait until snapd is fully seeded.
[[0;32m  OK  [0m] Started Authenticate and Authorize Users to Run Privileged Tasks.
[[0;32m  OK  [0m] Started Accounts Service.
         Starting Apply the settings specified in cloud-config...
[[0;32m  OK  [0m] Reached target Remote File Systems (Pre).
[[0;32m  OK  [0m] Reached target Remote File Systems.
         Starting LSB: automatic crash report generation...
         Starting LSB: Set the CPU Frequency Scaling governor to "ondemand"...
         Starting LSB: daemon to balance interrupts for SMP systems...
         Starting Permit User Sessions...
         Starting LSB: start and stop the Quagga routing suite...
[[0;32m  OK  [0m] Started Permit User Sessions.
         Starting Terminate Plymouth Boot Screen...
         Starting Hold until boot process finishes up...
[[0;32m  OK  [0m] Started Terminate Plymouth Boot Screen.
[[0;32m  OK  [0m] Started Hold until boot process finishes up.
         Starting Set console scheme...
[[0;32m  OK  [0m] Started Serial Getty on ttyS0.
[[0;32m  OK  [0m] Started Getty on tty1.
[[0;32m  OK  [0m] Reached target Login Prompts.
[[0;32m  OK  [0m] Started LSB: automatic crash report generation.
[[0;32m  OK  [0m] Started LSB: Set the CPU Frequency Scaling governor to "ondemand".
[[0;32m  OK  [0m] Started LSB: daemon to balance interrupts for SMP systems.
[[0;32m  OK  [0m] Started LSB: start and stop the Quagga routing suite.
[   23.046928] cloud-init[1532]: Cloud-init v. 20.2-45-g5f7825e2-0ubuntu1~16.04.1 running 'modules:config' at Tue, 28 Jul 2020 01:50:33 +0000. Up 22.69 seconds.
[[0;32m  OK  [0m] Started Apply the settings specified in cloud-config.
[[0;32m  OK  [0m] Started Set console scheme.
[[0;32m  OK  [0m] Reached target Multi-User System.
         Starting Execute cloud user/final scripts...
[[0;32m  OK  [0m] Reached target Graphical Interface.
         Starting Update UTMP about System Runlevel Changes...
[[0;32m  OK  [0m] Started Update UTMP about System Runlevel Changes.
[   24.232568] cloud-init[1620]: Cloud-init v. 20.2-45-g5f7825e2-0ubuntu1~16.04.1 running 'modules:final' at Tue, 28 Jul 2020 01:50:34 +0000. Up 23.88 seconds.
[   24.385963] cloud-init[1620]: Cloud-init v. 20.2-45-g5f7825e2-0ubuntu1~16.04.1 finished at Tue, 28 Jul 2020 01:50:34 +0000. Datasource DataSourceNoCloud [seed=/dev/sdb][dsmode=net].  Up 24.19 seconds
[[0;32m  OK  [0m] Started Execute cloud user/final scripts.
[[0;32m  OK  [0m] Reached target Cloud-init target.

Ubuntu 16.04.6 LTS router11 ttyS0

router11 login: 