[    0.000000] Initializing cgroup subsys cpuset
[    0.000000] Initializing cgroup subsys cpu
[    0.000000] Initializing cgroup subsys cpuacct
[    0.000000] Linux version 4.4.0-186-generic (buildd@lcy01-amd64-002) (gcc version 5.4.0 20160609 (Ubuntu 5.4.0-6ubuntu1~16.04.12) ) #216-Ubuntu SMP Wed Jul 1 05:34:05 UTC 2020 (Ubuntu 4.4.0-186.216-generic 4.4.228)
[    0.000000] Command line: BOOT_IMAGE=/boot/vmlinuz-4.4.0-186-generic root=LABEL=cloudimg-rootfs ro console=tty1 console=ttyS0
[    0.000000] KERNEL supported cpus:
[    0.000000]   Intel GenuineIntel
[    0.000000]   AMD AuthenticAMD
[    0.000000]   Centaur CentaurHauls
[    0.000000] ------------[ cut here ]------------
[    0.000000] WARNING: CPU: 0 PID: 0 at /build/linux-OgLptz/linux-4.4.0/arch/x86/kernel/fpu/xstate.c:517 fpu__init_system_xstate+0x37e/0x764()
[    0.000000] XSAVE consistency problem, dumping leaves
[    0.000000] Modules linked in:
[    0.000000] CPU: 0 PID: 0 Comm: swapper Not tainted 4.4.0-186-generic #216-Ubuntu
[    0.000000]  0000000000000086 7a3e7a1d8b45c89c ffffffff81e03d80 ffffffff8140ebbb
[    0.000000]  ffffffff81e03dc8 ffffffff81cb4178 ffffffff81e03db8 ffffffff810864b2
[    0.000000]  0000000000000008 0000000000000340 0000000000000100 ffffffff81e03e4c
[    0.000000] Call Trace:
[    0.000000]  [<ffffffff8140ebbb>] dump_stack+0x6d/0x92
[    0.000000]  [<ffffffff810864b2>] warn_slowpath_common+0x82/0xc0
[    0.000000]  [<ffffffff8108654c>] warn_slowpath_fmt+0x5c/0x80
[    0.000000]  [<ffffffff81081fa6>] ? xfeature_size+0x59/0x77
[    0.000000]  [<ffffffff81f78585>] fpu__init_system_xstate+0x37e/0x764
[    0.000000]  [<ffffffff81f68120>] ? early_idt_handler_array+0x120/0x120
[    0.000000]  [<ffffffff81f77f8e>] fpu__init_system+0x1e7/0x28e
[    0.000000]  [<ffffffff81f792ad>] early_cpu_init+0x330/0x335
[    0.000000]  [<ffffffff81f792ad>] ? early_cpu_init+0x330/0x335
[    0.000000]  [<ffffffff81f74535>] setup_arch+0xc0/0xd1f
[    0.000000]  [<ffffffff81f68120>] ? early_idt_handler_array+0x120/0x120
[    0.000000]  [<ffffffff81f68c16>] start_kernel+0xe2/0x4a7
[    0.000000]  [<ffffffff81f68120>] ? early_idt_handler_array+0x120/0x120
[    0.000000]  [<ffffffff81f682da>] x86_64_start_reservations+0x2a/0x2c
[    0.000000]  [<ffffffff81f68426>] x86_64_start_kernel+0x14a/0x16d
[    0.000000] ---[ end trace 4d5ff9f2f68c4233 ]---
[    0.000000] CPUID[0d, 00]: eax=00000007 ebx=00000440 ecx=00000440 edx=00000000
[    0.000000] CPUID[0d, 01]: eax=00000000 ebx=000003c0 ecx=00000000 edx=00000000
[    0.000000] CPUID[0d, 02]: eax=00000100 ebx=00000240 ecx=00000000 edx=00000000
[    0.000000] CPUID[0d, 03]: eax=00000000 ebx=00000000 ecx=00000000 edx=00000000
[    0.000000] CPUID[0d, 04]: eax=00000000 ebx=00000000 ecx=00000000 edx=00000000
[    0.000000] CPUID[0d, 05]: eax=00000000 ebx=00000000 ecx=00000000 edx=00000000
[    0.000000] CPUID[0d, 06]: eax=00000000 ebx=00000000 ecx=00000000 edx=00000000
[    0.000000] CPUID[0d, 07]: eax=00000000 ebx=00000000 ecx=00000000 edx=00000000
[    0.000000] CPUID[0d, 08]: eax=00000000 ebx=00000000 ecx=00000000 edx=00000000
[    0.000000] CPUID[0d, 09]: eax=00000000 ebx=00000000 ecx=00000000 edx=00000000
[    0.000000] CPUID[0d, 0a]: eax=00000000 ebx=00000000 ecx=00000000 edx=00000000
[    0.000000] CPUID[0d, 0b]: eax=00000000 ebx=00000000 ecx=00000000 edx=00000000
[    0.000000] CPUID[0d, 0c]: eax=00000000 ebx=00000000 ecx=00000000 edx=00000000
[    0.000000] CPUID[0d, 0d]: eax=00000000 ebx=00000000 ecx=00000000 edx=00000000
[    0.000000] CPUID[0d, 0e]: eax=00000000 ebx=00000000 ecx=00000000 edx=00000000
[    0.000000] CPUID[0d, 0f]: eax=00000000 ebx=00000000 ecx=00000000 edx=00000000
[    0.000000] CPUID[0d, 10]: eax=00000000 ebx=00000000 ecx=00000000 edx=00000000
[    0.000000] CPUID[0d, 11]: eax=00000000 ebx=00000000 ecx=00000000 edx=00000000
[    0.000000] x86/fpu: xstate_offset[2]:  576, xstate_sizes[2]:  256
[    0.000000] x86/fpu: Supporting XSAVE feature 0x01: 'x87 floating point registers'
[    0.000000] x86/fpu: Supporting XSAVE feature 0x02: 'SSE registers'
[    0.000000] x86/fpu: Supporting XSAVE feature 0x04: 'AVX registers'
[    0.000000] x86/fpu: Enabled xstate features 0x7, context size is 1088 bytes, using 'standard' format.
[    0.000000] e820: BIOS-provided physical RAM map:
[    0.000000] BIOS-e820: [mem 0x0000000000000000-0x000000000009fbff] usable
[    0.000000] BIOS-e820: [mem 0x000000000009fc00-0x000000000009ffff] reserved
[    0.000000] BIOS-e820: [mem 0x00000000000f0000-0x00000000000fffff] reserved
[    0.000000] BIOS-e820: [mem 0x0000000000100000-0x000000003ffeffff] usable
[    0.000000] BIOS-e820: [mem 0x000000003fff0000-0x000000003fffffff] ACPI data
[    0.000000] BIOS-e820: [mem 0x00000000fec00000-0x00000000fec00fff] reserved
[    0.000000] BIOS-e820: [mem 0x00000000fee00000-0x00000000fee00fff] reserved
[    0.000000] BIOS-e820: [mem 0x00000000fffc0000-0x00000000ffffffff] reserved
[    0.000000] NX (Execute Disable) protection: active
[    0.000000] SMBIOS 2.5 present.
[    0.000000] Hypervisor detected: KVM
[    0.000000] e820: last_pfn = 0x3fff0 max_arch_pfn = 0x400000000
[    0.000000] MTRR: Disabled
[    0.000000] x86/PAT: MTRRs disabled, skipping PAT initialization too.
[    0.000000] CPU MTRRs all blank - virtualized system.
[    0.000000] x86/PAT: Configuration [0-7]: WB  WT  UC- UC  WB  WT  UC- UC  
[    0.000000] found SMP MP-table at [mem 0x0009fff0-0x0009ffff] mapped at [ffff88000009fff0]
[    0.000000] Scanning 1 areas for low memory corruption
[    0.000000] RAMDISK: [mem 0x362e2000-0x37168fff]
[    0.000000] ACPI: Early table checksum verification disabled
[    0.000000] ACPI: RSDP 0x00000000000E0000 000024 (v02 VBOX  )
[    0.000000] ACPI: XSDT 0x000000003FFF0030 00003C (v01 VBOX   VBOXXSDT 00000001 ASL  00000061)
[    0.000000] ACPI: FACP 0x000000003FFF00F0 0000F4 (v04 VBOX   VBOXFACP 00000001 ASL  00000061)
[    0.000000] ACPI: DSDT 0x000000003FFF0470 0021FF (v02 VBOX   VBOXBIOS 00000002 INTL 20160108)
[    0.000000] ACPI: FACS 0x000000003FFF0200 000040
[    0.000000] ACPI: FACS 0x000000003FFF0200 000040
[    0.000000] ACPI: APIC 0x000000003FFF0240 00005C (v02 VBOX   VBOXAPIC 00000001 ASL  00000061)
[    0.000000] ACPI: SSDT 0x000000003FFF02A0 0001CC (v01 VBOX   VBOXCPUT 00000002 INTL 20160108)
[    0.000000] No NUMA configuration found
[    0.000000] Faking a node at [mem 0x0000000000000000-0x000000003ffeffff]
[    0.000000] NODE_DATA(0) allocated [mem 0x3ffeb000-0x3ffeffff]
[    0.000000] kvm-clock: Using msrs 4b564d01 and 4b564d00
[    0.000000] kvm-clock: cpu 0, msr 0:3ffe3001, primary cpu clock
[    0.000000] kvm-clock: using sched offset of 3345769996 cycles
[    0.000000] clocksource: kvm-clock: mask: 0xffffffffffffffff max_cycles: 0x1cd42e4dffb, max_idle_ns: 881590591483 ns
[    0.000000] Zone ranges:
[    0.000000]   DMA      [mem 0x0000000000001000-0x0000000000ffffff]
[    0.000000]   DMA32    [mem 0x0000000001000000-0x000000003ffeffff]
[    0.000000]   Normal   empty
[    0.000000]   Device   empty
[    0.000000] Movable zone start for each node
[    0.000000] Early memory node ranges
[    0.000000]   node   0: [mem 0x0000000000001000-0x000000000009efff]
[    0.000000]   node   0: [mem 0x0000000000100000-0x000000003ffeffff]
[    0.000000] Initmem setup node 0 [mem 0x0000000000001000-0x000000003ffeffff]
[    0.000000] ACPI: PM-Timer IO Port: 0x4008
[    0.000000] IOAPIC[0]: apic_id 2, version 32, address 0xfec00000, GSI 0-23
[    0.000000] ACPI: INT_SRC_OVR (bus 0 bus_irq 0 global_irq 2 dfl dfl)
[    0.000000] ACPI: INT_SRC_OVR (bus 0 bus_irq 9 global_irq 9 high level)
[    0.000000] Using ACPI (MADT) for SMP configuration information
[    0.000000] smpboot: Allowing 2 CPUs, 0 hotplug CPUs
[    0.000000] PM: Registered nosave memory: [mem 0x00000000-0x00000fff]
[    0.000000] PM: Registered nosave memory: [mem 0x0009f000-0x0009ffff]
[    0.000000] PM: Registered nosave memory: [mem 0x000a0000-0x000effff]
[    0.000000] PM: Registered nosave memory: [mem 0x000f0000-0x000fffff]
[    0.000000] e820: [mem 0x40000000-0xfebfffff] available for PCI devices
[    0.000000] Booting paravirtualized kernel on KVM
[    0.000000] clocksource: refined-jiffies: mask: 0xffffffff max_cycles: 0xffffffff, max_idle_ns: 7645519600211568 ns
[    0.000000] setup_percpu: NR_CPUS:512 nr_cpumask_bits:512 nr_cpu_ids:2 nr_node_ids:1
[    0.000000] PERCPU: Embedded 33 pages/cpu @ffff88003fc00000 s95512 r8192 d31464 u1048576
[    0.000000] Built 1 zonelists in Node order, mobility grouping on.  Total pages: 257912
[    0.000000] Policy zone: DMA32
[    0.000000] Kernel command line: BOOT_IMAGE=/boot/vmlinuz-4.4.0-186-generic root=LABEL=cloudimg-rootfs ro console=tty1 console=ttyS0
[    0.000000] PID hash table entries: 4096 (order: 3, 32768 bytes)
[    0.000000] Memory: 997668K/1048120K available (8636K kernel code, 1337K rwdata, 4040K rodata, 1492K init, 1296K bss, 50452K reserved, 0K cma-reserved)
[    0.000000] SLUB: HWalign=64, Order=0-3, MinObjects=0, CPUs=2, Nodes=1
[    0.000000] Kernel/User page tables isolation: enabled
[    0.000000] Hierarchical RCU implementation.
[    0.000000] 	Build-time adjustment of leaf fanout to 64.
[    0.000000] 	RCU restricting CPUs from NR_CPUS=512 to nr_cpu_ids=2.
[    0.000000] RCU: Adjusting geometry for rcu_fanout_leaf=64, nr_cpu_ids=2
[    0.000000] NR_IRQS:33024 nr_irqs:440 16
[    0.000000] Console: colour VGA+ 80x25
[    0.000000] console [tty1] enabled
[    0.000000] console [ttyS0] enabled
[    0.000000] tsc: Detected 2207.980 MHz processor
[    2.007018] Calibrating delay loop (skipped) preset value.. 4415.96 BogoMIPS (lpj=8831920)
[    2.014998] pid_max: default: 32768 minimum: 301
[    2.015861] ACPI: Core revision 20150930
[    2.026000] ACPI: 2 ACPI AML tables successfully acquired and loaded
[    2.028291] Security Framework initialized
[    2.034851] Yama: becoming mindful.
[    2.035535] AppArmor: AppArmor initialized
[    2.036278] Dentry cache hash table entries: 131072 (order: 8, 1048576 bytes)
[    2.037832] Inode-cache hash table entries: 65536 (order: 7, 524288 bytes)
[    2.056104] Mount-cache hash table entries: 2048 (order: 2, 16384 bytes)
[    2.057227] Mountpoint-cache hash table entries: 2048 (order: 2, 16384 bytes)
[    2.058547] Initializing cgroup subsys io
[    2.070230] Initializing cgroup subsys memory
[    2.112781] Initializing cgroup subsys devices
[    2.113698] Initializing cgroup subsys freezer
[    2.114683] Initializing cgroup subsys net_cls
[    2.115627] Initializing cgroup subsys perf_event
[    2.116623] Initializing cgroup subsys net_prio
[    2.117597] Initializing cgroup subsys hugetlb
[    2.118623] Initializing cgroup subsys pids
[    2.133054] mce: CPU supports 0 MCE banks
[    2.146448] Last level iTLB entries: 4KB 64, 2MB 8, 4MB 8
[    2.153376] Last level dTLB entries: 4KB 64, 2MB 0, 4MB 0, 1GB 4
[    2.216501] Spectre V1 : Mitigation: usercopy/swapgs barriers and __user pointer sanitization
[    2.220333] Spectre V2 : Mitigation: Full generic retpoline
[    2.221460] Spectre V2 : Spectre v2 / SpectreRSB mitigation: Filling RSB on context switch
[    2.234565] Speculative Store Bypass: Vulnerable
[    2.257513] SRBDS: Unknown: Dependent on hypervisor status
[    2.280736] MDS: Vulnerable: Clear CPU buffers attempted, no microcode
[    2.284461] Freeing SMP alternatives memory: 36K
[    2.291079] ftrace: allocating 32334 entries in 127 pages
[    2.354777] smpboot: APIC(0) Converting physical 0 to logical package 0
[    2.359364] smpboot: Max logical packages: 1
[    2.365819] x2apic enabled
[    2.366760] Switched APIC routing to physical x2apic.
[    2.369012] ..TIMER: vector=0x30 apic1=0 pin1=2 apic2=-1 pin2=-1
[    2.532153] smpboot: CPU0: Intel(R) Core(TM) i3-8130U CPU @ 2.20GHz (family: 0x6, model: 0x8e, stepping: 0xa)
[    2.584274] Performance Events: unsupported p6 CPU model 142 no PMU driver, software events only.
[    2.650196] KVM setup paravirtual spinlock
[    2.651735] x86: Booting SMP configuration:
[    2.653680] .... node  #0, CPUs:      #1
[    2.677431] kvm-clock: cpu 1, msr 0:3ffe3041, secondary cpu clock
[    2.695642] mce: CPU supports 0 MCE banks
[    2.722020] x86: Booted up 1 node, 2 CPUs
[    2.723982] smpboot: Total of 2 processors activated (8831.92 BogoMIPS)
[    2.725249] devtmpfs: initialized
[    2.734972] evm: security.selinux
[    2.737518] evm: security.SMACK64
[    2.748722] evm: security.SMACK64EXEC
[    2.751498] evm: security.SMACK64TRANSMUTE
[    2.759894] evm: security.SMACK64MMAP
[    2.760604] evm: security.ima
[    2.761215] evm: security.capability
[    2.762100] clocksource: jiffies: mask: 0xffffffff max_cycles: 0xffffffff, max_idle_ns: 7645041785100000 ns
[    2.764892] futex hash table entries: 512 (order: 3, 32768 bytes)
[    2.766064] pinctrl core: initialized pinctrl subsystem
[    2.767067] RTC time: 22:28:46, date: 07/25/20
[    2.768150] NET: Registered protocol family 16
[    2.776827] cpuidle: using governor ladder
[    2.801127] cpuidle: using governor menu
[    2.815724] PCCT header not found.
[    2.822177] ACPI: bus type PCI registered
[    2.822885] acpiphp: ACPI Hot Plug PCI Controller Driver version: 0.5
[    2.823963] PCI: Using configuration type 1 for base access
[    2.837990] ACPI: Added _OSI(Module Device)
[    2.845544] ACPI: Added _OSI(Processor Device)
[    2.846341] ACPI: Added _OSI(3.0 _SCP Extensions)
[    2.855318] ACPI: Added _OSI(Processor Aggregator Device)
[    2.856916] ACPI: Executed 1 blocks of module-level executable AML code
[    2.865273] ACPI: Interpreter enabled
[    2.865877] ACPI: (supports S0 S5)
[    2.866457] ACPI: Using IOAPIC for interrupt routing
[    2.868376] PCI: Using host bridge windows from ACPI; if necessary, use "pci=nocrs" and report a bug
[    2.891797] ACPI: PCI Root Bridge [PCI0] (domain 0000 [bus 00-ff])
[    2.894199] acpi PNP0A03:00: _OSC: OS supports [ASPM ClockPM Segments MSI]
[    2.895341] acpi PNP0A03:00: _OSC: not requesting OS control; OS requires [ExtendedConfig ASPM ClockPM MSI]
[    2.903377] acpi PNP0A03:00: fail to add MMCONFIG information, can't access extended PCI configuration space under this bridge.
[    2.910711] PCI host bridge to bus 0000:00
[    2.911470] pci_bus 0000:00: root bus resource [io  0x0000-0x0cf7 window]
[    2.912568] pci_bus 0000:00: root bus resource [io  0x0d00-0xffff window]
[    2.924204] pci_bus 0000:00: root bus resource [mem 0x000a0000-0x000bffff window]
[    2.925585] pci_bus 0000:00: root bus resource [mem 0x40000000-0xffdfffff window]
[    2.928013] pci_bus 0000:00: root bus resource [bus 00-ff]
[    2.945203] pci 0000:00:01.1: legacy IDE quirk: reg 0x10: [io  0x01f0-0x01f7]
[    2.949787] pci 0000:00:01.1: legacy IDE quirk: reg 0x14: [io  0x03f6]
[    2.961382] pci 0000:00:01.1: legacy IDE quirk: reg 0x18: [io  0x0170-0x0177]
[    2.975376] pci 0000:00:01.1: legacy IDE quirk: reg 0x1c: [io  0x0376]
[    2.996465] pci 0000:00:07.0: quirk: [io  0x4000-0x403f] claimed by PIIX4 ACPI
[    3.008159] pci 0000:00:07.0: quirk: [io  0x4100-0x410f] claimed by PIIX4 SMB
[    3.032967] ACPI: PCI Interrupt Link [LNKA] (IRQs 5 9 10 *11)
[    3.038853] ACPI: PCI Interrupt Link [LNKB] (IRQs 5 9 10 *11)
[    3.048356] ACPI: PCI Interrupt Link [LNKC] (IRQs 5 9 *10 11)
[    3.049914] ACPI: PCI Interrupt Link [LNKD] (IRQs 5 *9 10 11)
[    3.051574] ACPI: Enabled 2 GPEs in block 00 to 07
[    3.070974] vgaarb: setting as boot device: PCI:0000:00:02.0
[    3.086540] vgaarb: device added: PCI:0000:00:02.0,decodes=io+mem,owns=io+mem,locks=none
[    3.096539] vgaarb: loaded
[    3.097054] vgaarb: bridge control possible 0000:00:02.0
[    3.100163] SCSI subsystem initialized
[    3.101339] ACPI: bus type USB registered
[    3.103579] usbcore: registered new interface driver usbfs
[    3.109964] usbcore: registered new interface driver hub
[    3.116792] usbcore: registered new device driver usb
[    3.123486] PCI: Using ACPI for IRQ routing
[    3.126826] NetLabel: Initializing
[    3.128605] NetLabel:  domain hash size = 128
[    3.129265] NetLabel:  protocols = UNLABELED CIPSOv4
[    3.132476] NetLabel:  unlabeled traffic allowed by default
[    3.133421] amd_nb: Cannot enumerate AMD northbridges
[    3.139928] clocksource: Switched to clocksource kvm-clock
[    3.154731] AppArmor: AppArmor Filesystem Enabled
[    3.166571] pnp: PnP ACPI init
[    3.167803] pnp: PnP ACPI: found 3 devices
[    3.177672] clocksource: acpi_pm: mask: 0xffffff max_cycles: 0xffffff, max_idle_ns: 2085701024 ns
[    3.203378] NET: Registered protocol family 2
[    3.204555] TCP established hash table entries: 8192 (order: 4, 65536 bytes)
[    3.212291] TCP bind hash table entries: 8192 (order: 5, 131072 bytes)
[    3.218648] TCP: Hash tables configured (established 8192 bind 8192)
[    3.219738] UDP hash table entries: 512 (order: 2, 16384 bytes)
[    3.229411] UDP-Lite hash table entries: 512 (order: 2, 16384 bytes)
[    3.233293] NET: Registered protocol family 1
[    3.234119] pci 0000:00:00.0: Limiting direct PCI/PCI transfers
[    3.235110] pci 0000:00:01.0: Activating ISA DMA hang workarounds
[    3.241671] Unpacking initramfs...
[    3.473675] Freeing initrd memory: 14876K
[    3.506629] clocksource: tsc: mask: 0xffffffffffffffff max_cycles: 0x1fd3a510c30, max_idle_ns: 440795209172 ns
[    3.508552] platform rtc_cmos: registered platform RTC device (no PNP device found)
[    3.510235] Scanning for low memory corruption every 60 seconds
[    3.511729] audit: initializing netlink subsys (disabled)
[    3.512771] audit: type=2000 audit(1595716129.148:1): initialized
[    3.514212] Initialise system trusted keyring
[    3.524514] HugeTLB registered 2 MB page size, pre-allocated 0 pages
[    3.527007] zbud: loaded
[    3.529967] VFS: Disk quotas dquot_6.6.0
[    3.548749] VFS: Dquot-cache hash table entries: 512 (order 0, 4096 bytes)
[    3.550176] squashfs: version 4.0 (2009/01/31) Phillip Lougher
[    3.552813] fuse init (API version 7.23)
[    3.553752] Key type big_key registered
[    3.556754] Allocating IMA MOK and blacklist keyrings.
[    3.558473] Key type asymmetric registered
[    3.559277] Asymmetric key parser 'x509' registered
[    3.560228] Block layer SCSI generic (bsg) driver version 0.4 loaded (major 249)
[    3.561740] io scheduler noop registered
[    3.562522] io scheduler deadline registered (default)
[    3.566025] io scheduler cfq registered
[    3.576626] pci_hotplug: PCI Hot Plug PCI Core version: 0.5
[    3.579604] pciehp: PCI Express Hot Plug Controller Driver version: 0.4
[    3.586973] ACPI: AC Adapter [AC] (on-line)
[    3.587843] input: Power Button as /devices/LNXSYSTM:00/LNXPWRBN:00/input/input0
[    3.617387] ACPI: Power Button [PWRF]
[    3.618214] input: Sleep Button as /devices/LNXSYSTM:00/LNXSLPBN:00/input/input1
[    3.619640] ACPI: Sleep Button [SLPF]
[    3.667710] ACPI: Battery Slot [BAT0] (battery present)
[    3.675419] GHES: HEST is not enabled!
[    3.709839] Serial: 8250/16550 driver, 32 ports, IRQ sharing enabled
[    3.734517] 00:02: ttyS0 at I/O 0x3f8 (irq = 4, base_baud = 115200) is a 16550A
[    3.739582] Linux agpgart interface v0.103
[    3.742544] loop: module loaded
[    3.748939] scsi host0: ata_piix
[    3.749704] scsi host1: ata_piix
[    3.750477] ata1: PATA max UDMA/33 cmd 0x1f0 ctl 0x3f6 bmdma 0xd000 irq 14
[    3.761933] ata2: PATA max UDMA/33 cmd 0x170 ctl 0x376 bmdma 0xd008 irq 15
[    3.763032] libphy: Fixed MDIO Bus: probed
[    3.764826] tun: Universal TUN/TAP device driver, 1.6
[    3.765597] tun: (C) 1999-2004 Max Krasnyansky <maxk@qualcomm.com>
[    3.766618] PPP generic driver version 2.4.2
[    3.769854] ehci_hcd: USB 2.0 'Enhanced' Host Controller (EHCI) Driver
[    3.778062] ehci-pci: EHCI PCI platform driver
[    3.778902] ehci-platform: EHCI generic platform driver
[    3.779813] ohci_hcd: USB 1.1 'Open' Host Controller (OHCI) Driver
[    3.780859] ohci-pci: OHCI PCI platform driver
[    3.781677] ohci-platform: OHCI generic platform driver
[    3.782588] uhci_hcd: USB Universal Host Controller Interface driver
[    3.783672] i8042: PNP: PS/2 Controller [PNP0303:PS2K,PNP0f03:PS2M] at 0x60,0x64 irq 1,12
[    3.791020] serio: i8042 KBD port at 0x60,0x64 irq 1
[    3.814129] serio: i8042 AUX port at 0x60,0x64 irq 12
[    3.856379] mousedev: PS/2 mouse device common for all mice
[    3.896873] input: AT Translated Set 2 keyboar  as /devices/platform/i8042/serio0/input/input2
[    3.927209] rtc_cmos rtc_cmos: rtc core: registered rtc_cmos as rtc0
[    3.964623] rtc_cmos rtc_cmos: alarms up to one day, 114 bytes nvram
[    3.966539] i2c /dev entries driver
[    3.976734] device-mapper: uevent: version 1.0.3
[    3.977667] device-mapper: ioctl: 4.34.0-ioctl (2015-10-28) initialised: dm-devel@redhat.com
[    3.979230] ledtrig-cpu: registered to indicate activity on CPUs
[    3.980620] NET: Registered protocol family 10
[    3.981640] NET: Registered protocol family 17
[    3.982497] Key type dns_resolver registered
[    3.983484] registered taskstats version 1
[    3.993633] Loading compiled-in X.509 certificates
[    4.056857] Loaded X.509 cert 'Build time autogenerated kernel key: cef5e81496c0efa51b848ab539e845ddf31c08be'
[    4.058616] zswap: loaded using pool lzo/zbud
[    4.087784] Key type trusted registered
[    4.110000] Key type encrypted registered
[    4.114333] AppArmor: AppArmor sha1 policy hashing enabled
[    4.115223] ima: No TPM chip found, activating TPM-bypass!
[    4.130965] ima: Allocated hash algorithm: sha1
[    4.199636] evm: HMAC attrs: 0x1
[    4.200663]   Magic number: 12:147:503
[    4.201428] rtc_cmos rtc_cmos: setting system clock to 2020-07-25 22:28:47 UTC (1595716127)
[    4.266949] BIOS EDD facility v0.16 2004-Jun-25, 0 devices found
[    4.270265] EDD information not available.
[    4.388090] Freeing unused kernel memory: 1492K
[    4.444060] Write protecting the kernel read-only data: 14336k
[    4.451014] Freeing unused kernel memory: 1592K
[    4.477024] Freeing unused kernel memory: 56K
Loading, please [    4.491130] random: systemd-udevd: uninitialized urandom read (16 bytes read, 3 bits of entropy available)
wait...
startin[    4.521195] random: udevadm: uninitialized urandom read (16 bytes read, 3 bits of entropy available)
g version 229
[    4.526070] random: systemd-udevd: uninitialized urandom read (16 bytes read, 3 bits of entropy available)
[    4.526123] random: systemd-udevd: uninitialized urandom read (16 bytes read, 3 bits of entropy available)
[    4.526149] random: systemd-udevd: uninitialized urandom read (16 bytes read, 3 bits of entropy available)
[    4.611913] random: udevadm: uninitialized urandom read (16 bytes read, 3 bits of entropy available)
[    4.630271] random: systemd-udevd: uninitialized urandom read (16 bytes read, 3 bits of entropy available)
[    4.633461] random: systemd-udevd: uninitialized urandom read (16 bytes read, 3 bits of entropy available)
[    4.643592] random: systemd-udevd: uninitialized urandom read (16 bytes read, 3 bits of entropy available)
[    4.644848] random: udevadm: uninitialized urandom read (16 bytes read, 3 bits of entropy available)
[    4.746975] Fusion MPT base driver 3.04.20
[    4.748852] Copyright (c) 1999-2008 LSI Corporation
[    4.760544] e1000: Intel(R) PRO/1000 Network Driver - version 7.3.21-k8-NAPI
[    4.777097] e1000: Copyright (c) 1999-2006 Intel Corporation.
[    4.835465] AVX version of gcm_enc/dec engaged.
[    5.028076] AES CTR mode by8 optimization enabled
[    5.090544] Fusion MPT SPI Host driver 3.04.20
[    5.286859] input: ImExPS/2 Generic Explorer Mouse as /devices/platform/i8042/serio1/input/input4
[    5.404369] e1000 0000:00:03.0 eth0: (PCI:33MHz:32-bit) 02:d4:60:56:24:74
[    5.425415] e1000 0000:00:03.0 eth0: Intel(R) PRO/1000 Network Connection
[    5.438376] mptbase: ioc0: Initiating bringup
[    5.532220] ioc0: LSI53C1030 A0: Capabilities={Initiator}
[    5.701401] scsi host2: ioc0: LSI53C1030 A0, FwRev=00000000h, Ports=1, MaxQ=256, IRQ=20
[    5.944271] scsi 2:0:0:0: Direct-Access     VBOX     HARDDISK         1.0  PQ: 0 ANSI: 5
[    5.947749] scsi target2:0:0: Beginning Domain Validation
[    5.960580] scsi target2:0:0: Domain Validation skipping write tests
[    5.961646] scsi target2:0:0: Ending Domain Validation
[    5.981878] scsi target2:0:0: asynchronous
[    5.985948] scsi 2:0:1:0: Direct-Access     VBOX     HARDDISK         1.0  PQ: 0 ANSI: 5
[    5.988505] scsi target2:0:1: Beginning Domain Validation
[    6.021021] scsi target2:0:1: Domain Validation skipping write tests
[    6.022796] scsi target2:0:1: Ending Domain Validation
[    6.024318] scsi target2:0:1: asynchronous
[    6.070973] sd 2:0:0:0: Attached scsi generic sg0 type 0
[    6.071456] sd 2:0:0:0: [sda] 20971520 512-byte logical blocks: (10.7 GB/10.0 GiB)
[    6.071552] sd 2:0:0:0: [sda] Write Protect is off
[    6.071616] sd 2:0:0:0: [sda] Incomplete mode parameter data
[    6.071618] sd 2:0:0:0: [sda] Assuming drive cache: write through
[    6.110816] sd 2:0:1:0: Attached scsi generic sg1 type 0
[    6.113378] sd 2:0:1:0: [sdb] 20480 512-byte logical blocks: (10.5 MB/10.0 MiB)
[    6.113612] sd 2:0:1:0: [sdb] Write Protect is off
[    6.113727] sd 2:0:1:0: [sdb] Incomplete mode parameter data
[    6.113743] sd 2:0:1:0: [sdb] Assuming drive cache: write through
[    6.122995]  sda: sda1
[    6.141905] sd 2:0:0:0: [sda] Attached SCSI disk
[    6.143569] sd 2:0:1:0: [sdb] Attached SCSI disk
[    6.355192] e1000 0000:00:08.0 eth1: (PCI:33MHz:32-bit) 08:00:27:cd:7b:c5
[    6.361000] e1000 0000:00:08.0 eth1: Intel(R) PRO/1000 Network Connection
[    6.695124] e1000 0000:00:09.0 eth2: (PCI:33MHz:32-bit) 08:00:27:21:60:96
[    6.704805] e1000 0000:00:09.0 eth2: Intel(R) PRO/1000 Network Connection
[    7.039520] e1000 0000:00:0a.0 eth3: (PCI:33MHz:32-bit) 08:00:27:ad:ad:72
[    7.050108] e1000 0000:00:0a.0 eth3: Intel(R) PRO/1000 Network Connection
[    7.067005] e1000 0000:00:09.0 enp0s9: renamed from eth2
[    7.088533] e1000 0000:00:0a.0 enp0s10: renamed from eth3
[    7.128557] e1000 0000:00:08.0 enp0s8: renamed from eth1
[    7.152121] e1000 0000:00:03.0 enp0s3: renamed from eth0
Begin: Loading e[    8.783298] md: linear personality registered for level -1
ssential drivers ... [    8.805743] md: multipath personality registered for level -4
[    8.812829] md: raid0 personality registered for level 0
[    8.842002] md: raid1 personality registered for level 1
[    8.916518] raid6: sse2x1   gen() 11340 MB/s
[    9.068612] raid6: sse2x1   xor()  6639 MB/s
[    9.176055] raid6: sse2x2   gen() 11006 MB/s
[    9.304519] raid6: sse2x2   xor()  6916 MB/s
[    9.379936] raid6: sse2x4   gen() 11832 MB/s
[    9.472260] raid6: sse2x4   xor()  8745 MB/s
[    9.474233] raid6: using algorithm sse2x4 gen() 11832 MB/s
[    9.521268] raid6: .... xor() 8745 MB/s, rmw enabled
[    9.524732] raid6: using ssse3x2 recovery algorithm
[    9.537414] xor: automatically using best checksumming function:
[    9.619950]    avx       : 21993.000 MB/sec
[    9.643078] async_tx: api initialized (async)
[    9.669425] md: raid6 personality registered for level 6
[    9.676516] md: raid5 personality registered for level 5
[    9.679146] md: raid4 personality registered for level 4
[    9.698720] md: raid10 personality registered for level 10
done.
Begin: Running /scripts/init-premount ... done.
Begin: Mounting root file sys[    9.791613] Btrfs loaded
tem ... Begin: Running /scripts/local-top ... done.
Begin: Running /scripts/local-premount ... Scanning for Btrfs filesystems
done.
Warning: fsck no[    9.824828] EXT4-fs (sda1): mounted filesystem with ordered data mode. Opts: (null)
t present, so skipping root file system
done.
Begin: Running /scripts/local-bottom ... done.
Begin: Running /scripts/init-bottom ... done.
[    9.949388] systemd[1]: systemd 229 running in system mode. (+PAM +AUDIT +SELINUX +IMA +APPARMOR +SMACK +SYSVINIT +UTMP +LIBCRYPTSETUP +GCRYPT +GNUTLS +ACL +XZ -LZ4 +SECCOMP +BLKID +ELFUTILS +KMOD -IDN)
[    9.979486] systemd[1]: Detected virtualization oracle.
[    9.980323] systemd[1]: Detected architecture x86-64.

Welcome to [1mUbuntu 16.04.6 LTS[0m!

[    9.989761] systemd[1]: Set hostname to <router22>.
[   10.144821] systemd[1]: Listening on LVM2 poll daemon socket.
[[0;32m  OK  [0m] Listening on LVM2 poll daemon socket.
[   10.207818] systemd[1]: Listening on /dev/initctl Compatibility Named Pipe.
[[0;32m  OK  [0m] Listening on /dev/initctl Compatibility Named Pipe.
[   10.292356] systemd[1]: Created slice System Slice.
[[0;32m  OK  [0m] Created slice System Slice.
[   10.328748] systemd[1]: Listening on Journal Socket (/dev/log).
[[0;32m  OK  [0m] Listening on Journal Socket (/dev/log).
[   10.344224] systemd[1]: Started Forward Password Requests to Wall Directory Watch.
[[0;32m  OK  [0m] Started Forward Password Requests to Wall Directory Watch.
[   10.443921] systemd[1]: Created slice User and Session Slice.
[[0;32m  OK  [0m] Created slice User and Session Slice.
[   10.452087] systemd[1]: Reached target System Time Synchronized.
[[0;32m  OK  [0m] Reached target System Time Synchronized.
[   10.516190] systemd[1]: Listening on Syslog Socket.
[[0;32m  OK  [0m] Listening on Syslog Socket.
[   10.577519] systemd[1]: Reached target Slices.
[[0;32m  OK  [0m] Reached target Slices.
[   10.579200] systemd[1]: Listening on Journal Socket.
[[0;32m  OK  [0m] Listening on Journal Socket.
[   10.596294] systemd[1]: Mounting POSIX Message Queue File System...
         Mounting POSIX Message Queue File System...
[   10.625440] systemd[1]: Starting Nameserver information manager...
         Starting Nameserver information manager...
[   10.630677] systemd[1]: Starting Uncomplicated firewall...
         Starting Uncomplicated firewall...
[   10.720817] systemd[1]: Starting Create list of required static device nodes for the current kernel...
         Starting Create list of required st... nodes for the current kernel...
[   10.750928] systemd[1]: Starting Load Kernel Modules...
[   10.772631] Loading iSCSI transport class v2.0-870.
         Starting Load Kernel Modules...
[   10.774110] systemd[1]: Listening on udev Kernel Socket.
[[0;32m  OK  [0m] Listening on[   10.784384] iscsi: registered transport (tcp)
 udev Kernel Socket.
[   10.787818] systemd[1]: Listening on Journal Audit Socket.
[[0;32m  OK  [0m] Listening on Journal Audit Socket.
[   10.826963] systemd[1]: Reached target Swap.
[[0;32m  OK  [0m] Reached target Swap.
[   10.828692] systemd[1]: Started Trigger resolvconf update for networkd DNS.
[[0;32m  OK  [[   10.855925] iscsi: registered transport (iser)
0m] Started Trigger resolvconf update for networkd DNS.
[   10.876382] systemd[1]: Reached target Encrypted Volumes.
[[0;32m  OK  [0m] Reached target Encrypted Volumes.
[   10.956193] systemd[1]: Starting Journal Service...
[   10.957215] random: nonblocking pool is initialized
         Starting Journal Service...
[   10.988889] systemd[1]: Mounting Huge Pages File System...
         Mounting Huge Pages File System...
[   11.011541] systemd[1]: Listening on udev Control Socket.
[[0;32m  OK  [0m] Listening on udev Control Socket.
[   11.099796] systemd[1]: Listening on Device-mapper event daemon FIFOs.
[[0;32m  OK  [0m] Listening on Device-mapper event daemon FIFOs.
[   11.128596] systemd[1]: Starting Set console keymap...
         Starting Set console keymap...
[   11.158515] systemd[1]: Created slice system-serial\x2dgetty.slice.
[[0;32m  OK  [0m] Created slice system-serial\x2dgetty.slice.
[   11.211576] systemd[1]: Set up automount Arbitrary Executable File Formats File System Automount Point.
[[0;32m  OK  [0m] Set up automount Arbitrary Executab...ats File System Automount Point.
[   11.264111] systemd[1]: Mounting Debug File System...
         Mounting Debug File System...
[   11.281762] systemd[1]: Listening on LVM2 metadata daemon socket.
[[0;32m  OK  [0m] Listening on LVM2 metadata daemon socket.
[   11.321936] systemd[1]: Starting Monitoring of LVM2 mirrors, snapshots etc. using dmeventd or progress polling...
         Starting Monitoring of LVM2 mirrors... dmeventd or progress polling...
[   11.411503] systemd[1]: Reached target User and Group Name Lookups.
[[0;32m  OK  [0m] Reached target User and Group Name Lookups.
[   11.432227] systemd[1]: Starting Remount Root and Kernel File Systems...
         [   11.509376] EXT4-fs (sda1): re-mounted. Opts: (null)
Starting Remount Root and Kernel File Systems...
[   11.576881] systemd[1]: Mounted Debug File System.
[[0;32m  OK  [0m] Mounted Debug File System.
[   11.584358] systemd[1]: Mounted POSIX Message Queue File System.
[[0;32m  OK  [0m] Mounted POSIX Message Queue File System.
[   11.596257] systemd[1]: Mounted Huge Pages File System.
[[0;32m  OK  [0m] Mounted Huge Pages File System.
[   11.612356] systemd[1]: Started Journal Service.
[[0;32m  OK  [0m] Started Journal Service.
[[0;32m  OK  [0m] Started Uncomplicated firewall.
[[0;32m  OK  [0m] Started Create list of required sta...ce nodes for the current kernel.
[[0;32m  OK  [0m] Started Load Kernel Modules.
[[0;32m  OK  [0m] Started Set console keymap.
[[0;32m  OK  [0m] Started Remount Root and Kernel File Systems.
[[0;32m  OK  [0m] Started Nameserver information manager.
[[0;32m  OK  [0m] Started LVM2 metadata daemon.
         Starting udev Coldplug all Devices...
         Starting Load/Save Random Seed...
         Starting Apply Kernel Variables...
         Mounting FUSE Control File System...
         Starting Create Static Device Nodes in /dev...
         Starting Flush Journal to Persistent Storage...
[[0;32m  OK  [0m] Mounted FUSE Control File System.
[[0;32m  OK  [0m] Started Load/Save Random Seed.
[[0;32m  OK  [0m] Started Apply Kernel Variables.
[[0;32m  OK  [0m] Started Create Static Device Nodes in /dev.
         Starting udev Kernel Device Manager...
[[0;32m  OK  [0m] Started Flush Journal to Persistent Storage.
[[0;32m  OK  [0m] Started udev Coldplug all Devices.
[[0;32m  OK  [0m] Started udev Kernel Device Manager.
[[0;32m  OK  [0m] Started Monitoring of LVM2 mirrors,...ng dmeventd or progress polling.
[[0;32m  OK  [0m] Reached target Local File Systems (Pre).
[[0;32m  OK  [0m] Reached target Local File Systems.
         Starting Tell Plymouth To Write Out Runtime Data...
         Starting Initial cloud-init job (pre-networking)...
         Starting LSB: AppArmor initialization...
         Starting Set console font and keymap...
[[0;32m  OK  [0m] Started Dispatch Password Requests to Console Directory Watch.
         Starting Create Volatile Files and Directories...
[[0;32m  OK  [0m] Started Tell Plymouth To Write Out Runtime Data.
[[0;32m  OK  [0m] Started Create Volatile Files and Directories.
[[0;32m  OK  [0m] Found device /dev/ttyS0.
[[0;32m  OK  [0m] Listening on Load/Save RF Kill Switch Status /dev/rfkill Watch.
         Starting Update UTMP about System Boot/Shutdown...
[[0;32m  OK  [0m] Started LSB: AppArmor initialization.
         Starting Load AppArmor profiles managed internally by snapd...
[[0;32m  OK  [0m] Started Load AppArmor profiles managed internally by snapd.
[[0;32m  OK  [0m] Started Update UTMP about System Boot/Shutdown.
[[0;32m  OK  [0m] Started Set console font and keymap.
[   10.763432] cloud-init[496]: Cloud-init v. 20.2-45-g5f7825e2-0ubuntu1~16.04.1 running 'init-local' at Sat, 25 Jul 2020 22:28:56 +0000. Up 10.33 seconds.
[[0;32m  OK  [0m] Started Initial cloud-init job (pre-networking).
[[0;32m  OK  [0m] Reached target Network (Pre).
         Starting Raise network interfaces...
[[0;32m  OK  [0m] Started ifup for enp0s9.
[[0;32m  OK  [0m] Started ifup for enp0s10.
[[0;32m  OK  [0m] Started ifup for enp0s3.
[[0;32m  OK  [0m] Started ifup for enp0s8.
[[0;32m  OK  [0m] Created slice system-getty.slice.
[[0;32m  OK  [0m] Started Raise network interfaces.
[[0;32m  OK  [0m] Reached target Network.
         Starting Initial cloud-init job (metadata service crawler)...
[   11.741317] cloud-init[1304]: Cloud-init v. 20.2-45-g5f7825e2-0ubuntu1~16.04.1 running 'init' at Sat, 25 Jul 2020 22:28:57 +0000. Up 11.46 seconds.
[   11.763876] cloud-init[1304]: ci-info: +++++++++++++++++++++++++++++++++++++++Net device info+++++++++++++++++++++++++++++++++++++++
[   11.803971] cloud-init[1304]: ci-info: +---------+------+-----------------------------+---------------+--------+-------------------+
[   11.816216] cloud-init[1304]: ci-info: |  Device |  Up  |           Address           |      Mask     | Scope  |     Hw-Address    |
[   11.816528] cloud-init[1304]: ci-info: +---------+------+-----------------------------+---------------+--------+-------------------+
[[0;32m  OK  [0m] Started Initial cloud-init job (metadata service crawler).
[   11.816704] cloud-init[1304]: ci-info: | enp0s10 | True |        192.168.102.2        | 255.255.255.0 | global | 08:00:27:ad:ad:72 |
[   11.916762] cloud-init[1304]: ci-info: | enp0s10 | True | fe80::a00:27ff:fead:ad72/64 |       .       |  link  | 08:00:27:ad:ad:72 |
[   11.917664] cloud-init[1304]: ci-info: |  enp0s3 | True |          10.0.2.15          | 255.255.255.0 | global | 02:d4:60:56:24:74 |
[   11.918292] cloud-init[1304]: ci-info: |  enp0s3 | True |  fe80::d4:60ff:fe56:2474/64 |       .       |  link  | 02:d4:60:56:24:74 |
[[0;32m  OK  [0m] Reached target Cloud-config availability.
[[   11.918914] cloud-init[1304]: ci-info: |  enp0s8 | True |        192.168.2.254        | 255.255.255.0 | global | 08:00:27:cd:7b:c5 |
[   12.038172] cloud-init[1304]: ci-info: |  enp0s8 | True | fe80::a00:27ff:fecd:7bc5/64 |       .       |  link  | 08:00:27:cd:7b:c5 |
[0;32m  OK  [0m] Reached target Network is Online.
[   12.038486] cloud-init[1304]: ci-info: |  enp0s9 | True |        192.168.100.2        | 255.255.255.0 | global | 08:00:27:21:60:96 |
[   12.132927] cloud-init[1304]: ci-info: |  enp0s9 | True | fe80::a00:27ff:fe21:6096/64 |       .       |  link  | 08:00:27:21:60:96 |
[   12.134399] cloud-init[1304]: ci-info: |    lo   | True |          127.0.0.1          |   255.0.0.0   |  host  |         .         |
[   12.134924] cloud-init[1304]: ci-info: |    lo   | True |           ::1/128           |       .       |  host  |         .         |
[   12.135499] cloud-init[1304]: ci-info: +---------+------+-----------------------------+---------------+--------+-------------------+
[   12.136008] cloud-init[1304]: ci-info: ++++++++++++++++++++++++++++Route IPv4 info+++++++++++++++++++++++++++++
         Starting iSCSI initiator daemon (iscsid)...
[[   12.137699] cloud-init[1304]: ci-info: +-------+---------------+----------+---------------+-----------+-------+
[   12.278926] cloud-init[1304]: ci-info: | Route |  Destination  | Gateway  |    Genmask    | Interface | Flags |
[   12.279442] cloud-init[1304]: ci-info: +-------+---------------+----------+---------------+-----------+-------+
[   12.280797] cloud-init[1304]: ci-info: |   0   |    0.0.0.0    | 10.0.2.2 |    0.0.0.0    |   enp0s3  |   UG  |
[   12.281157] cloud-init[1304]: ci-info: |   1   |    10.0.2.0   | 0.0.0.0  | 255.255.255.0 |   enp0s3  |   U   |
[   12.281720] cloud-init[1304]: ci-info: |   2   |  192.168.2.0  | 0.0.0.0  | 255.255.255.0 |   enp0s8  |   U   |
[0;32m  OK  [0m] Reached target System Initialization.
[   12.283764] cloud-init[1304]: ci-info: |   3   | 192.168.100.0 | 0.0.0.0  | 255.255.255.0 |   enp0s9  |   U   |
[   12.483668] cloud-init[1304]: ci-info: |   4   | 192.168.102.0 | 0.0.0.0  | 255.255.255.0 |  enp0s10  |   U   |
[[0;32m  OK  [0m] Listening on ACPID Listen Socket.
[[   12.484519] cloud-init[1304]: ci-info: +-------+---------------+----------+---------------+-----------+-------+
[   12.563046] cloud-init[1304]: ci-info: +++++++++++++++++++Route IPv6 info+++++++++++++++++++
[0;32m  OK  [0m] Listening on D-Bus System Message Bus Socket.
[   12.563477] cloud-init[1304]: ci-info: +-------+-------------+---------+-----------+-------+
[   12.690191] cloud-init[1304]: ci-info: | Route | Destination | Gateway | Interface | Flags |
[   12.691224] cloud-init[1304]: ci-info: +-------+-------------+---------+-----------+-------+
[[0;32m  OK  [0m] Started Daily apt download activities.
[[   12.691703] cloud-init[1304]: ci-info: |   0   |  fe80::/64  |    ::   |   enp0s9  |   U   |
[   12.754131] cloud-init[1304]: ci-info: |   1   |  fe80::/64  |    ::   |  enp0s10  |   U   |
[0;32m  OK  [0m] Listening on UUID daemon activation socket.
[[   12.754433] cloud-init[1304]: ci-info: |   2   |  fe80::/64  |    ::   |   enp0s8  |   U   |
[   12.790106] cloud-init[1304]: ci-info: |   3   |  fe80::/64  |    ::   |   enp0s3  |   U   |
[0;32m  OK  [0m] Started Daily apt upgrade and clean activities.
[   12.790568] cloud-init[1304]: ci-info: |   6   |   ff00::/8  |    ::   |   enp0s9  |   U   |
[[0;32m  OK  [0m] Started Daily Cleanup of Temporary Directories.
         Starting Socket activation for snappy daemon.
[   12.819504] cloud-init[1304]: ci-info: |   7   |   ff00::/8  |    ::   |  enp0s10  |   U   |
[   12.940792]          cloud-init[1304]: ci-info: |   8   |   ff00::/8  |    ::   |   enp0s8  |   U   |
Starting LXD - unix socket.
[   12.943707] cloud-init[1304]: ci-info: |   9   |   ff00::/8  |    ::   |   enp0s3  |   U   |
[   13.009371] cloud-init[1304]: ci-info: +-------+-------------+---------+-----------+-------+
[[0;32m  OK  [0m] Started ACPI Events Check.
[[0;32m  OK  [0m] Reached target Paths.
[[0;32m  OK  [0m] Started Message of the Day.
[[0;32m  OK  [0m] Reached target Timers.
[[0;32m  OK  [0m] Listening on Socket activation for snappy daemon.
[[0;32m  OK  [0m] Listening on LXD - unix socket.
[[0;32m  OK  [0m] Started iSCSI initiator daemon (iscsid).
         Starting Login to default iSCSI targets...
[[0;32m  OK  [0m] Reached target Sockets.
[[0;32m  OK  [0m] Reached target Basic System.
         Starting LSB: Record successful boot for GRUB...
         Starting Login Service...
         Starting Accounts Service...
[[0;32m  OK  [0m] Started D-Bus System Message Bus.
[[0;32m  OK  [0m] Started FUSE filesystem for LXC.
         Starting LSB: MD monitoring daemon...
[[0;32m  OK  [0m] Started Regular background program processing daemon.
         Starting System Logging Service...
         Starting LXD - container startup/shutdown...
         Starting OpenBSD Secure Shell server...
[[0;32m  OK  [0m] Started ACPI event daemon.
         Starting /etc/rc.local Compatibility...
         Starting Snap Daemon...
         Starting Virtualbox guest utils...
[[0;32m  OK  [0m] Started Deferred execution scheduler.
[[0;32m  OK  [0m] Started System Logging Service.
[[0;32m  OK  [0m] Started /etc/rc.local Compatibility.
[[0;32m  OK  [0m] Started LXD - container startup/shutdown.
[[0;32m  OK  [0m] Started OpenBSD Secure Shell server.
[[0;32m  OK  [0m] Started LSB: Record successful boot for GRUB.
[[0;32m  OK  [0m] Started Login to default iSCSI targets.
[[0;32m  OK  [0m] Started LSB: MD monitoring daemon.
[[0;32m  OK  [0m] Started Login Service.
[[0;32m  OK  [0m] Started Unattended Upgrades Shutdown.
         Starting Authenticate and Authorize Users to Run Privileged Tasks...
[[0;32m  OK  [0m] Reached target Remote File Systems (Pre).
[[0;32m  OK  [0m] Reached target Remote File Systems.
         Starting LSB: automatic crash report generation...
         Starting LSB: Set the CPU Frequency Scaling governor to "ondemand"...
         Starting Permit User Sessions...
         Starting LSB: daemon to balance interrupts for SMP systems...
         Starting LSB: start and stop the Quagga routing suite...
[[0;32m  OK  [0m] Started Snap Daemon.
[[0;32m  OK  [0m] Started Virtualbox guest utils.
[[0;32m  OK  [0m] Started Permit User Sessions.
[[0;32m  OK  [0m] Started Authenticate and Authorize Users to Run Privileged Tasks.
[[0;32m  OK  [0m] Started Accounts Service.
         Starting Hold until boot process finishes up...
         Starting Terminate Plymouth Boot Screen...
         Starting Wait until snapd is fully seeded...
[[0;32m  OK  [0m] Started LSB: automatic crash report generation.
[[0;32m  OK  [0m] Started LSB: Set the CPU Frequency Scaling governor to "ondemand".
[[0;32m  OK  [0m] Started LSB: daemon to balance interrupts for SMP systems.
[[0;32m  OK  [0m] Started LSB: start and stop the Quagga routing suite.
[[0;32m  OK  [0m] Started Hold until boot process finishes up.
[[0;32m  OK  [0m] Started Terminate Plymouth Boot Screen.
[[0;32m  OK  [0m] Started Wait until snapd is fully seeded.
         Starting Apply the settings specified in cloud-config...
[[0;32m  OK  [0m] Started Serial Getty on ttyS0.
[[0;32m  OK  [0m] Started Getty on tty1.
[[0;32m  OK  [0m] Reached target Login Prompts.
         Starting Set console scheme...
[[0;32m  OK  [0m] Reached target Multi-User System.
[[0;32m  OK  [0m] Reached target Graphical Interface.
         Starting Update UTMP about System Runlevel Changes...
[[0;32m  OK  [0m] Started Set console scheme.
[[0;32m  OK  [0m] Started Update UTMP about System Runlevel Changes.
[   14.745868] cloud-init[1583]: Cloud-init v. 20.2-45-g5f7825e2-0ubuntu1~16.04.1 running 'modules:config' at Sat, 25 Jul 2020 22:29:00 +0000. Up 14.67 seconds.
[[0;32m  OK  [0m] Started Apply the settings specified in cloud-config.
         Starting Execute cloud user/final scripts...
[   15.185485] cloud-init[1606]: Cloud-init v. 20.2-45-g5f7825e2-0ubuntu1~16.04.1 running 'modules:final' at Sat, 25 Jul 2020 22:29:00 +0000. Up 15.09 seconds.
[   15.238265] cloud-init[1606]: Cloud-init v. 20.2-45-g5f7825e2-0ubuntu1~16.04.1 finished at Sat, 25 Jul 2020 22:29:01 +0000. Datasource DataSourceNoCloud [seed=/dev/sdb][dsmode=net].  Up 15.18 seconds
[[0;32m  OK  [0m] Started Execute cloud user/final scripts.
[[0;32m  OK  [0m] Reached target Cloud-init target.

Ubuntu 16.04.6 LTS router22 ttyS0

router22 login: 