[    0.000000] Initializing cgroup subsys cpuset
[    0.000000] Initializing cgroup subsys cpu
[    0.000000] Initializing cgroup subsys cpuacct
[    0.000000] Linux version 4.4.0-186-generic (buildd@lcy01-amd64-002) (gcc version 5.4.0 20160609 (Ubuntu 5.4.0-6ubuntu1~16.04.12) ) #216-Ubuntu SMP Wed Jul 1 05:34:05 UTC 2020 (Ubuntu 4.4.0-186.216-generic 4.4.228)
[    0.000000] Command line: BOOT_IMAGE=/boot/vmlinuz-4.4.0-186-generic root=LABEL=cloudimg-rootfs ro console=tty1 console=ttyS0
[    0.000000] KERNEL supported cpus:
[    0.000000]   Intel GenuineIntel
[    0.000000]   AMD AuthenticAMD
[    0.000000]   Centaur CentaurHauls
[    0.000000] ------------[ cut here ]------------
[    0.000000] WARNING: CPU: 0 PID: 0 at /build/linux-OgLptz/linux-4.4.0/arch/x86/kernel/fpu/xstate.c:517 fpu__init_system_xstate+0x37e/0x764()
[    0.000000] XSAVE consistency problem, dumping leaves
[    0.000000] Modules linked in:
[    0.000000] CPU: 0 PID: 0 Comm: swapper Not tainted 4.4.0-186-generic #216-Ubuntu
[    0.000000]  0000000000000086 9b7fc6b9ac871538 ffffffff81e03d80 ffffffff8140ebbb
[    0.000000]  ffffffff81e03dc8 ffffffff81cb4178 ffffffff81e03db8 ffffffff810864b2
[    0.000000]  0000000000000008 0000000000000340 0000000000000100 ffffffff81e03e4c
[    0.000000] Call Trace:
[    0.000000]  [<ffffffff8140ebbb>] dump_stack+0x6d/0x92
[    0.000000]  [<ffffffff810864b2>] warn_slowpath_common+0x82/0xc0
[    0.000000]  [<ffffffff8108654c>] warn_slowpath_fmt+0x5c/0x80
[    0.000000]  [<ffffffff81081fa6>] ? xfeature_size+0x59/0x77
[    0.000000]  [<ffffffff81f78585>] fpu__init_system_xstate+0x37e/0x764
[    0.000000]  [<ffffffff81f68120>] ? early_idt_handler_array+0x120/0x120
[    0.000000]  [<ffffffff81f77f8e>] fpu__init_system+0x1e7/0x28e
[    0.000000]  [<ffffffff81f792ad>] early_cpu_init+0x330/0x335
[    0.000000]  [<ffffffff81f792ad>] ? early_cpu_init+0x330/0x335
[    0.000000]  [<ffffffff81f74535>] setup_arch+0xc0/0xd1f
[    0.000000]  [<ffffffff81f68120>] ? early_idt_handler_array+0x120/0x120
[    0.000000]  [<ffffffff81f68c16>] start_kernel+0xe2/0x4a7
[    0.000000]  [<ffffffff81f68120>] ? early_idt_handler_array+0x120/0x120
[    0.000000]  [<ffffffff81f682da>] x86_64_start_reservations+0x2a/0x2c
[    0.000000]  [<ffffffff81f68426>] x86_64_start_kernel+0x14a/0x16d
[    0.000000] ---[ end trace 4d5ff9f2f68c4233 ]---
[    0.000000] CPUID[0d, 00]: eax=00000007 ebx=00000440 ecx=00000440 edx=00000000
[    0.000000] CPUID[0d, 01]: eax=00000000 ebx=000003c0 ecx=00000000 edx=00000000
[    0.000000] CPUID[0d, 02]: eax=00000100 ebx=00000240 ecx=00000000 edx=00000000
[    0.000000] CPUID[0d, 03]: eax=00000000 ebx=00000000 ecx=00000000 edx=00000000
[    0.000000] CPUID[0d, 04]: eax=00000000 ebx=00000000 ecx=00000000 edx=00000000
[    0.000000] CPUID[0d, 05]: eax=00000000 ebx=00000000 ecx=00000000 edx=00000000
[    0.000000] CPUID[0d, 06]: eax=00000000 ebx=00000000 ecx=00000000 edx=00000000
[    0.000000] CPUID[0d, 07]: eax=00000000 ebx=00000000 ecx=00000000 edx=00000000
[    0.000000] CPUID[0d, 08]: eax=00000000 ebx=00000000 ecx=00000000 edx=00000000
[    0.000000] CPUID[0d, 09]: eax=00000000 ebx=00000000 ecx=00000000 edx=00000000
[    0.000000] CPUID[0d, 0a]: eax=00000000 ebx=00000000 ecx=00000000 edx=00000000
[    0.000000] CPUID[0d, 0b]: eax=00000000 ebx=00000000 ecx=00000000 edx=00000000
[    0.000000] CPUID[0d, 0c]: eax=00000000 ebx=00000000 ecx=00000000 edx=00000000
[    0.000000] CPUID[0d, 0d]: eax=00000000 ebx=00000000 ecx=00000000 edx=00000000
[    0.000000] CPUID[0d, 0e]: eax=00000000 ebx=00000000 ecx=00000000 edx=00000000
[    0.000000] CPUID[0d, 0f]: eax=00000000 ebx=00000000 ecx=00000000 edx=00000000
[    0.000000] CPUID[0d, 10]: eax=00000000 ebx=00000000 ecx=00000000 edx=00000000
[    0.000000] CPUID[0d, 11]: eax=00000000 ebx=00000000 ecx=00000000 edx=00000000
[    0.000000] x86/fpu: xstate_offset[2]:  576, xstate_sizes[2]:  256
[    0.000000] x86/fpu: Supporting XSAVE feature 0x01: 'x87 floating point registers'
[    0.000000] x86/fpu: Supporting XSAVE feature 0x02: 'SSE registers'
[    0.000000] x86/fpu: Supporting XSAVE feature 0x04: 'AVX registers'
[    0.000000] x86/fpu: Enabled xstate features 0x7, context size is 1088 bytes, using 'standard' format.
[    0.000000] e820: BIOS-provided physical RAM map:
[    0.000000] BIOS-e820: [mem 0x0000000000000000-0x000000000009fbff] usable
[    0.000000] BIOS-e820: [mem 0x000000000009fc00-0x000000000009ffff] reserved
[    0.000000] BIOS-e820: [mem 0x00000000000f0000-0x00000000000fffff] reserved
[    0.000000] BIOS-e820: [mem 0x0000000000100000-0x000000003ffeffff] usable
[    0.000000] BIOS-e820: [mem 0x000000003fff0000-0x000000003fffffff] ACPI data
[    0.000000] BIOS-e820: [mem 0x00000000fec00000-0x00000000fec00fff] reserved
[    0.000000] BIOS-e820: [mem 0x00000000fee00000-0x00000000fee00fff] reserved
[    0.000000] BIOS-e820: [mem 0x00000000fffc0000-0x00000000ffffffff] reserved
[    0.000000] NX (Execute Disable) protection: active
[    0.000000] SMBIOS 2.5 present.
[    0.000000] Hypervisor detected: KVM
[    0.000000] e820: last_pfn = 0x3fff0 max_arch_pfn = 0x400000000
[    0.000000] MTRR: Disabled
[    0.000000] x86/PAT: MTRRs disabled, skipping PAT initialization too.
[    0.000000] CPU MTRRs all blank - virtualized system.
[    0.000000] x86/PAT: Configuration [0-7]: WB  WT  UC- UC  WB  WT  UC- UC  
[    0.000000] found SMP MP-table at [mem 0x0009fff0-0x0009ffff] mapped at [ffff88000009fff0]
[    0.000000] Scanning 1 areas for low memory corruption
[    0.000000] RAMDISK: [mem 0x362e2000-0x37168fff]
[    0.000000] ACPI: Early table checksum verification disabled
[    0.000000] ACPI: RSDP 0x00000000000E0000 000024 (v02 VBOX  )
[    0.000000] ACPI: XSDT 0x000000003FFF0030 00003C (v01 VBOX   VBOXXSDT 00000001 ASL  00000061)
[    0.000000] ACPI: FACP 0x000000003FFF00F0 0000F4 (v04 VBOX   VBOXFACP 00000001 ASL  00000061)
[    0.000000] ACPI: DSDT 0x000000003FFF0470 0021FF (v02 VBOX   VBOXBIOS 00000002 INTL 20160108)
[    0.000000] ACPI: FACS 0x000000003FFF0200 000040
[    0.000000] ACPI: FACS 0x000000003FFF0200 000040
[    0.000000] ACPI: APIC 0x000000003FFF0240 00005C (v02 VBOX   VBOXAPIC 00000001 ASL  00000061)
[    0.000000] ACPI: SSDT 0x000000003FFF02A0 0001CC (v01 VBOX   VBOXCPUT 00000002 INTL 20160108)
[    0.000000] No NUMA configuration found
[    0.000000] Faking a node at [mem 0x0000000000000000-0x000000003ffeffff]
[    0.000000] NODE_DATA(0) allocated [mem 0x3ffeb000-0x3ffeffff]
[    0.000000] kvm-clock: Using msrs 4b564d01 and 4b564d00
[    0.000000] kvm-clock: cpu 0, msr 0:3ffe3001, primary cpu clock
[    0.000000] kvm-clock: using sched offset of 3617786898 cycles
[    0.000000] clocksource: kvm-clock: mask: 0xffffffffffffffff max_cycles: 0x1cd42e4dffb, max_idle_ns: 881590591483 ns
[    0.000000] Zone ranges:
[    0.000000]   DMA      [mem 0x0000000000001000-0x0000000000ffffff]
[    0.000000]   DMA32    [mem 0x0000000001000000-0x000000003ffeffff]
[    0.000000]   Normal   empty
[    0.000000]   Device   empty
[    0.000000] Movable zone start for each node
[    0.000000] Early memory node ranges
[    0.000000]   node   0: [mem 0x0000000000001000-0x000000000009efff]
[    0.000000]   node   0: [mem 0x0000000000100000-0x000000003ffeffff]
[    0.000000] Initmem setup node 0 [mem 0x0000000000001000-0x000000003ffeffff]
[    0.000000] ACPI: PM-Timer IO Port: 0x4008
[    0.000000] IOAPIC[0]: apic_id 2, version 32, address 0xfec00000, GSI 0-23
[    0.000000] ACPI: INT_SRC_OVR (bus 0 bus_irq 0 global_irq 2 dfl dfl)
[    0.000000] ACPI: INT_SRC_OVR (bus 0 bus_irq 9 global_irq 9 high level)
[    0.000000] Using ACPI (MADT) for SMP configuration information
[    0.000000] smpboot: Allowing 2 CPUs, 0 hotplug CPUs
[    0.000000] PM: Registered nosave memory: [mem 0x00000000-0x00000fff]
[    0.000000] PM: Registered nosave memory: [mem 0x0009f000-0x0009ffff]
[    0.000000] PM: Registered nosave memory: [mem 0x000a0000-0x000effff]
[    0.000000] PM: Registered nosave memory: [mem 0x000f0000-0x000fffff]
[    0.000000] e820: [mem 0x40000000-0xfebfffff] available for PCI devices
[    0.000000] Booting paravirtualized kernel on KVM
[    0.000000] clocksource: refined-jiffies: mask: 0xffffffff max_cycles: 0xffffffff, max_idle_ns: 7645519600211568 ns
[    0.000000] setup_percpu: NR_CPUS:512 nr_cpumask_bits:512 nr_cpu_ids:2 nr_node_ids:1
[    0.000000] PERCPU: Embedded 33 pages/cpu @ffff88003fc00000 s95512 r8192 d31464 u1048576
[    0.000000] Built 1 zonelists in Node order, mobility grouping on.  Total pages: 257912
[    0.000000] Policy zone: DMA32
[    0.000000] Kernel command line: BOOT_IMAGE=/boot/vmlinuz-4.4.0-186-generic root=LABEL=cloudimg-rootfs ro console=tty1 console=ttyS0
[    0.000000] PID hash table entries: 4096 (order: 3, 32768 bytes)
[    0.000000] Memory: 997668K/1048120K available (8636K kernel code, 1337K rwdata, 4040K rodata, 1492K init, 1296K bss, 50452K reserved, 0K cma-reserved)
[    0.000000] SLUB: HWalign=64, Order=0-3, MinObjects=0, CPUs=2, Nodes=1
[    0.000000] Kernel/User page tables isolation: enabled
[    0.000000] Hierarchical RCU implementation.
[    0.000000] 	Build-time adjustment of leaf fanout to 64.
[    0.000000] 	RCU restricting CPUs from NR_CPUS=512 to nr_cpu_ids=2.
[    0.000000] RCU: Adjusting geometry for rcu_fanout_leaf=64, nr_cpu_ids=2
[    0.000000] NR_IRQS:33024 nr_irqs:440 16
[    0.000000] Console: colour VGA+ 80x25
[    0.000000] console [tty1] enabled
[    0.000000] console [ttyS0] enabled
[    0.000000] tsc: Detected 2207.998 MHz processor
[    1.082141] Calibrating delay loop (skipped) preset value.. 4415.99 BogoMIPS (lpj=8831992)
[    1.090107] pid_max: default: 32768 minimum: 301
[    1.094062] ACPI: Core revision 20150930
[    1.100177] ACPI: 2 ACPI AML tables successfully acquired and loaded
[    1.107818] Security Framework initialized
[    1.109938] Yama: becoming mindful.
[    1.112753] AppArmor: AppArmor initialized
[    1.116603] Dentry cache hash table entries: 131072 (order: 8, 1048576 bytes)
[    1.125333] Inode-cache hash table entries: 65536 (order: 7, 524288 bytes)
[    1.130251] Mount-cache hash table entries: 2048 (order: 2, 16384 bytes)
[    1.180415] Mountpoint-cache hash table entries: 2048 (order: 2, 16384 bytes)
[    1.301838] Initializing cgroup subsys io
[    1.360918] Initializing cgroup subsys memory
[    1.423147] Initializing cgroup subsys devices
[    1.503978] Initializing cgroup subsys freezer
[    1.554237] Initializing cgroup subsys net_cls
[    1.604218] Initializing cgroup subsys perf_event
[    1.652181] Initializing cgroup subsys net_prio
[    1.728871] Initializing cgroup subsys hugetlb
[    1.782013] Initializing cgroup subsys pids
[    1.890218] mce: CPU supports 0 MCE banks
[    1.948249] Last level iTLB entries: 4KB 64, 2MB 8, 4MB 8
[    1.998206] Last level dTLB entries: 4KB 64, 2MB 0, 4MB 0, 1GB 4
[    2.092653] Spectre V1 : Mitigation: usercopy/swapgs barriers and __user pointer sanitization
[    2.097346] Spectre V2 : Mitigation: Full generic retpoline
[    2.102412] Spectre V2 : Spectre v2 / SpectreRSB mitigation: Filling RSB on context switch
[    2.133365] Speculative Store Bypass: Vulnerable
[    2.136641] SRBDS: Unknown: Dependent on hypervisor status
[    2.140575] MDS: Vulnerable: Clear CPU buffers attempted, no microcode
[    2.151678] Freeing SMP alternatives memory: 36K
[    2.163561] ftrace: allocating 32334 entries in 127 pages
[    2.239769] smpboot: APIC(0) Converting physical 0 to logical package 0
[    2.242112] smpboot: Max logical packages: 1
[    2.244115] x2apic enabled
[    2.245696] Switched APIC routing to physical x2apic.
[    2.249381] ..TIMER: vector=0x30 apic1=0 pin1=2 apic2=-1 pin2=-1
[    2.359606] smpboot: CPU0: Intel(R) Core(TM) i3-8130U CPU @ 2.20GHz (family: 0x6, model: 0x8e, stepping: 0xa)
[    2.363245] Performance Events: unsupported p6 CPU model 142 no PMU driver, software events only.
[    2.389606] KVM setup paravirtual spinlock
[    2.392185] x86: Booting SMP configuration:
[    2.393761] .... node  #0, CPUs:      #1
[    2.395400] kvm-clock: cpu 1, msr 0:3ffe3041, secondary cpu clock
[    2.432198] mce: CPU supports 0 MCE banks
[    2.441136] x86: Booted up 1 node, 2 CPUs
[    2.496017] smpboot: Total of 2 processors activated (8831.99 BogoMIPS)
[    2.562603] devtmpfs: initialized
[    2.597466] evm: security.selinux
[    2.654173] evm: security.SMACK64
[    2.685823] evm: security.SMACK64EXEC
[    2.722963] evm: security.SMACK64TRANSMUTE
[    2.771121] evm: security.SMACK64MMAP
[    2.841640] evm: security.ima
[    2.883544] evm: security.capability
[    2.929362] clocksource: jiffies: mask: 0xffffffff max_cycles: 0xffffffff, max_idle_ns: 7645041785100000 ns
[    3.014873] futex hash table entries: 512 (order: 3, 32768 bytes)
[    3.083757] pinctrl core: initialized pinctrl subsystem
[    3.144914] RTC time:  1:50:11, date: 07/28/20
[    3.223999] NET: Registered protocol family 16
[    3.320179] cpuidle: using governor ladder
[    3.419961] cpuidle: using governor menu
[    3.478130] PCCT header not found.
[    3.490600] ACPI: bus type PCI registered
[    3.492128] acpiphp: ACPI Hot Plug PCI Controller Driver version: 0.5
[    3.524537] PCI: Using configuration type 1 for base access
[    3.596133] ACPI: Added _OSI(Module Device)
[    3.648020] ACPI: Added _OSI(Processor Device)
[    3.701093] ACPI: Added _OSI(3.0 _SCP Extensions)
[    3.760580] ACPI: Added _OSI(Processor Aggregator Device)
[    3.886528] ACPI: Executed 1 blocks of module-level executable AML code
[    3.984635] ACPI: Interpreter enabled
[    4.036069] ACPI: (supports S0 S5)
[    4.116648] ACPI: Using IOAPIC for interrupt routing
[    4.192252] PCI: Using host bridge windows from ACPI; if necessary, use "pci=nocrs" and report a bug
[    4.375776] ACPI: PCI Root Bridge [PCI0] (domain 0000 [bus 00-ff])
[    4.511793] acpi PNP0A03:00: _OSC: OS supports [ASPM ClockPM Segments MSI]
[    4.618388] acpi PNP0A03:00: _OSC: not requesting OS control; OS requires [ExtendedConfig ASPM ClockPM MSI]
[    4.767219] acpi PNP0A03:00: fail to add MMCONFIG information, can't access extended PCI configuration space under this bridge.
[    4.878451] PCI host bridge to bus 0000:00
[    4.879841] pci_bus 0000:00: root bus resource [io  0x0000-0x0cf7 window]
[    4.881802] pci_bus 0000:00: root bus resource [io  0x0d00-0xffff window]
[    4.883830] pci_bus 0000:00: root bus resource [mem 0x000a0000-0x000bffff window]
[    4.886268] pci_bus 0000:00: root bus resource [mem 0x40000000-0xffdfffff window]
[    4.888622] pci_bus 0000:00: root bus resource [bus 00-ff]
[    4.891970] pci 0000:00:01.1: legacy IDE quirk: reg 0x10: [io  0x01f0-0x01f7]
[    4.894016] pci 0000:00:01.1: legacy IDE quirk: reg 0x14: [io  0x03f6]
[    4.895980] pci 0000:00:01.1: legacy IDE quirk: reg 0x18: [io  0x0170-0x0177]
[    4.898018] pci 0000:00:01.1: legacy IDE quirk: reg 0x1c: [io  0x0376]
[    4.915985] pci 0000:00:07.0: quirk: [io  0x4000-0x403f] claimed by PIIX4 ACPI
[    4.918337] pci 0000:00:07.0: quirk: [io  0x4100-0x410f] claimed by PIIX4 SMB
[    4.929840] ACPI: PCI Interrupt Link [LNKA] (IRQs 5 9 10 *11)
[    4.932255] ACPI: PCI Interrupt Link [LNKB] (IRQs 5 9 10 *11)
[    4.934647] ACPI: PCI Interrupt Link [LNKC] (IRQs 5 9 *10 11)
[    4.936779] ACPI: PCI Interrupt Link [LNKD] (IRQs 5 *9 10 11)
[    4.939023] ACPI: Enabled 2 GPEs in block 00 to 07
[    4.951904] vgaarb: setting as boot device: PCI:0000:00:02.0
[    4.953886] vgaarb: device added: PCI:0000:00:02.0,decodes=io+mem,owns=io+mem,locks=none
[    4.956898] vgaarb: loaded
[    4.958000] vgaarb: bridge control possible 0000:00:02.0
[    4.960374] SCSI subsystem initialized
[    4.967157] ACPI: bus type USB registered
[    4.968253] usbcore: registered new interface driver usbfs
[    4.969929] usbcore: registered new interface driver hub
[    4.974616] usbcore: registered new device driver usb
[    4.980246] PCI: Using ACPI for IRQ routing
[    4.982143] NetLabel: Initializing
[    4.983494] NetLabel:  domain hash size = 128
[    4.985110] NetLabel:  protocols = UNLABELED CIPSOv4
[    4.987357] NetLabel:  unlabeled traffic allowed by default
[    4.989493] amd_nb: Cannot enumerate AMD northbridges
[    5.028162] clocksource: Switched to clocksource kvm-clock
[    5.093623] AppArmor: AppArmor Filesystem Enabled
[    5.143723] pnp: PnP ACPI init
[    5.211481] pnp: PnP ACPI: found 3 devices
[    5.323242] clocksource: acpi_pm: mask: 0xffffff max_cycles: 0xffffff, max_idle_ns: 2085701024 ns
[    5.455310] NET: Registered protocol family 2
[    5.484610] TCP established hash table entries: 8192 (order: 4, 65536 bytes)
[    5.488936] TCP bind hash table entries: 8192 (order: 5, 131072 bytes)
[    5.508936] TCP: Hash tables configured (established 8192 bind 8192)
[    5.510772] UDP hash table entries: 512 (order: 2, 16384 bytes)
[    5.514667] UDP-Lite hash table entries: 512 (order: 2, 16384 bytes)
[    5.518772] NET: Registered protocol family 1
[    5.522761] pci 0000:00:00.0: Limiting direct PCI/PCI transfers
[    5.526597] pci 0000:00:01.0: Activating ISA DMA hang workarounds
[    5.533845] Unpacking initramfs...
[    6.163688] Freeing initrd memory: 14876K
[    6.166602] clocksource: tsc: mask: 0xffffffffffffffff max_cycles: 0x1fd3b6211b4, max_idle_ns: 440795230313 ns
[    6.171726] platform rtc_cmos: registered platform RTC device (no PNP device found)
[    6.176258] Scanning for low memory corruption every 60 seconds
[    6.199869] audit: initializing netlink subsys (disabled)
[    6.202796] audit: type=2000 audit(1595901016.027:1): initialized
[    6.226861] Initialise system trusted keyring
[    6.237813] HugeTLB registered 2 MB page size, pre-allocated 0 pages
[    6.243557] zbud: loaded
[    6.252232] VFS: Disk quotas dquot_6.6.0
[    6.257703] VFS: Dquot-cache hash table entries: 512 (order 0, 4096 bytes)
[    6.267010] squashfs: version 4.0 (2009/01/31) Phillip Lougher
[    6.328951] fuse init (API version 7.23)
[    6.449204] Key type big_key registered
[    6.474794] Allocating IMA MOK and blacklist keyrings.
[    6.542067] Key type asymmetric registered
[    6.584601] Asymmetric key parser 'x509' registered
[    6.662720] Block layer SCSI generic (bsg) driver version 0.4 loaded (major 249)
[    6.835118] io scheduler noop registered
[    6.939909] io scheduler deadline registered (default)
[    7.069239] io scheduler cfq registered
[    7.146911] pci_hotplug: PCI Hot Plug PCI Core version: 0.5
[    7.244233] pciehp: PCI Express Hot Plug Controller Driver version: 0.4
[    7.304132] ACPI: AC Adapter [AC] (on-line)
[    7.305688] input: Power Button as /devices/LNXSYSTM:00/LNXPWRBN:00/input/input0
[    7.308273] ACPI: Power Button [PWRF]
[    7.309696] input: Sleep Button as /devices/LNXSYSTM:00/LNXSLPBN:00/input/input1
[    7.312240] ACPI: Sleep Button [SLPF]
[    7.320456] GHES: HEST is not enabled!
[    7.321083] ACPI: Battery Slot [BAT0] (battery present)
[    7.324568] Serial: 8250/16550 driver, 32 ports, IRQ sharing enabled
[    7.348642] 00:02: ttyS0 at I/O 0x3f8 (irq = 4, base_baud = 115200) is a 16550A
[    7.353684] Linux agpgart interface v0.103
[    7.365771] loop: module loaded
[    7.374289] scsi host0: ata_piix
[    7.377793] scsi host1: ata_piix
[    7.379512] ata1: PATA max UDMA/33 cmd 0x1f0 ctl 0x3f6 bmdma 0xd000 irq 14
[    7.382038] ata2: PATA max UDMA/33 cmd 0x170 ctl 0x376 bmdma 0xd008 irq 15
[    7.388260] libphy: Fixed MDIO Bus: probed
[    7.389993] tun: Universal TUN/TAP device driver, 1.6
[    7.391710] tun: (C) 1999-2004 Max Krasnyansky <maxk@qualcomm.com>
[    7.393627] PPP generic driver version 2.4.2
[    7.407528] ehci_hcd: USB 2.0 'Enhanced' Host Controller (EHCI) Driver
[    7.411247] ehci-pci: EHCI PCI platform driver
[    7.414702] ehci-platform: EHCI generic platform driver
[    7.416434] ohci_hcd: USB 1.1 'Open' Host Controller (OHCI) Driver
[    7.421394] ohci-pci: OHCI PCI platform driver
[    7.423725] ohci-platform: OHCI generic platform driver
[    7.426132] uhci_hcd: USB Universal Host Controller Interface driver
[    7.430125] i8042: PNP: PS/2 Controller [PNP0303:PS2K,PNP0f03:PS2M] at 0x60,0x64 irq 1,12
[    7.436077] serio: i8042 KBD port at 0x60,0x64 irq 1
[    7.438906] serio: i8042 AUX port at 0x60,0x64 irq 12
[    7.441106] mousedev: PS/2 mouse device common for all mice
[    7.444814] input: AT Translated Set 2 keyboard as /devices/platform/i8042/serio0/input/input2
[    7.449634] rtc_cmos rtc_cmos: rtc core: registered rtc_cmos as rtc0
[    7.449687] rtc_cmos rtc_cmos: alarms up to one day, 114 bytes nvram
[    7.449694] i2c /dev entries driver
[    7.449741] device-mapper: uevent: version 1.0.3
[    7.449788] device-mapper: ioctl: 4.34.0-ioctl (2015-10-28) initialised: dm-devel@redhat.com
[    7.449802] ledtrig-cpu: registered to indicate activity on CPUs
[    7.450048] NET: Registered protocol family 10
[    7.450215] NET: Registered protocol family 17
[    7.450227] Key type dns_resolver registered
[    7.450459] registered taskstats version 1
[    7.450474] Loading compiled-in X.509 certificates
[    7.451047] Loaded X.509 cert 'Build time autogenerated kernel key: cef5e81496c0efa51b848ab539e845ddf31c08be'
[    7.451062] zswap: loaded using pool lzo/zbud
[    7.452445] Key type trusted registered
[    7.455029] Key type encrypted registered
[    7.455034] AppArmor: AppArmor sha1 policy hashing enabled
[    7.455037] ima: No TPM chip found, activating TPM-bypass!
[    7.455055] ima: Allocated hash algorithm: sha1
[    7.455068] evm: HMAC attrs: 0x1
[    7.455353]   Magic number: 12:2:813
[    7.458956] rtc_cmos rtc_cmos: setting system clock to 2020-07-28 01:50:16 UTC (1595901016)
[    7.459057] BIOS EDD facility v0.16 2004-Jun-25, 0 devices found
[    7.459057] EDD information not available.
[    7.547942] Freeing unused kernel memory: 1492K
[    7.556040] Write protecting the kernel read-only data: 14336k
[    7.559327] Freeing unused kernel memory: 1592K
[    7.561633] Freeing unused kernel memory: 56K
Loading, please wait...
starting version[    7.592362] random: systemd-udevd: uninitialized urandom read (16 bytes read, 5 bits of entropy available)
[    7.592580] random: udevadm: uninitialized urandom read (16 bytes read, 5 bits of entropy available)
 229
[    7.592609] random: udevadm: uninitialized urandom read (16 bytes read, 5 bits of entropy available)
[    7.605428] random: udevadm: uninitialized urandom read (16 bytes read, 5 bits of entropy available)
[    7.605481] random: udevadm: uninitialized urandom read (16 bytes read, 5 bits of entropy available)
[    7.605624] random: udevadm: uninitialized urandom read (16 bytes read, 5 bits of entropy available)
[    7.605682] random: udevadm: uninitialized urandom read (16 bytes read, 5 bits of entropy available)
[    7.605738] random: udevadm: uninitialized urandom read (16 bytes read, 5 bits of entropy available)
[    7.605799] random: udevadm: uninitialized urandom read (16 bytes read, 5 bits of entropy available)
[    7.605856] random: udevadm: uninitialized urandom read (16 bytes read, 5 bits of entropy available)
[    7.830364] Fusion MPT base driver 3.04.20
[    7.840567] Copyright (c) 1999-2008 LSI Corporation
[    7.861378] e1000: Intel(R) PRO/1000 Network Driver - version 7.3.21-k8-NAPI
[    7.863829] e1000: Copyright (c) 1999-2006 Intel Corporation.
[    7.872474] Fusion MPT SPI Host driver 3.04.20
[    7.889699] AVX version of gcm_enc/dec engaged.
[    7.894831] AES CTR mode by8 optimization enabled
[    8.078291] input: ImExPS/2 Generic Explorer Mouse as /devices/platform/i8042/serio1/input/input4
[    8.234152] e1000 0000:00:03.0 eth0: (PCI:33MHz:32-bit) 02:d4:60:56:24:74
[    8.412034] e1000 0000:00:03.0 eth0: Intel(R) PRO/1000 Network Connection
[    8.853657] e1000 0000:00:08.0 eth1: (PCI:33MHz:32-bit) 08:00:27:91:be:d3
[    8.946953] e1000 0000:00:08.0 eth1: Intel(R) PRO/1000 Network Connection
[    9.059435] e1000 0000:00:03.0 enp0s3: renamed from eth0
[    9.062337] mptbase: ioc0: Initiating bringup
[    9.075322] e1000 0000:00:08.0 enp0s8: renamed from eth1
[    9.133004] ioc0: LSI53C1030 A0: Capabilities={Initiator}
[    9.369743] scsi host2: ioc0: LSI53C1030 A0, FwRev=00000000h, Ports=1, MaxQ=256, IRQ=20
[    9.504302] scsi 2:0:0:0: Direct-Access     VBOX     HARDDISK         1.0  PQ: 0 ANSI: 5
[    9.515080] scsi target2:0:0: Beginning Domain Validation
[    9.519120] scsi target2:0:0: Domain Validation skipping write tests
[    9.525119] scsi target2:0:0: Ending Domain Validation
[    9.527229] scsi target2:0:0: asynchronous
[    9.533755] scsi 2:0:1:0: Direct-Access     VBOX     HARDDISK         1.0  PQ: 0 ANSI: 5
[    9.539210] scsi target2:0:1: Beginning Domain Validation
[    9.546055] scsi target2:0:1: Domain Validation skipping write tests
[    9.550485] scsi target2:0:1: Ending Domain Validation
[    9.554955] scsi target2:0:1: asynchronous
[    9.585680] sd 2:0:0:0: [sda] 20971520 512-byte logical blocks: (10.7 GB/10.0 GiB)
[    9.586043] sd 2:0:0:0: Attached scsi generic sg0 type 0
[    9.586209] sd 2:0:1:0: Attached scsi generic sg1 type 0
[    9.587125] sd 2:0:1:0: [sdb] 20480 512-byte logical blocks: (10.5 MB/10.0 MiB)
[    9.587238] sd 2:0:1:0: [sdb] Write Protect is off
[    9.587316] sd 2:0:1:0: [sdb] Incomplete mode parameter data
[    9.587317] sd 2:0:1:0: [sdb] Assuming drive cache: write through
[    9.603265] sd 2:0:1:0: [sdb] Attached SCSI disk
[    9.681815] sd 2:0:0:0: [sda] Write Protect is off
[    9.716879] sd 2:0:0:0: [sda] Incomplete mode parameter data
[    9.820769] sd 2:0:0:0: [sda] Assuming drive cache: write through
[    9.858194]  sda: sda1
[    9.906018] sd 2:0:0:0: [sda] Attached SCSI disk
Begin: Loading essential drivers[   11.715218] md: linear personality registered for level -1
 ... [   11.759662] md: multipath personality registered for level -4
[   11.836173] md: raid0 personality registered for level 0
[   11.878520] md: raid1 personality registered for level 1
[   12.078660] raid6: sse2x1   gen()  6354 MB/s
[   12.194947] raid6: sse2x1   xor()  4250 MB/s
[   12.287114] raid6: sse2x2   gen()  5910 MB/s
[   12.402474] raid6: sse2x2   xor()  3539 MB/s
[   12.518808] raid6: sse2x4   gen()  7834 MB/s
[   12.622897] raid6: sse2x4   xor()  4761 MB/s
[   12.631048] raid6: using algorithm sse2x4 gen() 7834 MB/s
[   12.695258] raid6: .... xor() 4761 MB/s, rmw enabled
[   12.721018] raid6: using ssse3x2 recovery algorithm
[   12.775258] xor: automatically using best checksumming function:
[   12.994261]    avx       : 14541.000 MB/sec
[   13.042602] async_tx: api initialized (async)
[   13.110451] md: raid6 personality registered for level 6
[   13.116877] md: raid5 personality registered for level 5
[   13.139437] md: raid4 personality registered for level 4
[   13.226350] md: raid10 personality registered for level 10
done.
Begin: Running /scripts/init-premount ... done.
Begin: Mounting root file system ... Begin: Running /scripts/local-top ... done.
Begin: Running /scripts/local-premount ... [   13.328377] Btrfs loaded
Scanning for Btrfs filesystems
done.
Warning: fsck not present, so skipping root file system
[   13.423235] EXT4-fs (sda1): mounted filesystem with ordered data mode. Opts: (null)
done.
Begin: Running /scripts/local-bottom ... done.
Begin: Running /scripts/init-bottom ... done.
[   13.635244] systemd[1]: systemd 229 running in system mode. (+PAM +AUDIT +SELINUX +IMA +APPARMOR +SMACK +SYSVINIT +UTMP +LIBCRYPTSETUP +GCRYPT +GNUTLS +ACL +XZ -LZ4 +SECCOMP +BLKID +ELFUTILS +KMOD -IDN)
[   13.762210] systemd[1]: Detected virtualization oracle.
[   13.944201] systemd[1]: Detected architecture x86-64.

Welcome to [1mUbuntu 16.04.6 LTS[0m!

[   14.044935] systemd[1]: Set hostname to <client1>.
[   14.326232] random: nonblocking pool is initialized
[   14.425164] systemd[1]: Started Trigger resolvconf update for networkd DNS.
[[0;32m  OK  [0m] Started Trigger resolvconf update for networkd DNS.
[   14.548272] systemd[1]: Listening on udev Kernel Socket.
[[0;32m  OK  [0m] Listening on udev Kernel Socket.
[   14.710811] systemd[1]: Listening on LVM2 poll daemon socket.
[[0;32m  OK  [0m] Listening on LVM2 poll daemon socket.
[   14.770591] systemd[1]: Reached target User and Group Name Lookups.
[[0;32m  OK  [0m] Reached target User and Group Name Lookups.
[   14.858563] systemd[1]: Listening on Syslog Socket.
[[0;32m  OK  [0m] Listening on Syslog Socket.
[   14.947905] systemd[1]: Listening on LVM2 metadata daemon socket.
[[0;32m  OK  [0m] Listening on LVM2 metadata daemon socket.
[   15.074831] systemd[1]: Created slice User and Session Slice.
[[0;32m  OK  [0m] Created slice User and Session Slice.
[   15.206554] systemd[1]: Listening on /dev/initctl Compatibility Named Pipe.
[[0;32m  OK  [0m] Listening on /dev/initctl Compatibility Named Pipe.
[   15.342445] systemd[1]: Reached target Encrypted Volumes.
[[0;32m  OK  [0m] Reached target Encrypted Volumes.
[   15.522530] systemd[1]: Listening on Journal Socket.
[[0;32m  OK  [0m] Listening on Journal Socket.
[   15.563697] systemd[1]: Listening on udev Control Socket.
[[0;32m  OK  [0m] Listening on udev Control Socket.
[   15.642651] systemd[1]: Listening on Journal Socket (/dev/log).
[[0;32m  OK  [0m] Listening on Journal Socket (/dev/log).
[   15.671298] systemd[1]: Reached target Swap.
[[0;32m  OK  [0m] Reached target Swap.
[   15.774425] systemd[1]: Reached target System Time Synchronized.
[[0;32m  OK  [0m] Reached target System Time Synchronized.
[   15.850590] systemd[1]: Started Forward Password Requests to Wall Directory Watch.
[[0;32m  OK  [0m] Started Forward Password Requests to Wall Directory Watch.
[   16.098555] systemd[1]: Listening on Device-mapper event daemon FIFOs.
[[0;32m  OK  [0m] Listening on Device-mapper event daemon FIFOs.
[   16.137078] systemd[1]: Listening on Journal Audit Socket.
[[0;32m  OK  [0m] Listening on Journal Audit Socket.
[   16.142533] systemd[1]: Created slice System Slice.
[[0;32m  OK  [0m] Created slice System Slice.
[   16.186506] systemd[1]: Starting Create list of required static device nodes for the current kernel...
         Starting Create list of required st... nodes for the current kernel...
[   16.302463] systemd[1]: Starting Load Kernel Modules...
         Startin[   16.374816] Loading iSCSI transport class v2.0-870.
g Load Kernel Modules...
[   16.544874] iscsi: registered transport (tcp)
[   16.646570] systemd[1]: Starting Uncomplicated firewall...
         Starting Uncomplicated firewall...
[   16.867038] systemd[1]: Created slice system-serial\x2dgetty.slice.
[[0;32m  OK  [0m] Created slice system-serial\x2dgetty.slice.[   16.971890] iscsi: registered transport (iser)

[   17.061800] systemd[1]: Reached target Slices.
[[0;32m  OK  [0m] Reached target Slices.
[   17.138411] systemd[1]: Mounting Huge Pages File System...
         Mounting Huge Pages File System...
[   17.250683] systemd[1]: Starting Remount Root and Kernel File Systems...
[   17.259726] EXT4-fs (sda1): re-mounted. Opts: (null)
         Starting Remount Root and Kernel File Systems...
[   17.454537] systemd[1]: Starting Journal Service...
         Starting Journal Service...
[   17.693379] systemd[1]: Mounting POSIX Message Queue File System...
         Mounting POSIX Message Queue File System...
[   17.894390] systemd[1]: Starting Nameserver information manager...
         Starting Nameserver information manager...
[   18.010458] systemd[1]: Starting Set console keymap...
         Starting Set console keymap...
[   18.214645] systemd[1]: Set up automount Arbitrary Executable File Formats File System Automount Point.
[[0;32m  OK  [0m] Set up automount Arbitrary Executab...ats File System Automount Point.
[   18.390873] systemd[1]: Mounting Debug File System...
         Mounting Debug File System...
[   18.602785] systemd[1]: Starting Monitoring of LVM2 mirrors, snapshots etc. using dmeventd or progress polling...
         Starting Monitoring of LVM2 mirrors... dmeventd or progress polling...
[   18.759420] systemd[1]: Mounted Debug File System.
[[0;32m  OK  [0m] Mounted Debug File System.
[   18.822525] systemd[1]: Mounted POSIX Message Queue File System.
[[0;32m  OK  [0m] Mounted POSIX Message Queue File System.
[   18.998671] systemd[1]: Mounted Huge Pages File System.
[[0;32m  OK  [0m] Mounted Huge Pages File System.
[   19.055011] systemd[1]: Started Journal Service.
[[0;32m  OK  [0m] Started Journal Service.
[[0;32m  OK  [0m] Started Create list of required sta...ce nodes for the current kernel.
[[0;32m  OK  [0m] Started Load Kernel Modules.
[[0;32m  OK  [0m] Started Uncomplicated firewall.
[[0;32m  OK  [0m] Started Remount Root and Kernel File Systems.
[[0;32m  OK  [0m] Started Set console keymap.
[[0;32m  OK  [0m] Started Nameserver information manager.
[[0;32m  OK  [0m] Started LVM2 metadata daemon.
         Starting Load/Save Random Seed...
         Starting udev Coldplug all Devices...
         Starting Apply Kernel Variables...
         Mounting FUSE Control File System...
         Starting Create Static Device Nodes in /dev...
         Starting Flush Journal to Persistent Storage...
[[0;32m  OK  [0m] Mounted FUSE Control File System.
[[0;32m  OK  [0m] Started Load/Save Random Seed.
[[0;32m  OK  [0m] Started Monitoring of LVM2 mirrors,...ng dmeventd or progress polling.
[[0;32m  OK  [0m] Started Apply Kernel Variables.
[[0;32m  OK  [0m] Started Create Static Device Nodes in /dev.
[[0;32m  OK  [0m] Started udev Coldplug all Devices.
         Starting udev Kernel Device Manager...
[[0;32m  OK  [0m] Reached target Local File Systems (Pre).
[[0;32m  OK  [0m] Reached target Local File Systems.
         Starting Set console font and keymap...
         Starting Initial cloud-init job (pre-networking)...
         Starting LSB: AppArmor initialization...
         Starting Tell Plymouth To Write Out Runtime Data...
[[0;32m  OK  [0m] Started udev Kernel Device Manager.
[[0;32m  OK  [0m] Started Flush Journal to Persistent Storage.
[[0;32m  OK  [0m] Started Tell Plymouth To Write Out Runtime Data.
[[0;32m  OK  [0m] Found device /dev/ttyS0.
[[0;32m  OK  [0m] Started LSB: AppArmor initialization.
[[0;32m  OK  [0m] Listening on Load/Save RF Kill Switch Status /dev/rfkill Watch.
         Starting Load AppArmor profiles managed internally by snapd...
         Starting Create Volatile Files and Directories...
[[0;32m  OK  [0m] Started Dispatch Password Requests to Console Directory Watch.
[[0;32m  OK  [0m] Started Load AppArmor profiles managed internally by snapd.
[[0;32m  OK  [0m] Started Set console font and keymap.
[[0;32m  OK  [0m] Started Create Volatile Files and Directories.
[[0;32m  OK  [0m] Found device 82540EM Gigabit Ethern...r (PRO/1000 MT Desktop Adapter).
         Starting Update UTMP about System Boot/Shutdown...
[[0;32m  OK  [0m] Created slice system-getty.slice.
[[0;32m  OK  [0m] Found device 82540EM Gigabit Ethern...r (PRO/1000 MT Desktop Adapter).
[[0;32m  OK  [0m] Started Update UTMP about System Boot/Shutdown.
[   17.616906] cloud-init[487]: Cloud-init v. 20.2-45-g5f7825e2-0ubuntu1~16.04.1 running 'init-local' at Tue, 28 Jul 2020 01:50:30 +0000. Up 17.18 seconds.
[[0;32m  OK  [0m] Started Initial cloud-init job (pre-networking).
[[0;32m  OK  [0m] Reached target Network (Pre).
[[0;32m  OK  [0m] Started ifup for enp0s3.
         Starting Raise network interfaces...
[[0;32m  OK  [0m] Started ifup for enp0s8.
[[0;32m  OK  [0m] Started Raise network interfaces.
[[0;32m  OK  [0m] Reached target Network.
         Starting Initial cloud-init job (metadata service crawler)...
[   18.566283] cloud-init[1076]: Cloud-init v. 20.2-45-g5f7825e2-0ubuntu1~16.04.1 running 'init' at Tue, 28 Jul 2020 01:50:31 +0000. Up 18.30 seconds.
[   18.635621] cloud-init[1076]: ci-info: ++++++++++++++++++++++++++++++++++++++Net device info+++++++++++++++++++++++++++++++++++++++
[[0;32m  OK  [0m] Started Initial cloud-init job (metadata service crawler).
[[0;32m  OK  [0m] Reached target Network is Online.
[   18.636094] cloud-init[1076]: ci-info: +--------+------+-----------------------------+---------------+--------+-------------------+
[   18.782993] cloud-init[1076]: ci-info: | Device |  Up  |           Address           |      Mask     | Scope  |     Hw-Address    |
[   18.783243] cloud-init[1076]: ci-info: +--------+------+-----------------------------+---------------+--------+-------------------+
         Starting iSCSI initiator daemon (iscsid)...
[   18.783502] cloud-init[1076]: ci-info: | enp0s3 | True |          10.0.2.15          | 255.255.255.0 | global | 02:d4:60:56:24:74 |
[   18.913099] cloud-init[1076]: ci-info: | enp0s3 | True |  fe80::d4:60ff:fe56:2474/64 |       .       |  link  | 02:d4:60:56:24:74 |
[[0;32m  OK  [0m] Reached target Cloud-config availability.
[[0;32m  OK  [0m] Reached target System Initialization.
[   18.913174] cloud-init[1076]: ci-info: | enp0s8 | True |         192.168.1.2         | 255.255.255.0 | global | 08:00:27:91:be:d3 |
[   19.104288] cloud-init[1076]: ci-info: | enp0s8 | True | fe80::a00:27ff:fe91:bed3/64 |       .       |  link  | 08:00:27:91:be:d3 |
[   19.104532] cloud-init[1076]: ci-info: |   lo   | True |          127.0.0.1          |   255.0.0.0   |  host  |         .         |
[[0;32m  OK  [0m] Started Daily apt download activities.
[[0;32m  OK  [0m] Started Daily apt upgrade and clean activities.
[   19.104646] cloud-init[1076]: ci-info: |   lo   | True |           ::1/128           |       .       |  host  |         .         |
[   19.352281] cloud-init[1076]: ci-info: +--------+------+-----------------------------+---------------+--------+-------------------+
[   19.352574] cloud-init[1076]: ci-info: ++++++++++++++++++++++++++++++Route IPv4 info++++++++++++++++++++++++++++++
[[0;32m  OK  [0m] Started ACPI Events Check.
[   19.352714] cloud-init[1076]: ci-info: +-------+-------------+---------------+---------------+-----------+-------+
[[   19.560632] [0;32m  OK  [0mcloud-init] [1076]: Reached target Paths.ci-info: | Route | Destination |    Gateway    |    Genmask    | Interface | Flags |

[   19.560712] cloud-init[1076]: ci-info: +-------+-------------+---------------+---------------+-----------+-------+
[   19.824344] cloud-init[1076]: ci-info: |   0   |   0.0.0.0   |    10.0.2.2   |    0.0.0.0    |   enp0s3  |   UG  |
[   19.872504] cloud-init[1076]: ci-info: |   1   |   10.0.2.0  |    0.0.0.0    | 255.255.255.0 |   enp0s3  |   U   |
[   20.004302] cloud-init[1076]: ci-info: |   2   | 192.168.0.0 | 192.168.1.254 |  255.255.0.0  |   enp0s8  |   UG  |
[   20.088333] cloud-init[1076]: ci-info: |   3   | 192.168.1.0 |    0.0.0.0    | 255.255.255.0 |   enp0s8  |   U   |
[   20.088629] cloud-init[1076]: ci-info: +-------+-------------+---------------+---------------+-----------+-------+
         Starting LXD - unix socket.
[[   20.089016] cloud-init[1076]: ci-info: +++++++++++++++++++Route IPv6 info+++++++++++++++++++
[   20.320725] cloud-init[1076]: ci-info: +-------+-------------+---------+-----------+-------+
[0;32m  OK  [0m] Started Daily Cleanup of Temporary Directories.
[   20.320838] cloud-init[1076]: ci-info: | Route | Destination | Gateway | Interface | Flags |
[   20.396806] [cloud-init[0;32m  OK  [0m[1076]: ] ci-info: +-------+-------------+---------+-----------+-------+Listening on UUID daemon activation socket.

[   20.397277] cloud-init[1076]: ci-info: |   0   |  fe80::/64  |    ::   |   enp0s3  |   U   |
[[0;32m  OK  [0m] Listening on ACPID Listen Socket.
[[   20.424047] cloud-init[1076]: ci-info: |   1   |  fe80::/64  |    ::   |   enp0s8  |   U   |
[   20.573030] cloud-init[1076]: ci-info: |   4   |   ff00::/8  |    ::   |   enp0s3  |   U   |
[0;32m  OK  [0m] Listening on D-Bus System Message Bus Socket.
[[0;32m  OK  [0m] Started Message of the Day.
[[0;32m  OK  [0m] Reached target Timers.
         Starting Socket activation for snappy daemon.
[   20.573117] cloud-init[1076]: ci-info: |   5   |   ff00::/8  |    ::   |   enp0s8  |   U   |
[   20.930378] cloud-init[1076]: ci-info: +-------+-------------+---------+-----------+-------+
[[0;32m  OK  [0m] Listening on LXD - unix socket.
[[0;32m  OK  [0m] Listening on Socket activation for snappy daemon.
[[0;32m  OK  [0m] Started iSCSI initiator daemon (iscsid).
         Starting Login to default iSCSI targets...
[[0;32m  OK  [0m] Reached target Sockets.
[[0;32m  OK  [0m] Reached target Basic System.
         Starting LSB: Record successful boot for GRUB...
         Starting LXD - container startup/shutdown...
[[0;32m  OK  [0m] Started FUSE filesystem for LXC.
[[0;32m  OK  [0m] Started ACPI event daemon.
[[0;32m  OK  [0m] Started Regular background program processing daemon.
         Starting LSB: MD monitoring daemon...
         Starting Login Service...
         Starting System Logging Service...
[[0;32m  OK  [0m] Started Deferred execution scheduler.
         Starting Accounts Service...
         Starting /etc/rc.local Compatibility...
         Starting Virtualbox guest utils...
         Starting OpenBSD Secure Shell server...
[[0;32m  OK  [0m] Started D-Bus System Message Bus.
         Starting Snap Daemon...
[[0;32m  OK  [0m] Started System Logging Service.
[[0;32m  OK  [0m] Started /etc/rc.local Compatibility.
[[0;32m  OK  [0m] Started Login Service.
         Starting Authenticate and Authorize Users to Run Privileged Tasks...
[[0;32m  OK  [0m] Started Unattended Upgrades Shutdown.
[[0;32m  OK  [0m] Started OpenBSD Secure Shell server.
[[0;32m  OK  [0m] Started LSB: Record successful boot for GRUB.
[[0;32m  OK  [0m] Started LXD - container startup/shutdown.
[[0;32m  OK  [0m] Started LSB: MD monitoring daemon.
[[0;32m  OK  [0m] Started Virtualbox guest utils.
[[0;32m  OK  [0m] Started Snap Daemon.
[[0;32m  OK  [0m] Started Login to default iSCSI targets.
[[0;32m  OK  [0m] Started Authenticate and Authorize Users to Run Privileged Tasks.
[[0;32m  OK  [0m] Started Accounts Service.
[[0;32m  OK  [0m] Reached target Remote File Systems (Pre).
[[0;32m  OK  [0m] Reached target Remote File Systems.
         Starting Permit User Sessions...
         Starting LSB: Set the CPU Frequency Scaling governor to "ondemand"...
         Starting LSB: daemon to balance interrupts for SMP systems...
         Starting LSB: automatic crash report generation...
         Starting Wait until snapd is fully seeded...
[[0;32m  OK  [0m] Started Permit User Sessions.
[[0;32m  OK  [0m] Started Wait until snapd is fully seeded.
         Starting Apply the settings specified in cloud-config...
         Starting Terminate Plymouth Boot Screen...
         Starting Hold until boot process finishes up...
[[0;32m  OK  [0m] Started LSB: Set the CPU Frequency Scaling governor to "ondemand".
[[0;32m  OK  [0m] Started LSB: daemon to balance interrupts for SMP systems.
[[0;32m  OK  [0m] Started LSB: automatic crash report generation.
[[0;32m  OK  [0m] Started Terminate Plymouth Boot Screen.
[[0;32m  OK  [0m] Started Hold until boot process finishes up.
[[0;32m  OK  [0m] Started Getty on tty1.
[[0;32m  OK  [0m] Started Serial Getty on ttyS0.
[[0;32m  OK  [0m] Reached target Login Prompts.
         Starting Set console scheme...
[[0;32m  OK  [0m] Reached target Multi-User System.
[[0;32m  OK  [0m] Reached target Graphical Interface.
         Starting Update UTMP about System Runlevel Changes...
[[0;32m  OK  [0m] Started Set console scheme.
[[0;32m  OK  [0m] Started Update UTMP about System Runlevel Changes.
[   23.384762] cloud-init[1312]: Cloud-init v. 20.2-45-g5f7825e2-0ubuntu1~16.04.1 running 'modules:config' at Tue, 28 Jul 2020 01:50:36 +0000. Up 23.30 seconds.
[[0;32m  OK  [0m] Started Apply the settings specified in cloud-config.
         Starting Execute cloud user/final scripts...
[   23.899113] cloud-init[1358]: Cloud-init v. 20.2-45-g5f7825e2-0ubuntu1~16.04.1 running 'modules:final' at Tue, 28 Jul 2020 01:50:37 +0000. Up 23.80 seconds.
[   23.956370] [cloud-init[0;32m  OK  [0m[1358]: ] Cloud-init v. 20.2-45-g5f7825e2-0ubuntu1~16.04.1 finished at Tue, 28 Jul 2020 01:50:37 +0000. Datasource DataSourceNoCloud [seed=/dev/sdb][dsmode=net].  Up 23.89 secondsStarted Execute cloud user/final scripts.

[[0;32m  OK  [0m] Reached target Cloud-init target.

Ubuntu 16.04.6 LTS client1 ttyS0

client1 login: 